Archive member included to satisfy reference by file (symbol)

/opt/homebrew/Cellar/arm-none-eabi-gcc/10.3-2021.07/gcc/bin/../lib/gcc/arm-none-eabi/10.3.1/../../../../arm-none-eabi/lib/thumb/v7e-m+fp/hard/libc_nano.a(lib_a-atof.o)
                              build/esp32.o (atof)
/opt/homebrew/Cellar/arm-none-eabi-gcc/10.3-2021.07/gcc/bin/../lib/gcc/arm-none-eabi/10.3.1/../../../../arm-none-eabi/lib/thumb/v7e-m+fp/hard/libc_nano.a(lib_a-atoi.o)
                              build/esp32.o (atoi)
/opt/homebrew/Cellar/arm-none-eabi-gcc/10.3-2021.07/gcc/bin/../lib/gcc/arm-none-eabi/10.3.1/../../../../arm-none-eabi/lib/thumb/v7e-m+fp/hard/libc_nano.a(lib_a-errno.o)
                              build/syscalls.o (__errno)
/opt/homebrew/Cellar/arm-none-eabi-gcc/10.3-2021.07/gcc/bin/../lib/gcc/arm-none-eabi/10.3.1/../../../../arm-none-eabi/lib/thumb/v7e-m+fp/hard/libc_nano.a(lib_a-exit.o)
                              /opt/homebrew/Cellar/arm-none-eabi-gcc/10.3-2021.07/gcc/bin/../lib/gcc/arm-none-eabi/10.3.1/../../../../arm-none-eabi/lib/thumb/v7e-m+fp/hard/crt0.o (exit)
/opt/homebrew/Cellar/arm-none-eabi-gcc/10.3-2021.07/gcc/bin/../lib/gcc/arm-none-eabi/10.3.1/../../../../arm-none-eabi/lib/thumb/v7e-m+fp/hard/libc_nano.a(lib_a-impure.o)
                              /opt/homebrew/Cellar/arm-none-eabi-gcc/10.3-2021.07/gcc/bin/../lib/gcc/arm-none-eabi/10.3.1/../../../../arm-none-eabi/lib/thumb/v7e-m+fp/hard/libc_nano.a(lib_a-exit.o) (_global_impure_ptr)
/opt/homebrew/Cellar/arm-none-eabi-gcc/10.3-2021.07/gcc/bin/../lib/gcc/arm-none-eabi/10.3.1/../../../../arm-none-eabi/lib/thumb/v7e-m+fp/hard/libc_nano.a(lib_a-init.o)
                              /opt/homebrew/Cellar/arm-none-eabi-gcc/10.3-2021.07/gcc/bin/../lib/gcc/arm-none-eabi/10.3.1/../../../../arm-none-eabi/lib/thumb/v7e-m+fp/hard/crt0.o (__libc_init_array)
/opt/homebrew/Cellar/arm-none-eabi-gcc/10.3-2021.07/gcc/bin/../lib/gcc/arm-none-eabi/10.3.1/../../../../arm-none-eabi/lib/thumb/v7e-m+fp/hard/libc_nano.a(lib_a-memcpy-stub.o)
                              build/esp32.o (memcpy)
/opt/homebrew/Cellar/arm-none-eabi-gcc/10.3-2021.07/gcc/bin/../lib/gcc/arm-none-eabi/10.3.1/../../../../arm-none-eabi/lib/thumb/v7e-m+fp/hard/libc_nano.a(lib_a-memset.o)
                              /opt/homebrew/Cellar/arm-none-eabi-gcc/10.3-2021.07/gcc/bin/../lib/gcc/arm-none-eabi/10.3.1/../../../../arm-none-eabi/lib/thumb/v7e-m+fp/hard/crt0.o (memset)
/opt/homebrew/Cellar/arm-none-eabi-gcc/10.3-2021.07/gcc/bin/../lib/gcc/arm-none-eabi/10.3.1/../../../../arm-none-eabi/lib/thumb/v7e-m+fp/hard/libc_nano.a(lib_a-printf.o)
                              build/ft6206.o (printf)
/opt/homebrew/Cellar/arm-none-eabi-gcc/10.3-2021.07/gcc/bin/../lib/gcc/arm-none-eabi/10.3.1/../../../../arm-none-eabi/lib/thumb/v7e-m+fp/hard/libc_nano.a(lib_a-puts.o)
                              build/main.o (puts)
/opt/homebrew/Cellar/arm-none-eabi-gcc/10.3-2021.07/gcc/bin/../lib/gcc/arm-none-eabi/10.3.1/../../../../arm-none-eabi/lib/thumb/v7e-m+fp/hard/libc_nano.a(lib_a-sprintf.o)
                              build/esp32.o (sprintf)
/opt/homebrew/Cellar/arm-none-eabi-gcc/10.3-2021.07/gcc/bin/../lib/gcc/arm-none-eabi/10.3.1/../../../../arm-none-eabi/lib/thumb/v7e-m+fp/hard/libc_nano.a(lib_a-sscanf.o)
                              build/esp32.o (sscanf)
/opt/homebrew/Cellar/arm-none-eabi-gcc/10.3-2021.07/gcc/bin/../lib/gcc/arm-none-eabi/10.3.1/../../../../arm-none-eabi/lib/thumb/v7e-m+fp/hard/libc_nano.a(lib_a-stdio.o)
                              /opt/homebrew/Cellar/arm-none-eabi-gcc/10.3-2021.07/gcc/bin/../lib/gcc/arm-none-eabi/10.3.1/../../../../arm-none-eabi/lib/thumb/v7e-m+fp/hard/libc_nano.a(lib_a-sscanf.o) (__seofread)
/opt/homebrew/Cellar/arm-none-eabi-gcc/10.3-2021.07/gcc/bin/../lib/gcc/arm-none-eabi/10.3.1/../../../../arm-none-eabi/lib/thumb/v7e-m+fp/hard/libc_nano.a(lib_a-strchr.o)
                              build/esp32.o (strchr)
/opt/homebrew/Cellar/arm-none-eabi-gcc/10.3-2021.07/gcc/bin/../lib/gcc/arm-none-eabi/10.3.1/../../../../arm-none-eabi/lib/thumb/v7e-m+fp/hard/libc_nano.a(lib_a-strcpy.o)
                              build/esp32.o (strcpy)
/opt/homebrew/Cellar/arm-none-eabi-gcc/10.3-2021.07/gcc/bin/../lib/gcc/arm-none-eabi/10.3.1/../../../../arm-none-eabi/lib/thumb/v7e-m+fp/hard/libc_nano.a(lib_a-strlen.o)
                              build/esp32.o (strlen)
/opt/homebrew/Cellar/arm-none-eabi-gcc/10.3-2021.07/gcc/bin/../lib/gcc/arm-none-eabi/10.3.1/../../../../arm-none-eabi/lib/thumb/v7e-m+fp/hard/libc_nano.a(lib_a-strncpy.o)
                              build/esp32.o (strncpy)
/opt/homebrew/Cellar/arm-none-eabi-gcc/10.3-2021.07/gcc/bin/../lib/gcc/arm-none-eabi/10.3.1/../../../../arm-none-eabi/lib/thumb/v7e-m+fp/hard/libc_nano.a(lib_a-strstr.o)
                              build/esp32.o (strstr)
/opt/homebrew/Cellar/arm-none-eabi-gcc/10.3-2021.07/gcc/bin/../lib/gcc/arm-none-eabi/10.3.1/../../../../arm-none-eabi/lib/thumb/v7e-m+fp/hard/libc_nano.a(lib_a-strtod.o)
[...]
Memory Configuration

Name             Origin             Length             Attributes
RAM              0x0000000020000000 0x0000000000010000 xrw
RAM2             0x0000000010000000 0x0000000000004000 xrw
FLASH            0x0000000008000000 0x0000000000040000 xr
*default*        0x0000000000000000 0xffffffffffffffff

Linker script and memory map

LOAD /opt/homebrew/Cellar/arm-none-eabi-gcc/10.3-2021.07/gcc/bin/../lib/gcc/arm-none-eabi/10.3.1/thumb/v7e-m+fp/hard/crti.o
LOAD /opt/homebrew/Cellar/arm-none-eabi-gcc/10.3-2021.07/gcc/bin/../lib/gcc/arm-none-eabi/10.3.1/thumb/v7e-m+fp/hard/crtbegin.o
LOAD /opt/homebrew/Cellar/arm-none-eabi-gcc/10.3-2021.07/gcc/bin/../lib/gcc/arm-none-eabi/10.3.1/../../../../arm-none-eabi/lib/thumb/v7e-m+fp/hard/crt0.o
LOAD build/dma.o
LOAD build/dwt_system.o
LOAD build/esp32.o
LOAD build/fonts.o
LOAD build/ft6206.o
LOAD build/gpio.o
LOAD build/graphics.o
LOAD build/i2c.o
LOAD build/ili9341.o
LOAD build/image_reader.o
LOAD build/main.o
LOAD build/spi.o
LOAD build/stm32l4xx_hal_msp.o
LOAD build/stm32l4xx_it.o
LOAD build/syscalls.o
LOAD build/system_stm32l4xx.o
LOAD build/usart.o
LOAD build/stm32l4xx_hal.o
LOAD build/stm32l4xx_hal_cortex.o
LOAD build/stm32l4xx_hal_dma.o
LOAD build/stm32l4xx_hal_dma_ex.o
LOAD build/stm32l4xx_hal_exti.o
LOAD build/stm32l4xx_hal_flash.o
LOAD build/stm32l4xx_hal_flash_ex.o
LOAD build/stm32l4xx_hal_flash_ramfunc.o
LOAD build/stm32l4xx_hal_gpio.o
LOAD build/stm32l4xx_hal_i2c.o
LOAD build/stm32l4xx_hal_i2c_ex.o
LOAD build/stm32l4xx_hal_pwr.o
LOAD build/stm32l4xx_hal_pwr_ex.o
LOAD build/stm32l4xx_hal_rcc.o
LOAD build/stm32l4xx_hal_rcc_ex.o
LOAD build/stm32l4xx_hal_tim.o
LOAD build/stm32l4xx_hal_tim_ex.o
LOAD build/stm32l4xx_ll_dma.o
LOAD build/stm32l4xx_ll_exti.o
LOAD build/stm32l4xx_ll_gpio.o
LOAD build/stm32l4xx_ll_i2c.o
LOAD build/stm32l4xx_ll_rcc.o
LOAD build/stm32l4xx_ll_spi.o
LOAD build/stm32l4xx_ll_usart.o
LOAD build/stm32l4xx_ll_utils.o
LOAD build/fatfs.o
LOAD build/user_diskio.o
LOAD build/user_diskio_spi.o
LOAD build/diskio.o
LOAD build/ff.o
LOAD build/ff_gen_drv.o
LOAD build/syscall.o
LOAD build/startup_stm32l432xx.o
LOAD /opt/homebrew/Cellar/arm-none-eabi-gcc/10.3-2021.07/gcc/bin/../lib/gcc/arm-none-eabi/10.3.1/../../../../arm-none-eabi/lib/thumb/v7e-m+fp/hard/libc_nano.a
LOAD /opt/homebrew/Cellar/arm-none-eabi-gcc/10.3-2021.07/gcc/bin/../lib/gcc/arm-none-eabi/10.3.1/../../../../arm-none-eabi/lib/thumb/v7e-m+fp/hard/libm.a
LOAD /opt/homebrew/Cellar/arm-none-eabi-gcc/10.3-2021.07/gcc/bin/../lib/gcc/arm-none-eabi/10.3.1/../../../../arm-none-eabi/lib/thumb/v7e-m+fp/hard/libnosys.a
START GROUP
LOAD /opt/homebrew/Cellar/arm-none-eabi-gcc/10.3-2021.07/gcc/bin/../lib/gcc/arm-none-eabi/10.3.1/thumb/v7e-m+fp/hard/libgcc.a
LOAD /opt/homebrew/Cellar/arm-none-eabi-gcc/10.3-2021.07/gcc/bin/../lib/gcc/arm-none-eabi/10.3.1/../../../../arm-none-eabi/lib/thumb/v7e-m+fp/hard/libc_nano.a
END GROUP
START GROUP
LOAD /opt/homebrew/Cellar/arm-none-eabi-gcc/10.3-2021.07/gcc/bin/../lib/gcc/arm-none-eabi/10.3.1/thumb/v7e-m+fp/hard/libgcc.a
LOAD /opt/homebrew/Cellar/arm-none-eabi-gcc/10.3-2021.07/gcc/bin/../lib/gcc/arm-none-eabi/10.3.1/../../../../arm-none-eabi/lib/thumb/v7e-m+fp/hard/libc_nano.a
END GROUP
LOAD /opt/homebrew/Cellar/arm-none-eabi-gcc/10.3-2021.07/gcc/bin/../lib/gcc/arm-none-eabi/10.3.1/thumb/v7e-m+fp/hard/crtend.o
LOAD /opt/homebrew/Cellar/arm-none-eabi-gcc/10.3-2021.07/gcc/bin/../lib/gcc/arm-none-eabi/10.3.1/thumb/v7e-m+fp/hard/crtn.o
                0x0000000020010000                _estack = (ORIGIN (RAM) + LENGTH (RAM))
                0x0000000000000200                _Min_Heap_Size = 0x200
                0x0000000000000400                _Min_Stack_Size = 0x400

.isr_vector     0x0000000008000000      0x190
                0x0000000008000000                . = ALIGN (0x8)
 *(.isr_vector)
 .isr_vector    0x0000000008000000      0x18c build/startup_stm32l432xx.o
                0x0000000008000000                g_pfnVectors
                0x0000000008000190                . = ALIGN (0x8)
 *fill*         0x000000000800018c        0x4 

.text           0x0000000008000190     0x45f8
                0x0000000008000190                . = ALIGN (0x8)
 *(.text)
 .text          0x0000000008000190       0x40 /opt/homebrew/Cellar/arm-none-eabi-gcc/10.3-2021.07/gcc/bin/../lib/gcc/arm-none-eabi/10.3.1/thumb/v7e-m+fp/hard/crtbegin.o
 .text          0x00000000080001d0       0x10 /opt/homebrew/Cellar/arm-none-eabi-gcc/10.3-2021.07/gcc/bin/../lib/gcc/arm-none-eabi/10.3.1/../../../../arm-none-eabi/lib/thumb/v7e-m+fp/hard/libc_nano.a(lib_a-strlen.o)
                0x00000000080001d0                strlen
 .text          0x00000000080001e0       0xa0 /opt/homebrew/Cellar/arm-none-eabi-gcc/10.3-2021.07/gcc/bin/../lib/gcc/arm-none-eabi/10.3.1/../../../../arm-none-eabi/lib/thumb/v7e-m+fp/hard/libc_nano.a(lib_a-memchr.o)
                0x00000000080001e0                memchr
 *(.text*)
 .text.MX_DMA_Init
                0x0000000008000280       0x74 build/dma.o
                0x0000000008000280                MX_DMA_Init
 .text.micros   0x00000000080002f4       0x40 build/dwt_system.o
                0x00000000080002f4                micros
 .text.delayMicroseconds
                0x0000000008000334       0x38 build/dwt_system.o
                0x0000000008000334                delayMicroseconds
 .text.delay    0x000000000800036c       0x16 build/dwt_system.o
                0x000000000800036c                delay
 *fill*         0x0000000008000382        0x2 
 .text.cycleCounterInit
                0x0000000008000384       0x3c build/dwt_system.o
                0x0000000008000384                cycleCounterInit
 .text.SysTick_Handler
                0x00000000080003c0       0x54 build/dwt_system.o
                0x00000000080003c0                SysTick_Handler
 .text.Wifi_SendRaw
                0x0000000008000414       0x2c build/esp32.o
                0x0000000008000414                Wifi_SendRaw
 .text.Wifi_SendString
                0x0000000008000440       0x12 build/esp32.o
                0x0000000008000440                Wifi_SendString
 *fill*         0x0000000008000452        0x2 
 .text.Wifi_WaitForString
                0x0000000008000454       0x98 build/esp32.o
                0x0000000008000454                Wifi_WaitForString
 .text.Wifi_RxClear
                0x00000000080004ec       0x20 build/esp32.o
                0x00000000080004ec                Wifi_RxClear
 .text.Wifi_TxClear
                0x000000000800050c       0x14 build/esp32.o
                0x000000000800050c                Wifi_TxClear
 .text.Wifi_RxCallBack
                0x0000000008000520       0x28 build/esp32.o
                0x0000000008000520                Wifi_RxCallBack
 .text.Wifi_Init
                0x0000000008000548       0x58 build/esp32.o
                0x0000000008000548                Wifi_Init
 .text.SNTP_SetTimeZone
                0x00000000080005a0       0xd4 build/esp32.o
                0x00000000080005a0                SNTP_SetTimeZone
 .text.SNTP_QueryTime
                0x0000000008000674       0xb0 build/esp32.o
                0x0000000008000674                SNTP_QueryTime
 .text.SNTP_Init
                0x0000000008000724       0x38 build/esp32.o
                0x0000000008000724                SNTP_Init
 .text.MQTT_SetUserConfig
                0x000000000800075c       0x74 build/esp32.o
                0x000000000800075c                MQTT_SetUserConfig
 .text.MQTT_Connect
                0x00000000080007d0       0x94 build/esp32.o
                0x00000000080007d0                MQTT_Connect
 .text.MQTT_GetConnection
                0x0000000008000864       0xd0 build/esp32.o
                0x0000000008000864                MQTT_GetConnection
 .text.MQTT_Init
                0x0000000008000934       0xac build/esp32.o
                0x0000000008000934                MQTT_Init
 .text.MQTT_Subscribe
                0x00000000080009e0       0x6c build/esp32.o
                0x00000000080009e0                MQTT_Subscribe
 .text.MQTT_Unsubscribe
                0x0000000008000a4c       0x6c build/esp32.o
                0x0000000008000a4c                MQTT_Unsubscribe
 .text.MQTT_ListenForMessage
                0x0000000008000ab8       0x74 build/esp32.o
                0x0000000008000ab8                MQTT_ListenForMessage
 .text.ft6206Init
                0x0000000008000b2c       0x8c build/ft6206.o
                0x0000000008000b2c                ft6206Init
 .text.EXTI9_5_IRQHandler
                0x0000000008000bb8       0x44 build/ft6206.o
                0x0000000008000bb8                EXTI9_5_IRQHandler
 .text.MX_GPIO_Init
                0x0000000008000bfc      0x148 build/gpio.o
                0x0000000008000bfc                MX_GPIO_Init
 .text.fillRect
                0x0000000008000d44       0x70 build/graphics.o
                0x0000000008000d44                fillRect
 .text.MX_I2C1_Init
                0x0000000008000db4      0x224 build/i2c.o
                0x0000000008000db4                MX_I2C1_Init
 .text.i2c1Write
                0x0000000008000fd8       0xa4 build/i2c.o
                0x0000000008000fd8                i2c1Write
 .text.i2c1Read
                0x000000000800107c      0x104 build/i2c.o
                0x000000000800107c                i2c1Read
 .text.DMA1_Channel6_IRQHandler
                0x0000000008001180       0x24 build/i2c.o
                0x0000000008001180                DMA1_Channel6_IRQHandler
 .text.DMA1_Channel7_IRQHandler
                0x00000000080011a4       0x24 build/i2c.o
                0x00000000080011a4                DMA1_Channel7_IRQHandler
 .text.ili9341WriteCommand
                0x00000000080011c8       0x38 build/ili9341.o
                0x00000000080011c8                ili9341WriteCommand
 .text.ili9341WriteData
                0x0000000008001200       0x2c build/ili9341.o
                0x0000000008001200                ili9341WriteData
 .text.ili9341SetAddress
                0x000000000800122c       0x5e build/ili9341.o
                0x000000000800122c                ili9341SetAddress
 *fill*         0x000000000800128a        0x2 
 .text.ili9341SetRotation
                0x000000000800128c       0xa8 build/ili9341.o
                0x000000000800128c                ili9341SetRotation
 .text.ili9341Init
                0x0000000008001334      0x1e8 build/ili9341.o
                0x0000000008001334                ili9341Init
 .text.ili9341DrawColorBurst
                0x000000000800151c       0x94 build/ili9341.o
                0x000000000800151c                ili9341DrawColorBurst
 .text.ili9341FillScreen
                0x00000000080015b0       0x34 build/ili9341.o
                0x00000000080015b0                ili9341FillScreen
 .text.ili9341DrawImage
                0x00000000080015e4       0x98 build/ili9341.o
                0x00000000080015e4                ili9341DrawImage
 .text.ledOn    0x000000000800167c       0x10 build/main.o
                0x000000000800167c                ledOn
 .text.Error_Handler
                0x000000000800168c        0x4 build/main.o
                0x000000000800168c                Error_Handler
 .text.SystemClock_Config
                0x0000000008001690       0xe0 build/main.o
                0x0000000008001690                SystemClock_Config
 .text.main     0x0000000008001770      0x224 build/main.o
                0x0000000008001770                main
 .text.transferCompleteCallback
                0x0000000008001994       0x24 build/spi.o
 .text.MX_SPI1_Init
                0x00000000080019b8      0x1bc build/spi.o
                0x00000000080019b8                MX_SPI1_Init
 .text.spi1Transfer
                0x0000000008001b74       0x6c build/spi.o
                0x0000000008001b74                spi1Transfer
 .text.DMA1_Channel2_IRQHandler
                0x0000000008001be0       0x24 build/spi.o
                0x0000000008001be0                DMA1_Channel2_IRQHandler
 .text.DMA1_Channel3_IRQHandler
                0x0000000008001c04       0x1c build/spi.o
                0x0000000008001c04                DMA1_Channel3_IRQHandler
 .text.NMI_Handler
                0x0000000008001c20        0x2 build/stm32l4xx_it.o
                0x0000000008001c20                NMI_Handler
 .text.HardFault_Handler
                0x0000000008001c22        0x2 build/stm32l4xx_it.o
                0x0000000008001c22                HardFault_Handler
 .text.MemManage_Handler
                0x0000000008001c24        0x2 build/stm32l4xx_it.o
                0x0000000008001c24                MemManage_Handler
 .text.BusFault_Handler
                0x0000000008001c26        0x2 build/stm32l4xx_it.o
                0x0000000008001c26                BusFault_Handler
 .text.UsageFault_Handler
                0x0000000008001c28        0x2 build/stm32l4xx_it.o
                0x0000000008001c28                UsageFault_Handler
 .text.SVC_Handler
                0x0000000008001c2a        0x2 build/stm32l4xx_it.o
                0x0000000008001c2a                SVC_Handler
 .text.DebugMon_Handler
                0x0000000008001c2c        0x2 build/stm32l4xx_it.o
                0x0000000008001c2c                DebugMon_Handler
 .text.PendSV_Handler
                0x0000000008001c2e        0x2 build/stm32l4xx_it.o
                0x0000000008001c2e                PendSV_Handler
 .text._read    0x0000000008001c30       0x20 build/syscalls.o
                0x0000000008001c30                _read
 .text._write   0x0000000008001c50       0x1c build/syscalls.o
                0x0000000008001c50                _write
 .text._close   0x0000000008001c6c        0x6 build/syscalls.o
                0x0000000008001c6c                _close
 .text._fstat   0x0000000008001c72        0xa build/syscalls.o
                0x0000000008001c72                _fstat
 .text._isatty  0x0000000008001c7c        0x4 build/syscalls.o
                0x0000000008001c7c                _isatty
 .text._lseek   0x0000000008001c80        0x4 build/syscalls.o
                0x0000000008001c80                _lseek
 .text.SystemInit
                0x0000000008001c84       0x14 build/system_stm32l4xx.o
                0x0000000008001c84                SystemInit
 .text.MX_USART1_UART_Init
                0x0000000008001c98      0x1d8 build/usart.o
                0x0000000008001c98                MX_USART1_UART_Init
 .text.MX_USART2_UART_Init
                0x0000000008001e70       0xc8 build/usart.o
                0x0000000008001e70                MX_USART2_UART_Init
 .text.serialWrite
                0x0000000008001f38       0x18 build/usart.o
                0x0000000008001f38                serialWrite
 .text.usart1TransmitDma
                0x0000000008001f50       0x54 build/usart.o
                0x0000000008001f50                usart1TransmitDma
 .text.usart1StartRxIt
                0x0000000008001fa4       0x10 build/usart.o
                0x0000000008001fa4                usart1StartRxIt
 .text.__io_putchar
                0x0000000008001fb4        0xe build/usart.o
                0x0000000008001fb4                __io_putchar
 *fill*         0x0000000008001fc2        0x2 
 .text.USART1_IRQHandler
                0x0000000008001fc4       0x54 build/usart.o
                0x0000000008001fc4                USART1_IRQHandler
 .text.DMA1_Channel4_IRQHandler
                0x0000000008002018       0x24 build/usart.o
                0x0000000008002018                DMA1_Channel4_IRQHandler
 .text.DMA1_Channel5_IRQHandler
                0x000000000800203c       0x24 build/usart.o
                0x000000000800203c                DMA1_Channel5_IRQHandler
 .text.HAL_InitTick
                0x0000000008002060       0x50 build/stm32l4xx_hal.o
                0x0000000008002060                HAL_InitTick
 .text.HAL_IncTick
                0x00000000080020b0       0x18 build/stm32l4xx_hal.o
                0x00000000080020b0                HAL_IncTick
 .text.HAL_NVIC_SetPriorityGrouping
                0x00000000080020c8       0x24 build/stm32l4xx_hal_cortex.o
                0x00000000080020c8                HAL_NVIC_SetPriorityGrouping
 .text.HAL_NVIC_SetPriority
                0x00000000080020ec       0x70 build/stm32l4xx_hal_cortex.o
                0x00000000080020ec                HAL_NVIC_SetPriority
 .text.HAL_SYSTICK_Config
                0x000000000800215c       0x28 build/stm32l4xx_hal_cortex.o
                0x000000000800215c                HAL_SYSTICK_Config
 .text.LL_EXTI_Init
                0x0000000008002184      0x19c build/stm32l4xx_ll_exti.o
                0x0000000008002184                LL_EXTI_Init
 .text.LL_GPIO_Init
                0x0000000008002320      0x17e build/stm32l4xx_ll_gpio.o
                0x0000000008002320                LL_GPIO_Init
 .text.LL_I2C_Init
                0x000000000800249e       0x70 build/stm32l4xx_ll_i2c.o
                0x000000000800249e                LL_I2C_Init
 *fill*         0x000000000800250e        0x2 
 .text.RCC_GetHCLKClockFreq
                0x0000000008002510       0x18 build/stm32l4xx_ll_rcc.o
 .text.RCC_GetPCLK1ClockFreq
                0x0000000008002528       0x18 build/stm32l4xx_ll_rcc.o
 .text.RCC_GetPCLK2ClockFreq
                0x0000000008002540       0x18 build/stm32l4xx_ll_rcc.o
 .text.RCC_PLL_GetFreqDomain_SYS
                0x0000000008002558       0xfc build/stm32l4xx_ll_rcc.o
 .text.RCC_GetSystemClockFreq
                0x0000000008002654       0xe8 build/stm32l4xx_ll_rcc.o
 .text.LL_RCC_GetUSARTClockFreq
                0x000000000800273c       0xc8 build/stm32l4xx_ll_rcc.o
                0x000000000800273c                LL_RCC_GetUSARTClockFreq
 .text.LL_SPI_Init
                0x0000000008002804       0x7a build/stm32l4xx_ll_spi.o
                0x0000000008002804                LL_SPI_Init
 *fill*         0x000000000800287e        0x2 
 .text.LL_USART_Init
                0x0000000008002880       0xac build/stm32l4xx_ll_usart.o
                0x0000000008002880                LL_USART_Init
 .text.LL_SetSystemCoreClock
                0x000000000800292c        0xc build/stm32l4xx_ll_utils.o
                0x000000000800292c                LL_SetSystemCoreClock
 .text.Reset_Handler
                0x0000000008002938       0x50 build/startup_stm32l432xx.o
                0x0000000008002938                Reset_Handler
 .text.Default_Handler
                0x0000000008002988        0x2 build/startup_stm32l432xx.o
                0x0000000008002988                TIM1_BRK_TIM15_IRQHandler
                0x0000000008002988                EXTI2_IRQHandler
                0x0000000008002988                TIM1_CC_IRQHandler
                0x0000000008002988                TSC_IRQHandler
                0x0000000008002988                TAMP_STAMP_IRQHandler
                0x0000000008002988                EXTI3_IRQHandler
                0x0000000008002988                LPTIM2_IRQHandler
                0x0000000008002988                I2C3_ER_IRQHandler
                0x0000000008002988                EXTI0_IRQHandler
                0x0000000008002988                CAN1_RX0_IRQHandler
                0x0000000008002988                FPU_IRQHandler
                0x0000000008002988                TIM1_UP_TIM16_IRQHandler
                0x0000000008002988                SPI1_IRQHandler
                0x0000000008002988                TIM6_DAC_IRQHandler
                0x0000000008002988                DMA2_Channel2_IRQHandler
                0x0000000008002988                ADC1_IRQHandler
                0x0000000008002988                CAN1_RX1_IRQHandler
                0x0000000008002988                DMA2_Channel1_IRQHandler
                0x0000000008002988                QUADSPI_IRQHandler
                0x0000000008002988                I2C1_EV_IRQHandler
                0x0000000008002988                DMA2_Channel4_IRQHandler
                0x0000000008002988                RCC_IRQHandler
                0x0000000008002988                TIM1_TRG_COM_IRQHandler
                0x0000000008002988                DMA1_Channel1_IRQHandler
                0x0000000008002988                Default_Handler
                0x0000000008002988                DMA2_Channel7_IRQHandler
                0x0000000008002988                EXTI15_10_IRQHandler
                0x0000000008002988                TIM7_IRQHandler
                0x0000000008002988                I2C3_EV_IRQHandler
                0x0000000008002988                USB_IRQHandler
                0x0000000008002988                RTC_WKUP_IRQHandler
                0x0000000008002988                PVD_PVM_IRQHandler
                0x0000000008002988                CAN1_TX_IRQHandler
                0x0000000008002988                DMA2_Channel5_IRQHandler
                0x0000000008002988                CRS_IRQHandler
                0x0000000008002988                EXTI4_IRQHandler
                0x0000000008002988                RNG_IRQHandler
                0x0000000008002988                COMP_IRQHandler
                0x0000000008002988                WWDG_IRQHandler
                0x0000000008002988                LPUART1_IRQHandler
                0x0000000008002988                DMA2_Channel6_IRQHandler
                0x0000000008002988                TIM2_IRQHandler
                0x0000000008002988                EXTI1_IRQHandler
                0x0000000008002988                USART2_IRQHandler
                0x0000000008002988                CAN1_SCE_IRQHandler
                0x0000000008002988                FLASH_IRQHandler
                0x0000000008002988                SPI3_IRQHandler
                0x0000000008002988                I2C1_ER_IRQHandler
                0x0000000008002988                SWPMI1_IRQHandler
                0x0000000008002988                LPTIM1_IRQHandler
                0x0000000008002988                SAI1_IRQHandler
                0x0000000008002988                DMA2_Channel3_IRQHandler
                0x0000000008002988                RTC_Alarm_IRQHandler
 *fill*         0x000000000800298a        0x2 
 .text.__errno  0x000000000800298c        0xc /opt/homebrew/Cellar/arm-none-eabi-gcc/10.3-2021.07/gcc/bin/../lib/gcc/arm-none-eabi/10.3.1/../../../../arm-none-eabi/lib/thumb/v7e-m+fp/hard/libc_nano.a(lib_a-errno.o)
                0x000000000800298c                __errno
 .text.__libc_init_array
                0x0000000008002998       0x48 /opt/homebrew/Cellar/arm-none-eabi-gcc/10.3-2021.07/gcc/bin/../lib/gcc/arm-none-eabi/10.3.1/../../../../arm-none-eabi/lib/thumb/v7e-m+fp/hard/libc_nano.a(lib_a-init.o)
                0x0000000008002998                __libc_init_array
 .text.memcpy   0x00000000080029e0       0x1c /opt/homebrew/Cellar/arm-none-eabi-gcc/10.3-2021.07/gcc/bin/../lib/gcc/arm-none-eabi/10.3.1/../../../../arm-none-eabi/lib/thumb/v7e-m+fp/hard/libc_nano.a(lib_a-memcpy-stub.o)
                0x00000000080029e0                memcpy
 .text.memset   0x00000000080029fc       0x10 /opt/homebrew/Cellar/arm-none-eabi-gcc/10.3-2021.07/gcc/bin/../lib/gcc/arm-none-eabi/10.3.1/../../../../arm-none-eabi/lib/thumb/v7e-m+fp/hard/libc_nano.a(lib_a-memset.o)
                0x00000000080029fc                memset
 .text.printf   0x0000000008002a0c       0x30 /opt/homebrew/Cellar/arm-none-eabi-gcc/10.3-2021.07/gcc/bin/../lib/gcc/arm-none-eabi/10.3.1/../../../../arm-none-eabi/lib/thumb/v7e-m+fp/hard/libc_nano.a(lib_a-printf.o)
                0x0000000008002a0c                printf
                0x0000000008002a0c                iprintf
 .text._puts_r  0x0000000008002a3c       0xdc /opt/homebrew/Cellar/arm-none-eabi-gcc/10.3-2021.07/gcc/bin/../lib/gcc/arm-none-eabi/10.3.1/../../../../arm-none-eabi/lib/thumb/v7e-m+fp/hard/libc_nano.a(lib_a-puts.o)
                0x0000000008002a3c                _puts_r
 .text.puts     0x0000000008002b18       0x10 /opt/homebrew/Cellar/arm-none-eabi-gcc/10.3-2021.07/gcc/bin/../lib/gcc/arm-none-eabi/10.3.1/../../../../arm-none-eabi/lib/thumb/v7e-m+fp/hard/libc_nano.a(lib_a-puts.o)
                0x0000000008002b18                puts
 .text.sprintf  0x0000000008002b28       0x40 /opt/homebrew/Cellar/arm-none-eabi-gcc/10.3-2021.07/gcc/bin/../lib/gcc/arm-none-eabi/10.3.1/../../../../arm-none-eabi/lib/thumb/v7e-m+fp/hard/libc_nano.a(lib_a-sprintf.o)
                0x0000000008002b28                sprintf
                0x0000000008002b28                siprintf
 .text.sscanf   0x0000000008002b68       0x58 /opt/homebrew/Cellar/arm-none-eabi-gcc/10.3-2021.07/gcc/bin/../lib/gcc/arm-none-eabi/10.3.1/../../../../arm-none-eabi/lib/thumb/v7e-m+fp/hard/libc_nano.a(lib_a-sscanf.o)
                0x0000000008002b68                sscanf
                0x0000000008002b68                siscanf
 .text.__sread  0x0000000008002bc0       0x22 /opt/homebrew/Cellar/arm-none-eabi-gcc/10.3-2021.07/gcc/bin/../lib/gcc/arm-none-eabi/10.3.1/../../../../arm-none-eabi/lib/thumb/v7e-m+fp/hard/libc_nano.a(lib_a-stdio.o)
                0x0000000008002bc0                __sread
 .text.__seofread
                0x0000000008002be2        0x4 /opt/homebrew/Cellar/arm-none-eabi-gcc/10.3-2021.07/gcc/bin/../lib/gcc/arm-none-eabi/10.3.1/../../../../arm-none-eabi/lib/thumb/v7e-m+fp/hard/libc_nano.a(lib_a-stdio.o)
                0x0000000008002be2                __seofread
 .text.__swrite
                0x0000000008002be6       0x38 /opt/homebrew/Cellar/arm-none-eabi-gcc/10.3-2021.07/gcc/bin/../lib/gcc/arm-none-eabi/10.3.1/../../../../arm-none-eabi/lib/thumb/v7e-m+fp/hard/libc_nano.a(lib_a-stdio.o)
                0x0000000008002be6                __swrite
 .text.__sseek  0x0000000008002c1e       0x24 /opt/homebrew/Cellar/arm-none-eabi-gcc/10.3-2021.07/gcc/bin/../lib/gcc/arm-none-eabi/10.3.1/../../../../arm-none-eabi/lib/thumb/v7e-m+fp/hard/libc_nano.a(lib_a-stdio.o)
                0x0000000008002c1e                __sseek
 .text.__sclose
                0x0000000008002c42        0x8 /opt/homebrew/Cellar/arm-none-eabi-gcc/10.3-2021.07/gcc/bin/../lib/gcc/arm-none-eabi/10.3.1/../../../../arm-none-eabi/lib/thumb/v7e-m+fp/hard/libc_nano.a(lib_a-stdio.o)
                0x0000000008002c42                __sclose
 .text.strstr   0x0000000008002c4a       0x2c /opt/homebrew/Cellar/arm-none-eabi-gcc/10.3-2021.07/gcc/bin/../lib/gcc/arm-none-eabi/10.3.1/../../../../arm-none-eabi/lib/thumb/v7e-m+fp/hard/libc_nano.a(lib_a-strstr.o)
                0x0000000008002c4a                strstr
 *fill*         0x0000000008002c76        0x2 
 .text._strtol_l.constprop.0
                0x0000000008002c78      0x104 /opt/homebrew/Cellar/arm-none-eabi-gcc/10.3-2021.07/gcc/bin/../lib/gcc/arm-none-eabi/10.3.1/../../../../arm-none-eabi/lib/thumb/v7e-m+fp/hard/libc_nano.a(lib_a-strtol.o)
 .text._strtol_r
                0x0000000008002d7c        0x4 /opt/homebrew/Cellar/arm-none-eabi-gcc/10.3-2021.07/gcc/bin/../lib/gcc/arm-none-eabi/10.3.1/../../../../arm-none-eabi/lib/thumb/v7e-m+fp/hard/libc_nano.a(lib_a-strtol.o)
                0x0000000008002d7c                _strtol_r
 .text.__swbuf_r
                0x0000000008002d80       0xa4 /opt/homebrew/Cellar/arm-none-eabi-gcc/10.3-2021.07/gcc/bin/../lib/gcc/arm-none-eabi/10.3.1/../../../../arm-none-eabi/lib/thumb/v7e-m+fp/hard/libc_nano.a(lib_a-wbuf.o)
                0x0000000008002d80                __swbuf_r
 .text._write_r
                0x0000000008002e24       0x24 /opt/homebrew/Cellar/arm-none-eabi-gcc/10.3-2021.07/gcc/bin/../lib/gcc/arm-none-eabi/10.3.1/../../../../arm-none-eabi/lib/thumb/v7e-m+fp/hard/libc_nano.a(lib_a-writer.o)
                0x0000000008002e24                _write_r
 .text.__swsetup_r
                0x0000000008002e48       0xdc /opt/homebrew/Cellar/arm-none-eabi-gcc/10.3-2021.07/gcc/bin/../lib/gcc/arm-none-eabi/10.3.1/../../../../arm-none-eabi/lib/thumb/v7e-m+fp/hard/libc_nano.a(lib_a-wsetup.o)
                0x0000000008002e48                __swsetup_r
 .text._close_r
                0x0000000008002f24       0x20 /opt/homebrew/Cellar/arm-none-eabi-gcc/10.3-2021.07/gcc/bin/../lib/gcc/arm-none-eabi/10.3.1/../../../../arm-none-eabi/lib/thumb/v7e-m+fp/hard/libc_nano.a(lib_a-closer.o)
                0x0000000008002f24                _close_r
 .text.__sflush_r
                0x0000000008002f44      0x10c /opt/homebrew/Cellar/arm-none-eabi-gcc/10.3-2021.07/gcc/bin/../lib/gcc/arm-none-eabi/10.3.1/../../../../arm-none-eabi/lib/thumb/v7e-m+fp/hard/libc_nano.a(lib_a-fflush.o)
                0x0000000008002f44                __sflush_r
 .text._fflush_r
                0x0000000008003050       0x78 /opt/homebrew/Cellar/arm-none-eabi-gcc/10.3-2021.07/gcc/bin/../lib/gcc/arm-none-eabi/10.3.1/../../../../arm-none-eabi/lib/thumb/v7e-m+fp/hard/libc_nano.a(lib_a-fflush.o)
                0x0000000008003050                _fflush_r
 .text.std      0x00000000080030c8       0x48 /opt/homebrew/Cellar/arm-none-eabi-gcc/10.3-2021.07/gcc/bin/../lib/gcc/arm-none-eabi/10.3.1/../../../../arm-none-eabi/lib/thumb/v7e-m+fp/hard/libc_nano.a(lib_a-findfp.o)
 .text._cleanup_r
                0x0000000008003110        0xc /opt/homebrew/Cellar/arm-none-eabi-gcc/10.3-2021.07/gcc/bin/../lib/gcc/arm-none-eabi/10.3.1/../../../../arm-none-eabi/lib/thumb/v7e-m+fp/hard/libc_nano.a(lib_a-findfp.o)
                0x0000000008003110                _cleanup_r
 .text.__sfmoreglue
                0x000000000800311c       0x2c /opt/homebrew/Cellar/arm-none-eabi-gcc/10.3-2021.07/gcc/bin/../lib/gcc/arm-none-eabi/10.3.1/../../../../arm-none-eabi/lib/thumb/v7e-m+fp/hard/libc_nano.a(lib_a-findfp.o)
                0x000000000800311c                __sfmoreglue
 .text.__sfp_lock_acquire
                0x0000000008003148        0xc /opt/homebrew/Cellar/arm-none-eabi-gcc/10.3-2021.07/gcc/bin/../lib/gcc/arm-none-eabi/10.3.1/../../../../arm-none-eabi/lib/thumb/v7e-m+fp/hard/libc_nano.a(lib_a-findfp.o)
                0x0000000008003148                __sfp_lock_acquire
 .text.__sfp_lock_release
                0x0000000008003154        0xc /opt/homebrew/Cellar/arm-none-eabi-gcc/10.3-2021.07/gcc/bin/../lib/gcc/arm-none-eabi/10.3.1/../../../../arm-none-eabi/lib/thumb/v7e-m+fp/hard/libc_nano.a(lib_a-findfp.o)
                0x0000000008003154                __sfp_lock_release
 .text.__sinit_lock_acquire
                0x0000000008003160        0xc /opt/homebrew/Cellar/arm-none-eabi-gcc/10.3-2021.07/gcc/bin/../lib/gcc/arm-none-eabi/10.3.1/../../../../arm-none-eabi/lib/thumb/v7e-m+fp/hard/libc_nano.a(lib_a-findfp.o)
                0x0000000008003160                __sinit_lock_acquire
 .text.__sinit_lock_release
                0x000000000800316c        0xc /opt/homebrew/Cellar/arm-none-eabi-gcc/10.3-2021.07/gcc/bin/../lib/gcc/arm-none-eabi/10.3.1/../../../../arm-none-eabi/lib/thumb/v7e-m+fp/hard/libc_nano.a(lib_a-findfp.o)
                0x000000000800316c                __sinit_lock_release
 .text.__sinit  0x0000000008003178       0x70 /opt/homebrew/Cellar/arm-none-eabi-gcc/10.3-2021.07/gcc/bin/../lib/gcc/arm-none-eabi/10.3.1/../../../../arm-none-eabi/lib/thumb/v7e-m+fp/hard/libc_nano.a(lib_a-findfp.o)
                0x0000000008003178                __sinit
 .text.__sfp    0x00000000080031e8       0x8c /opt/homebrew/Cellar/arm-none-eabi-gcc/10.3-2021.07/gcc/bin/../lib/gcc/arm-none-eabi/10.3.1/../../../../arm-none-eabi/lib/thumb/v7e-m+fp/hard/libc_nano.a(lib_a-findfp.o)
                0x00000000080031e8                __sfp
 .text._fwalk_reent
                0x0000000008003274       0x3e /opt/homebrew/Cellar/arm-none-eabi-gcc/10.3-2021.07/gcc/bin/../lib/gcc/arm-none-eabi/10.3.1/../../../../arm-none-eabi/lib/thumb/v7e-m+fp/hard/libc_nano.a(lib_a-fwalk.o)
                0x0000000008003274                _fwalk_reent
 .text.__retarget_lock_init_recursive
                0x00000000080032b2        0x2 /opt/homebrew/Cellar/arm-none-eabi-gcc/10.3-2021.07/gcc/bin/../lib/gcc/arm-none-eabi/10.3.1/../../../../arm-none-eabi/lib/thumb/v7e-m+fp/hard/libc_nano.a(lib_a-lock.o)
                0x00000000080032b2                __retarget_lock_init_recursive
 .text.__retarget_lock_acquire_recursive
                0x00000000080032b4        0x2 /opt/homebrew/Cellar/arm-none-eabi-gcc/10.3-2021.07/gcc/bin/../lib/gcc/arm-none-eabi/10.3.1/../../../../arm-none-eabi/lib/thumb/v7e-m+fp/hard/libc_nano.a(lib_a-lock.o)
                0x00000000080032b4                __retarget_lock_acquire_recursive
 .text.__retarget_lock_release_recursive
                0x00000000080032b6        0x2 /opt/homebrew/Cellar/arm-none-eabi-gcc/10.3-2021.07/gcc/bin/../lib/gcc/arm-none-eabi/10.3.1/../../../../arm-none-eabi/lib/thumb/v7e-m+fp/hard/libc_nano.a(lib_a-lock.o)
                0x00000000080032b6                __retarget_lock_release_recursive
 .text._lseek_r
                0x00000000080032b8       0x24 /opt/homebrew/Cellar/arm-none-eabi-gcc/10.3-2021.07/gcc/bin/../lib/gcc/arm-none-eabi/10.3.1/../../../../arm-none-eabi/lib/thumb/v7e-m+fp/hard/libc_nano.a(lib_a-lseekr.o)
                0x00000000080032b8                _lseek_r
 .text.__swhatbuf_r
                0x00000000080032dc       0x4a /opt/homebrew/Cellar/arm-none-eabi-gcc/10.3-2021.07/gcc/bin/../lib/gcc/arm-none-eabi/10.3.1/../../../../arm-none-eabi/lib/thumb/v7e-m+fp/hard/libc_nano.a(lib_a-makebuf.o)
                0x00000000080032dc                __swhatbuf_r
 *fill*         0x0000000008003326        0x2 
 .text.__smakebuf_r
                0x0000000008003328       0x80 /opt/homebrew/Cellar/arm-none-eabi-gcc/10.3-2021.07/gcc/bin/../lib/gcc/arm-none-eabi/10.3.1/../../../../arm-none-eabi/lib/thumb/v7e-m+fp/hard/libc_nano.a(lib_a-makebuf.o)
                0x0000000008003328                __smakebuf_r
 .text._free_r  0x00000000080033a8       0x98 /opt/homebrew/Cellar/arm-none-eabi-gcc/10.3-2021.07/gcc/bin/../lib/gcc/arm-none-eabi/10.3.1/../../../../arm-none-eabi/lib/thumb/v7e-m+fp/hard/libc_nano.a(lib_a-nano-freer.o)
                0x00000000080033a8                _free_r
 .text.sbrk_aligned
                0x0000000008003440       0x40 /opt/homebrew/Cellar/arm-none-eabi-gcc/10.3-2021.07/gcc/bin/../lib/gcc/arm-none-eabi/10.3.1/../../../../arm-none-eabi/lib/thumb/v7e-m+fp/hard/libc_nano.a(lib_a-nano-mallocr.o)
 .text._malloc_r
                0x0000000008003480       0xe8 /opt/homebrew/Cellar/arm-none-eabi-gcc/10.3-2021.07/gcc/bin/../lib/gcc/arm-none-eabi/10.3.1/../../../../arm-none-eabi/lib/thumb/v7e-m+fp/hard/libc_nano.a(lib_a-nano-mallocr.o)
                0x0000000008003480                _malloc_r
 .text.__ssputs_r
                0x0000000008003568       0xb6 /opt/homebrew/Cellar/arm-none-eabi-gcc/10.3-2021.07/gcc/bin/../lib/gcc/arm-none-eabi/10.3.1/../../../../arm-none-eabi/lib/thumb/v7e-m+fp/hard/libc_nano.a(lib_a-nano-svfprintf.o)
                0x0000000008003568                __ssputs_r
 *fill*         0x000000000800361e        0x2 
 .text._svfprintf_r
                0x0000000008003620      0x200 /opt/homebrew/Cellar/arm-none-eabi-gcc/10.3-2021.07/gcc/bin/../lib/gcc/arm-none-eabi/10.3.1/../../../../arm-none-eabi/lib/thumb/v7e-m+fp/hard/libc_nano.a(lib_a-nano-svfprintf.o)
                0x0000000008003620                _svfprintf_r
                0x0000000008003620                _svfiprintf_r
 .text._sungetc_r
                0x0000000008003820       0x7a /opt/homebrew/Cellar/arm-none-eabi-gcc/10.3-2021.07/gcc/bin/../lib/gcc/arm-none-eabi/10.3.1/../../../../arm-none-eabi/lib/thumb/v7e-m+fp/hard/libc_nano.a(lib_a-nano-svfscanf.o)
                0x0000000008003820                _sungetc_r
 .text.__ssrefill_r
                0x000000000800389a       0x3a /opt/homebrew/Cellar/arm-none-eabi-gcc/10.3-2021.07/gcc/bin/../lib/gcc/arm-none-eabi/10.3.1/../../../../arm-none-eabi/lib/thumb/v7e-m+fp/hard/libc_nano.a(lib_a-nano-svfscanf.o)
                0x000000000800389a                __ssrefill_r
 .text.__ssvfscanf_r
                0x00000000080038d4      0x2f0 /opt/homebrew/Cellar/arm-none-eabi-gcc/10.3-2021.07/gcc/bin/../lib/gcc/arm-none-eabi/10.3.1/../../../../arm-none-eabi/lib/thumb/v7e-m+fp/hard/libc_nano.a(lib_a-nano-svfscanf.o)
                0x00000000080038d4                __ssvfscanf_r
                0x00000000080038d4                __ssvfiscanf_r
 .text.__sfputc_r
                0x0000000008003bc4       0x2e /opt/homebrew/Cellar/arm-none-eabi-gcc/10.3-2021.07/gcc/bin/../lib/gcc/arm-none-eabi/10.3.1/../../../../arm-none-eabi/lib/thumb/v7e-m+fp/hard/libc_nano.a(lib_a-nano-vfprintf.o)
 .text.__sfputs_r
                0x0000000008003bf2       0x24 /opt/homebrew/Cellar/arm-none-eabi-gcc/10.3-2021.07/gcc/bin/../lib/gcc/arm-none-eabi/10.3.1/../../../../arm-none-eabi/lib/thumb/v7e-m+fp/hard/libc_nano.a(lib_a-nano-vfprintf.o)
                0x0000000008003bf2                __sfputs_r
 *fill*         0x0000000008003c16        0x2 
 .text._vfprintf_r
                0x0000000008003c18      0x260 /opt/homebrew/Cellar/arm-none-eabi-gcc/10.3-2021.07/gcc/bin/../lib/gcc/arm-none-eabi/10.3.1/../../../../arm-none-eabi/lib/thumb/v7e-m+fp/hard/libc_nano.a(lib_a-nano-vfprintf.o)
                0x0000000008003c18                _vfiprintf_r
                0x0000000008003c18                _vfprintf_r
 .text._printf_common
                0x0000000008003e78       0xda /opt/homebrew/Cellar/arm-none-eabi-gcc/10.3-2021.07/gcc/bin/../lib/gcc/arm-none-eabi/10.3.1/../../../../arm-none-eabi/lib/thumb/v7e-m+fp/hard/libc_nano.a(lib_a-nano-vfprintf_i.o)
                0x0000000008003e78                _printf_common
 *fill*         0x0000000008003f52        0x2 
 .text._printf_i
                0x0000000008003f54      0x24c /opt/homebrew/Cellar/arm-none-eabi-gcc/10.3-2021.07/gcc/bin/../lib/gcc/arm-none-eabi/10.3.1/../../../../arm-none-eabi/lib/thumb/v7e-m+fp/hard/libc_nano.a(lib_a-nano-vfprintf_i.o)
                0x0000000008003f54                _printf_i
 .text._scanf_chars
                0x00000000080041a0       0xb4 /opt/homebrew/Cellar/arm-none-eabi-gcc/10.3-2021.07/gcc/bin/../lib/gcc/arm-none-eabi/10.3.1/../../../../arm-none-eabi/lib/thumb/v7e-m+fp/hard/libc_nano.a(lib_a-nano-vfscanf_i.o)
                0x00000000080041a0                _scanf_chars
 .text._scanf_i
                0x0000000008004254      0x1f0 /opt/homebrew/Cellar/arm-none-eabi-gcc/10.3-2021.07/gcc/bin/../lib/gcc/arm-none-eabi/10.3.1/../../../../arm-none-eabi/lib/thumb/v7e-m+fp/hard/libc_nano.a(lib_a-nano-vfscanf_i.o)
                0x0000000008004254                _scanf_i
 .text._read_r  0x0000000008004444       0x24 /opt/homebrew/Cellar/arm-none-eabi-gcc/10.3-2021.07/gcc/bin/../lib/gcc/arm-none-eabi/10.3.1/../../../../arm-none-eabi/lib/thumb/v7e-m+fp/hard/libc_nano.a(lib_a-readr.o)
                0x0000000008004444                _read_r
 .text._sbrk_r  0x0000000008004468       0x20 /opt/homebrew/Cellar/arm-none-eabi-gcc/10.3-2021.07/gcc/bin/../lib/gcc/arm-none-eabi/10.3.1/../../../../arm-none-eabi/lib/thumb/v7e-m+fp/hard/libc_nano.a(lib_a-sbrkr.o)
                0x0000000008004468                _sbrk_r
 .text.__sccl   0x0000000008004488       0x70 /opt/homebrew/Cellar/arm-none-eabi-gcc/10.3-2021.07/gcc/bin/../lib/gcc/arm-none-eabi/10.3.1/../../../../arm-none-eabi/lib/thumb/v7e-m+fp/hard/libc_nano.a(lib_a-sccl.o)
                0x0000000008004488                __sccl
 .text._strtoul_l.constprop.0
                0x00000000080044f8       0xe4 /opt/homebrew/Cellar/arm-none-eabi-gcc/10.3-2021.07/gcc/bin/../lib/gcc/arm-none-eabi/10.3.1/../../../../arm-none-eabi/lib/thumb/v7e-m+fp/hard/libc_nano.a(lib_a-strtoul.o)
 .text._strtoul_r
                0x00000000080045dc        0x4 /opt/homebrew/Cellar/arm-none-eabi-gcc/10.3-2021.07/gcc/bin/../lib/gcc/arm-none-eabi/10.3.1/../../../../arm-none-eabi/lib/thumb/v7e-m+fp/hard/libc_nano.a(lib_a-strtoul.o)
                0x00000000080045dc                _strtoul_r
 .text.__submore
                0x00000000080045e0       0x74 /opt/homebrew/Cellar/arm-none-eabi-gcc/10.3-2021.07/gcc/bin/../lib/gcc/arm-none-eabi/10.3.1/../../../../arm-none-eabi/lib/thumb/v7e-m+fp/hard/libc_nano.a(lib_a-ungetc.o)
                0x00000000080045e0                __submore
 .text._fstat_r
                0x0000000008004654       0x24 /opt/homebrew/Cellar/arm-none-eabi-gcc/10.3-2021.07/gcc/bin/../lib/gcc/arm-none-eabi/10.3.1/../../../../arm-none-eabi/lib/thumb/v7e-m+fp/hard/libc_nano.a(lib_a-fstatr.o)
                0x0000000008004654                _fstat_r
 .text._isatty_r
                0x0000000008004678       0x20 /opt/homebrew/Cellar/arm-none-eabi-gcc/10.3-2021.07/gcc/bin/../lib/gcc/arm-none-eabi/10.3.1/../../../../arm-none-eabi/lib/thumb/v7e-m+fp/hard/libc_nano.a(lib_a-isattyr.o)
                0x0000000008004678                _isatty_r
 .text.memmove  0x0000000008004698       0x34 /opt/homebrew/Cellar/arm-none-eabi-gcc/10.3-2021.07/gcc/bin/../lib/gcc/arm-none-eabi/10.3.1/../../../../arm-none-eabi/lib/thumb/v7e-m+fp/hard/libc_nano.a(lib_a-memmove.o)
                0x0000000008004698                memmove
 .text.__malloc_lock
                0x00000000080046cc        0xc /opt/homebrew/Cellar/arm-none-eabi-gcc/10.3-2021.07/gcc/bin/../lib/gcc/arm-none-eabi/10.3.1/../../../../arm-none-eabi/lib/thumb/v7e-m+fp/hard/libc_nano.a(lib_a-mlock.o)
                0x00000000080046cc                __malloc_lock
 .text.__malloc_unlock
                0x00000000080046d8        0xc /opt/homebrew/Cellar/arm-none-eabi-gcc/10.3-2021.07/gcc/bin/../lib/gcc/arm-none-eabi/10.3.1/../../../../arm-none-eabi/lib/thumb/v7e-m+fp/hard/libc_nano.a(lib_a-mlock.o)
                0x00000000080046d8                __malloc_unlock
 .text._realloc_r
                0x00000000080046e4       0x5e /opt/homebrew/Cellar/arm-none-eabi-gcc/10.3-2021.07/gcc/bin/../lib/gcc/arm-none-eabi/10.3.1/../../../../arm-none-eabi/lib/thumb/v7e-m+fp/hard/libc_nano.a(lib_a-nano-reallocr.o)
                0x00000000080046e4                _realloc_r
 .text._malloc_usable_size_r
                0x0000000008004742       0x10 /opt/homebrew/Cellar/arm-none-eabi-gcc/10.3-2021.07/gcc/bin/../lib/gcc/arm-none-eabi/10.3.1/../../../../arm-none-eabi/lib/thumb/v7e-m+fp/hard/libc_nano.a(lib_a-nano-msizer.o)
                0x0000000008004742                _malloc_usable_size_r
 *fill*         0x0000000008004752        0x2 
 .text._sbrk    0x0000000008004754       0x1c /opt/homebrew/Cellar/arm-none-eabi-gcc/10.3-2021.07/gcc/bin/../lib/gcc/arm-none-eabi/10.3.1/../../../../arm-none-eabi/lib/thumb/v7e-m+fp/hard/libnosys.a(sbrk.o)
                0x0000000008004754                _sbrk
 *(.glue_7)
 .glue_7        0x0000000008004770        0x0 linker stubs
 *(.glue_7t)
 .glue_7t       0x0000000008004770        0x0 linker stubs
 *(.eh_frame)
 .eh_frame      0x0000000008004770        0x0 /opt/homebrew/Cellar/arm-none-eabi-gcc/10.3-2021.07/gcc/bin/../lib/gcc/arm-none-eabi/10.3.1/thumb/v7e-m+fp/hard/crtbegin.o
 *(.init)
 .init          0x0000000008004770        0x4 /opt/homebrew/Cellar/arm-none-eabi-gcc/10.3-2021.07/gcc/bin/../lib/gcc/arm-none-eabi/10.3.1/thumb/v7e-m+fp/hard/crti.o
                0x0000000008004770                _init
 .init          0x0000000008004774        0x8 /opt/homebrew/Cellar/arm-none-eabi-gcc/10.3-2021.07/gcc/bin/../lib/gcc/arm-none-eabi/10.3.1/thumb/v7e-m+fp/hard/crtn.o
 *(.fini)
 .fini          0x000000000800477c        0x4 /opt/homebrew/Cellar/arm-none-eabi-gcc/10.3-2021.07/gcc/bin/../lib/gcc/arm-none-eabi/10.3.1/thumb/v7e-m+fp/hard/crti.o
                0x000000000800477c                _fini
 .fini          0x0000000008004780        0x8 /opt/homebrew/Cellar/arm-none-eabi-gcc/10.3-2021.07/gcc/bin/../lib/gcc/arm-none-eabi/10.3.1/thumb/v7e-m+fp/hard/crtn.o
                0x0000000008004788                . = ALIGN (0x8)
                0x0000000008004788                _etext = .

.vfp11_veneer   0x0000000008004788        0x0
 .vfp11_veneer  0x0000000008004788        0x0 linker stubs

.v4_bx          0x0000000008004788        0x0
 .v4_bx         0x0000000008004788        0x0 linker stubs

.iplt           0x0000000008004788        0x0
 .iplt          0x0000000008004788        0x0 /opt/homebrew/Cellar/arm-none-eabi-gcc/10.3-2021.07/gcc/bin/../lib/gcc/arm-none-eabi/10.3.1/thumb/v7e-m+fp/hard/crtbegin.o

.rodata         0x0000000008004788    0x25d10
                0x0000000008004788                . = ALIGN (0x8)
 *(.rodata)
 .rodata        0x0000000008004788       0x1f build/ili9341.o
 *fill*         0x00000000080047a7        0x1 
 .rodata        0x00000000080047a8        0xc /opt/homebrew/Cellar/arm-none-eabi-gcc/10.3-2021.07/gcc/bin/../lib/gcc/arm-none-eabi/10.3.1/../../../../arm-none-eabi/lib/thumb/v7e-m+fp/hard/libc_nano.a(lib_a-nano-vfscanf_i.o)
 *(.rodata*)
 .rodata.Wifi_Init.str1.4
                0x00000000080047b4       0x12 build/esp32.o
 *fill*         0x00000000080047c6        0x2 
 .rodata.SNTP_SetTimeZone.str1.4
                0x00000000080047c8       0x72 build/esp32.o
 *fill*         0x000000000800483a        0x2 
 .rodata.SNTP_QueryTime.str1.4
                0x000000000800483c       0x46 build/esp32.o
 *fill*         0x0000000008004882        0x2 
 .rodata.SNTP_Init.str1.4
                0x0000000008004884        0xd build/esp32.o
 *fill*         0x0000000008004891        0x3 
 .rodata.MQTT_SetUserConfig.str1.4
                0x0000000008004894       0x2f build/esp32.o
 *fill*         0x00000000080048c3        0x1 
 .rodata.MQTT_Connect.str1.4
                0x00000000080048c4       0x2b build/esp32.o
 *fill*         0x00000000080048ef        0x1 
 .rodata.MQTT_GetConnection.str1.4
                0x00000000080048f0       0x41 build/esp32.o
 *fill*         0x0000000008004931        0x3 
 .rodata.MQTT_Init.str1.4
                0x0000000008004934       0x4a build/esp32.o
 *fill*         0x000000000800497e        0x2 
 .rodata.MQTT_Subscribe.str1.4
                0x0000000008004980       0x17 build/esp32.o
 *fill*         0x0000000008004997        0x1 
 .rodata.MQTT_Unsubscribe.str1.4
                0x0000000008004998       0x17 build/esp32.o
 *fill*         0x00000000080049af        0x1 
 .rodata.MQTT_WaitForMessage.str1.4
                0x00000000080049b0       0x30 build/esp32.o
 .rodata.ft6206Init.str1.4
                0x00000000080049e0        0xe build/ft6206.o
 *fill*         0x00000000080049ee        0x2 
 .rodata.ili9341Init.str1.4
                0x00000000080049f0       0x13 build/ili9341.o
 *fill*         0x0000000008004a03        0x1 
 .rodata.main.str1.4
                0x0000000008004a04       0x90 build/main.o
 .rodata.nellie
                0x0000000008004a94    0x25800 build/main.o
                0x0000000008004a94                nellie
 .rodata.AHBPrescTable
                0x000000000802a294       0x10 build/system_stm32l4xx.o
                0x000000000802a294                AHBPrescTable
 .rodata.APBPrescTable
                0x000000000802a2a4        0x8 build/system_stm32l4xx.o
                0x000000000802a2a4                APBPrescTable
 .rodata.MSIRangeTable
                0x000000000802a2ac       0x30 build/system_stm32l4xx.o
                0x000000000802a2ac                MSIRangeTable
 .rodata._global_impure_ptr
                0x000000000802a2dc        0x4 /opt/homebrew/Cellar/arm-none-eabi-gcc/10.3-2021.07/gcc/bin/../lib/gcc/arm-none-eabi/10.3.1/../../../../arm-none-eabi/lib/thumb/v7e-m+fp/hard/libc_nano.a(lib_a-impure.o)
                0x000000000802a2dc                _global_impure_ptr
 .rodata._ctype_
                0x000000000802a2e0      0x101 /opt/homebrew/Cellar/arm-none-eabi-gcc/10.3-2021.07/gcc/bin/../lib/gcc/arm-none-eabi/10.3.1/../../../../arm-none-eabi/lib/thumb/v7e-m+fp/hard/libc_nano.a(lib_a-ctype_.o)
                0x000000000802a2e0                _ctype_
 *fill*         0x000000000802a3e1        0x3 
 .rodata.__sf_fake_stderr
                0x000000000802a3e4       0x20 /opt/homebrew/Cellar/arm-none-eabi-gcc/10.3-2021.07/gcc/bin/../lib/gcc/arm-none-eabi/10.3.1/../../../../arm-none-eabi/lib/thumb/v7e-m+fp/hard/libc_nano.a(lib_a-findfp.o)
                0x000000000802a3e4                __sf_fake_stderr
 .rodata.__sf_fake_stdin
                0x000000000802a404       0x20 /opt/homebrew/Cellar/arm-none-eabi-gcc/10.3-2021.07/gcc/bin/../lib/gcc/arm-none-eabi/10.3.1/../../../../arm-none-eabi/lib/thumb/v7e-m+fp/hard/libc_nano.a(lib_a-findfp.o)
                0x000000000802a404                __sf_fake_stdin
 .rodata.__sf_fake_stdout
                0x000000000802a424       0x20 /opt/homebrew/Cellar/arm-none-eabi-gcc/10.3-2021.07/gcc/bin/../lib/gcc/arm-none-eabi/10.3.1/../../../../arm-none-eabi/lib/thumb/v7e-m+fp/hard/libc_nano.a(lib_a-findfp.o)
                0x000000000802a424                __sf_fake_stdout
 .rodata._svfprintf_r.str1.1
                0x000000000802a444       0x11 /opt/homebrew/Cellar/arm-none-eabi-gcc/10.3-2021.07/gcc/bin/../lib/gcc/arm-none-eabi/10.3.1/../../../../arm-none-eabi/lib/thumb/v7e-m+fp/hard/libc_nano.a(lib_a-nano-svfprintf.o)
 .rodata.__ssvfscanf_r.str1.1
                0x000000000802a455        0x4 /opt/homebrew/Cellar/arm-none-eabi-gcc/10.3-2021.07/gcc/bin/../lib/gcc/arm-none-eabi/10.3.1/../../../../arm-none-eabi/lib/thumb/v7e-m+fp/hard/libc_nano.a(lib_a-nano-svfscanf.o)
 .rodata._vfprintf_r.str1.1
                0x000000000802a455       0x11 /opt/homebrew/Cellar/arm-none-eabi-gcc/10.3-2021.07/gcc/bin/../lib/gcc/arm-none-eabi/10.3.1/../../../../arm-none-eabi/lib/thumb/v7e-m+fp/hard/libc_nano.a(lib_a-nano-vfprintf.o)
 .rodata._printf_i.str1.1
                0x000000000802a455       0x22 /opt/homebrew/Cellar/arm-none-eabi-gcc/10.3-2021.07/gcc/bin/../lib/gcc/arm-none-eabi/10.3.1/../../../../arm-none-eabi/lib/thumb/v7e-m+fp/hard/libc_nano.a(lib_a-nano-vfprintf_i.o)
 .rodata.str1.1
                0x000000000802a477        0x9 /opt/homebrew/Cellar/arm-none-eabi-gcc/10.3-2021.07/gcc/bin/../lib/gcc/arm-none-eabi/10.3.1/../../../../arm-none-eabi/lib/thumb/v7e-m+fp/hard/libc_nano.a(lib_a-nano-vfscanf_i.o)
 .rodata._scanf_i.str1.1
                0x000000000802a480       0x12 /opt/homebrew/Cellar/arm-none-eabi-gcc/10.3-2021.07/gcc/bin/../lib/gcc/arm-none-eabi/10.3.1/../../../../arm-none-eabi/lib/thumb/v7e-m+fp/hard/libc_nano.a(lib_a-nano-vfscanf_i.o)
                0x000000000802a498                . = ALIGN (0x8)
 *fill*         0x000000000802a492        0x6 

.rel.dyn        0x000000000802a498        0x0
 .rel.iplt      0x000000000802a498        0x0 /opt/homebrew/Cellar/arm-none-eabi-gcc/10.3-2021.07/gcc/bin/../lib/gcc/arm-none-eabi/10.3.1/thumb/v7e-m+fp/hard/crtbegin.o

.ARM.extab      0x000000000802a498        0x0
                0x000000000802a498                . = ALIGN (0x8)
 *(.ARM.extab* .gnu.linkonce.armextab.*)
                0x000000000802a498                . = ALIGN (0x8)

.ARM            0x000000000802a498        0x0
                0x000000000802a498                . = ALIGN (0x8)
                0x000000000802a498                __exidx_start = .
 *(.ARM.exidx*)
                0x000000000802a498                __exidx_end = .
                0x000000000802a498                . = ALIGN (0x8)

.preinit_array  0x000000000802a498        0x0
                0x000000000802a498                . = ALIGN (0x8)
                0x000000000802a498                PROVIDE (__preinit_array_start = .)
 *(.preinit_array*)
                0x000000000802a498                PROVIDE (__preinit_array_end = .)
                0x000000000802a498                . = ALIGN (0x8)

.init_array     0x000000000802a498        0x8
                0x000000000802a498                . = ALIGN (0x8)
                0x000000000802a498                PROVIDE (__init_array_start = .)
 *(SORT_BY_NAME(.init_array.*))
 *(.init_array*)
 .init_array    0x000000000802a498        0x4 /opt/homebrew/Cellar/arm-none-eabi-gcc/10.3-2021.07/gcc/bin/../lib/gcc/arm-none-eabi/10.3.1/thumb/v7e-m+fp/hard/crtbegin.o
                0x000000000802a49c                PROVIDE (__init_array_end = .)
                0x000000000802a4a0                . = ALIGN (0x8)
 *fill*         0x000000000802a49c        0x4 

.fini_array     0x000000000802a4a0        0x8
                0x000000000802a4a0                . = ALIGN (0x8)
                [!provide]                        PROVIDE (__fini_array_start = .)
 *(SORT_BY_NAME(.fini_array.*))
 *(.fini_array*)
 .fini_array    0x000000000802a4a0        0x4 /opt/homebrew/Cellar/arm-none-eabi-gcc/10.3-2021.07/gcc/bin/../lib/gcc/arm-none-eabi/10.3.1/thumb/v7e-m+fp/hard/crtbegin.o
                [!provide]                        PROVIDE (__fini_array_end = .)
                0x000000000802a4a8                . = ALIGN (0x8)
 *fill*         0x000000000802a4a4        0x4 
                0x000000000802a4a8                _sidata = LOADADDR (.data)

.data           0x0000000020000000       0x78 load address 0x000000000802a4a8
                0x0000000020000000                . = ALIGN (0x8)
                0x0000000020000000                _sdata = .
 *(.data)
 *(.data*)
 .data._lcd_height
                0x0000000020000000        0x2 build/ili9341.o
                0x0000000020000000                _lcd_height
 .data._lcd_width
                0x0000000020000002        0x2 build/ili9341.o
                0x0000000020000002                _lcd_width
 .data.SystemCoreClock
                0x0000000020000004        0x4 build/system_stm32l4xx.o
                0x0000000020000004                SystemCoreClock
 .data.uwTickFreq
                0x0000000020000008        0x1 build/stm32l4xx_hal.o
                0x0000000020000008                uwTickFreq
 *fill*         0x0000000020000009        0x3 
 .data.uwTickPrio
                0x000000002000000c        0x4 build/stm32l4xx_hal.o
                0x000000002000000c                uwTickPrio
 .data._impure_ptr
                0x0000000020000010        0x4 /opt/homebrew/Cellar/arm-none-eabi-gcc/10.3-2021.07/gcc/bin/../lib/gcc/arm-none-eabi/10.3.1/../../../../arm-none-eabi/lib/thumb/v7e-m+fp/hard/libc_nano.a(lib_a-impure.o)
                0x0000000020000010                _impure_ptr
 .data.impure_data
                0x0000000020000014       0x60 /opt/homebrew/Cellar/arm-none-eabi-gcc/10.3-2021.07/gcc/bin/../lib/gcc/arm-none-eabi/10.3.1/../../../../arm-none-eabi/lib/thumb/v7e-m+fp/hard/libc_nano.a(lib_a-impure.o)
                0x0000000020000078                . = ALIGN (0x8)
 *fill*         0x0000000020000074        0x4 
                0x0000000020000078                _edata = .

.igot.plt       0x0000000020000078        0x0 load address 0x000000000802a520
 .igot.plt      0x0000000020000078        0x0 /opt/homebrew/Cellar/arm-none-eabi-gcc/10.3-2021.07/gcc/bin/../lib/gcc/arm-none-eabi/10.3.1/thumb/v7e-m+fp/hard/crtbegin.o
                0x0000000020000078                . = ALIGN (0x4)

.bss            0x0000000020000078      0xa54 load address 0x000000000802a520
                0x0000000020000078                _sbss = .
                0x0000000020000078                __bss_start__ = _sbss
 *(.bss)
 .bss           0x0000000020000078       0x1c /opt/homebrew/Cellar/arm-none-eabi-gcc/10.3-2021.07/gcc/bin/../lib/gcc/arm-none-eabi/10.3.1/thumb/v7e-m+fp/hard/crtbegin.o
 *(.bss*)
 .bss.frame100Hz
                0x0000000020000094        0x1 build/dwt_system.o
                0x0000000020000094                frame100Hz
 *fill*         0x0000000020000095        0x1 
 .bss.frameCounter
                0x0000000020000096        0x2 build/dwt_system.o
                0x0000000020000096                frameCounter
 .bss.sysTickCycleCounter
                0x0000000020000098        0x4 build/dwt_system.o
 .bss.sysTickUptime
                0x000000002000009c        0x4 build/dwt_system.o
 .bss.usTicks   0x00000000200000a0        0x4 build/dwt_system.o
 .bss.MQTT      0x00000000200000a4      0x228 build/esp32.o
                0x00000000200000a4                MQTT
 .bss.SNTP      0x00000000200002cc       0x20 build/esp32.o
                0x00000000200002cc                SNTP
 .bss.Wifi      0x00000000200002ec      0x7b2 build/esp32.o
                0x00000000200002ec                Wifi
 *fill*         0x0000000020000a9e        0x2 
 .bss.touchData
                0x0000000020000aa0        0x8 build/ft6206.o
                0x0000000020000aa0                touchData
 .bss.i2c1Timeout
                0x0000000020000aa8        0x1 build/i2c.o
                0x0000000020000aa8                i2c1Timeout
 .bss.rx_finished
                0x0000000020000aa9        0x1 build/i2c.o
                0x0000000020000aa9                rx_finished
 .bss.tx_finished
                0x0000000020000aaa        0x1 build/i2c.o
                0x0000000020000aaa                tx_finished
 .bss.dummy.0   0x0000000020000aab        0x1 build/ili9341.o
 .bss.dummy.1   0x0000000020000aac        0x1 build/ili9341.o
 .bss.rxBuf     0x0000000020000aad        0x1 build/ili9341.o
                0x0000000020000aad                rxBuf
 .bss.transferComplete
                0x0000000020000aae        0x1 build/spi.o
                0x0000000020000aae                transferComplete
 .bss.char_irq_recv
                0x0000000020000aaf        0x1 build/usart.o
                0x0000000020000aaf                char_irq_recv
 .bss.urx_finished
                0x0000000020000ab0        0x1 build/usart.o
                0x0000000020000ab0                urx_finished
 .bss.utx_finished
                0x0000000020000ab1        0x1 build/usart.o
                0x0000000020000ab1                utx_finished
 *fill*         0x0000000020000ab2        0x2 
 .bss.uwTick    0x0000000020000ab4        0x4 build/stm32l4xx_hal.o
                0x0000000020000ab4                uwTick
 .bss.__lock___malloc_recursive_mutex
                0x0000000020000ab8        0x1 /opt/homebrew/Cellar/arm-none-eabi-gcc/10.3-2021.07/gcc/bin/../lib/gcc/arm-none-eabi/10.3.1/../../../../arm-none-eabi/lib/thumb/v7e-m+fp/hard/libc_nano.a(lib_a-lock.o)
                0x0000000020000ab8                __lock___malloc_recursive_mutex
 .bss.__lock___sfp_recursive_mutex
                0x0000000020000ab9        0x1 /opt/homebrew/Cellar/arm-none-eabi-gcc/10.3-2021.07/gcc/bin/../lib/gcc/arm-none-eabi/10.3.1/../../../../arm-none-eabi/lib/thumb/v7e-m+fp/hard/libc_nano.a(lib_a-lock.o)
                0x0000000020000ab9                __lock___sfp_recursive_mutex
 .bss.__lock___sinit_recursive_mutex
                0x0000000020000aba        0x1 /opt/homebrew/Cellar/arm-none-eabi-gcc/10.3-2021.07/gcc/bin/../lib/gcc/arm-none-eabi/10.3.1/../../../../arm-none-eabi/lib/thumb/v7e-m+fp/hard/libc_nano.a(lib_a-lock.o)
                0x0000000020000aba                __lock___sinit_recursive_mutex
 *fill*         0x0000000020000abb        0x1 
 .bss.__malloc_free_list
                0x0000000020000abc        0x4 /opt/homebrew/Cellar/arm-none-eabi-gcc/10.3-2021.07/gcc/bin/../lib/gcc/arm-none-eabi/10.3.1/../../../../arm-none-eabi/lib/thumb/v7e-m+fp/hard/libc_nano.a(lib_a-nano-mallocr.o)
                0x0000000020000abc                __malloc_free_list
 .bss.__malloc_sbrk_start
                0x0000000020000ac0        0x4 /opt/homebrew/Cellar/arm-none-eabi-gcc/10.3-2021.07/gcc/bin/../lib/gcc/arm-none-eabi/10.3.1/../../../../arm-none-eabi/lib/thumb/v7e-m+fp/hard/libc_nano.a(lib_a-nano-mallocr.o)
                0x0000000020000ac0                __malloc_sbrk_start
 .bss.errno     0x0000000020000ac4        0x4 /opt/homebrew/Cellar/arm-none-eabi-gcc/10.3-2021.07/gcc/bin/../lib/gcc/arm-none-eabi/10.3.1/../../../../arm-none-eabi/lib/thumb/v7e-m+fp/hard/libc_nano.a(lib_a-reent.o)
                0x0000000020000ac4                errno
 .bss.heap_end.0
                0x0000000020000ac8        0x4 /opt/homebrew/Cellar/arm-none-eabi-gcc/10.3-2021.07/gcc/bin/../lib/gcc/arm-none-eabi/10.3.1/../../../../arm-none-eabi/lib/thumb/v7e-m+fp/hard/libnosys.a(sbrk.o)
 *(COMMON)
                0x0000000020000acc                . = ALIGN (0x4)
                0x0000000020000acc                _ebss = .
                0x0000000020000acc                __bss_end__ = _ebss

._user_heap_stack
                0x0000000020000acc      0x604 load address 0x000000000802a520
                0x0000000020000ad0                . = ALIGN (0x8)
 *fill*         0x0000000020000acc        0x4 
                0x0000000020000ad0                PROVIDE (end = .)
                [!provide]                        PROVIDE (_end = .)
                0x0000000020000cd0                . = (. + _Min_Heap_Size)
 *fill*         0x0000000020000ad0      0x200 
                0x00000000200010d0                . = (. + _Min_Stack_Size)
 *fill*         0x0000000020000cd0      0x400 
                0x00000000200010d0                . = ALIGN (0x8)

/DISCARD/
 libc.a(*)
 libm.a(*)
 libgcc.a(*)

.ARM.attributes
                0x0000000000000000       0x30
 *(.ARM.attributes)
 .ARM.attributes
                0x0000000000000000       0x1e /opt/homebrew/Cellar/arm-none-eabi-gcc/10.3-2021.07/gcc/bin/../lib/gcc/arm-none-eabi/10.3.1/thumb/v7e-m+fp/hard/crti.o
 .ARM.attributes
                0x000000000000001e       0x34 /opt/homebrew/Cellar/arm-none-eabi-gcc/10.3-2021.07/gcc/bin/../lib/gcc/arm-none-eabi/10.3.1/thumb/v7e-m+fp/hard/crtbegin.o
 .ARM.attributes
                0x0000000000000052       0x34 build/dma.o
 .ARM.attributes
                0x0000000000000086       0x34 build/dwt_system.o
 .ARM.attributes
                0x00000000000000ba       0x34 build/esp32.o
 .ARM.attributes
                0x00000000000000ee       0x34 build/ft6206.o
 .ARM.attributes
                0x0000000000000122       0x34 build/gpio.o
 .ARM.attributes
                0x0000000000000156       0x34 build/graphics.o
 .ARM.attributes
                0x000000000000018a       0x34 build/i2c.o
 .ARM.attributes
                0x00000000000001be       0x34 build/ili9341.o
 .ARM.attributes
                0x00000000000001f2       0x34 build/main.o
 .ARM.attributes
                0x0000000000000226       0x34 build/spi.o
 .ARM.attributes
                0x000000000000025a       0x34 build/stm32l4xx_it.o
 .ARM.attributes
                0x000000000000028e       0x34 build/syscalls.o
 .ARM.attributes
                0x00000000000002c2       0x34 build/system_stm32l4xx.o
 .ARM.attributes
                0x00000000000002f6       0x34 build/usart.o
 .ARM.attributes
                0x000000000000032a       0x34 build/stm32l4xx_hal.o
 .ARM.attributes
                0x000000000000035e       0x34 build/stm32l4xx_hal_cortex.o
 .ARM.attributes
                0x0000000000000392       0x34 build/stm32l4xx_ll_exti.o
 .ARM.attributes
                0x00000000000003c6       0x34 build/stm32l4xx_ll_gpio.o
 .ARM.attributes
                0x00000000000003fa       0x34 build/stm32l4xx_ll_i2c.o
 .ARM.attributes
                0x000000000000042e       0x34 build/stm32l4xx_ll_rcc.o
 .ARM.attributes
                0x0000000000000462       0x34 build/stm32l4xx_ll_spi.o
 .ARM.attributes
                0x0000000000000496       0x34 build/stm32l4xx_ll_usart.o
 .ARM.attributes
                0x00000000000004ca       0x34 build/stm32l4xx_ll_utils.o
 .ARM.attributes
                0x00000000000004fe       0x21 build/startup_stm32l432xx.o
 .ARM.attributes
                0x000000000000051f       0x34 /opt/homebrew/Cellar/arm-none-eabi-gcc/10.3-2021.07/gcc/bin/../lib/gcc/arm-none-eabi/10.3.1/../../../../arm-none-eabi/lib/thumb/v7e-m+fp/hard/libc_nano.a(lib_a-errno.o)
 .ARM.attributes
                0x0000000000000553       0x32 /opt/homebrew/Cellar/arm-none-eabi-gcc/10.3-2021.07/gcc/bin/../lib/gcc/arm-none-eabi/10.3.1/../../../../arm-none-eabi/lib/thumb/v7e-m+fp/hard/libc_nano.a(lib_a-impure.o)
 .ARM.attributes
                0x0000000000000585       0x34 /opt/homebrew/Cellar/arm-none-eabi-gcc/10.3-2021.07/gcc/bin/../lib/gcc/arm-none-eabi/10.3.1/../../../../arm-none-eabi/lib/thumb/v7e-m+fp/hard/libc_nano.a(lib_a-init.o)
 .ARM.attributes
                0x00000000000005b9       0x34 /opt/homebrew/Cellar/arm-none-eabi-gcc/10.3-2021.07/gcc/bin/../lib/gcc/arm-none-eabi/10.3.1/../../../../arm-none-eabi/lib/thumb/v7e-m+fp/hard/libc_nano.a(lib_a-memcpy-stub.o)
 .ARM.attributes
                0x00000000000005ed       0x34 /opt/homebrew/Cellar/arm-none-eabi-gcc/10.3-2021.07/gcc/bin/../lib/gcc/arm-none-eabi/10.3.1/../../../../arm-none-eabi/lib/thumb/v7e-m+fp/hard/libc_nano.a(lib_a-memset.o)
 .ARM.attributes
                0x0000000000000621       0x34 /opt/homebrew/Cellar/arm-none-eabi-gcc/10.3-2021.07/gcc/bin/../lib/gcc/arm-none-eabi/10.3.1/../../../../arm-none-eabi/lib/thumb/v7e-m+fp/hard/libc_nano.a(lib_a-printf.o)
 .ARM.attributes
                0x0000000000000655       0x34 /opt/homebrew/Cellar/arm-none-eabi-gcc/10.3-2021.07/gcc/bin/../lib/gcc/arm-none-eabi/10.3.1/../../../../arm-none-eabi/lib/thumb/v7e-m+fp/hard/libc_nano.a(lib_a-puts.o)
 .ARM.attributes
                0x0000000000000689       0x34 /opt/homebrew/Cellar/arm-none-eabi-gcc/10.3-2021.07/gcc/bin/../lib/gcc/arm-none-eabi/10.3.1/../../../../arm-none-eabi/lib/thumb/v7e-m+fp/hard/libc_nano.a(lib_a-sprintf.o)
 .ARM.attributes
                0x00000000000006bd       0x34 /opt/homebrew/Cellar/arm-none-eabi-gcc/10.3-2021.07/gcc/bin/../lib/gcc/arm-none-eabi/10.3.1/../../../../arm-none-eabi/lib/thumb/v7e-m+fp/hard/libc_nano.a(lib_a-sscanf.o)
 .ARM.attributes
                0x00000000000006f1       0x34 /opt/homebrew/Cellar/arm-none-eabi-gcc/10.3-2021.07/gcc/bin/../lib/gcc/arm-none-eabi/10.3.1/../../../../arm-none-eabi/lib/thumb/v7e-m+fp/hard/libc_nano.a(lib_a-stdio.o)
 .ARM.attributes
                0x0000000000000725       0x17 /opt/homebrew/Cellar/arm-none-eabi-gcc/10.3-2021.07/gcc/bin/../lib/gcc/arm-none-eabi/10.3.1/../../../../arm-none-eabi/lib/thumb/v7e-m+fp/hard/libc_nano.a(lib_a-strlen.o)
 .ARM.attributes
                0x000000000000073c       0x34 /opt/homebrew/Cellar/arm-none-eabi-gcc/10.3-2021.07/gcc/bin/../lib/gcc/arm-none-eabi/10.3.1/../../../../arm-none-eabi/lib/thumb/v7e-m+fp/hard/libc_nano.a(lib_a-strstr.o)
 .ARM.attributes
                0x0000000000000770       0x34 /opt/homebrew/Cellar/arm-none-eabi-gcc/10.3-2021.07/gcc/bin/../lib/gcc/arm-none-eabi/10.3.1/../../../../arm-none-eabi/lib/thumb/v7e-m+fp/hard/libc_nano.a(lib_a-strtol.o)
 .ARM.attributes
                0x00000000000007a4       0x34 /opt/homebrew/Cellar/arm-none-eabi-gcc/10.3-2021.07/gcc/bin/../lib/gcc/arm-none-eabi/10.3.1/../../../../arm-none-eabi/lib/thumb/v7e-m+fp/hard/libc_nano.a(lib_a-wbuf.o)
 .ARM.attributes
                0x00000000000007d8       0x34 /opt/homebrew/Cellar/arm-none-eabi-gcc/10.3-2021.07/gcc/bin/../lib/gcc/arm-none-eabi/10.3.1/../../../../arm-none-eabi/lib/thumb/v7e-m+fp/hard/libc_nano.a(lib_a-writer.o)
 .ARM.attributes
                0x000000000000080c       0x34 /opt/homebrew/Cellar/arm-none-eabi-gcc/10.3-2021.07/gcc/bin/../lib/gcc/arm-none-eabi/10.3.1/../../../../arm-none-eabi/lib/thumb/v7e-m+fp/hard/libc_nano.a(lib_a-wsetup.o)
 .ARM.attributes
                0x0000000000000840       0x34 /opt/homebrew/Cellar/arm-none-eabi-gcc/10.3-2021.07/gcc/bin/../lib/gcc/arm-none-eabi/10.3.1/../../../../arm-none-eabi/lib/thumb/v7e-m+fp/hard/libc_nano.a(lib_a-closer.o)
 .ARM.attributes
                0x0000000000000874       0x32 /opt/homebrew/Cellar/arm-none-eabi-gcc/10.3-2021.07/gcc/bin/../lib/gcc/arm-none-eabi/10.3.1/../../../../arm-none-eabi/lib/thumb/v7e-m+fp/hard/libc_nano.a(lib_a-ctype_.o)
 .ARM.attributes
                0x00000000000008a6       0x34 /opt/homebrew/Cellar/arm-none-eabi-gcc/10.3-2021.07/gcc/bin/../lib/gcc/arm-none-eabi/10.3.1/../../../../arm-none-eabi/lib/thumb/v7e-m+fp/hard/libc_nano.a(lib_a-fflush.o)
 .ARM.attributes
                0x00000000000008da       0x34 /opt/homebrew/Cellar/arm-none-eabi-gcc/10.3-2021.07/gcc/bin/../lib/gcc/arm-none-eabi/10.3.1/../../../../arm-none-eabi/lib/thumb/v7e-m+fp/hard/libc_nano.a(lib_a-findfp.o)
 .ARM.attributes
                0x000000000000090e       0x34 /opt/homebrew/Cellar/arm-none-eabi-gcc/10.3-2021.07/gcc/bin/../lib/gcc/arm-none-eabi/10.3.1/../../../../arm-none-eabi/lib/thumb/v7e-m+fp/hard/libc_nano.a(lib_a-fwalk.o)
 .ARM.attributes
                0x0000000000000942       0x34 /opt/homebrew/Cellar/arm-none-eabi-gcc/10.3-2021.07/gcc/bin/../lib/gcc/arm-none-eabi/10.3.1/../../../../arm-none-eabi/lib/thumb/v7e-m+fp/hard/libc_nano.a(lib_a-lock.o)
 .ARM.attributes
                0x0000000000000976       0x34 /opt/homebrew/Cellar/arm-none-eabi-gcc/10.3-2021.07/gcc/bin/../lib/gcc/arm-none-eabi/10.3.1/../../../../arm-none-eabi/lib/thumb/v7e-m+fp/hard/libc_nano.a(lib_a-lseekr.o)
 .ARM.attributes
                0x00000000000009aa       0x34 /opt/homebrew/Cellar/arm-none-eabi-gcc/10.3-2021.07/gcc/bin/../lib/gcc/arm-none-eabi/10.3.1/../../../../arm-none-eabi/lib/thumb/v7e-m+fp/hard/libc_nano.a(lib_a-makebuf.o)
 .ARM.attributes
                0x00000000000009de       0x34 /opt/homebrew/Cellar/arm-none-eabi-gcc/10.3-2021.07/gcc/bin/../lib/gcc/arm-none-eabi/10.3.1/../../../../arm-none-eabi/lib/thumb/v7e-m+fp/hard/libc_nano.a(lib_a-nano-freer.o)
 .ARM.attributes
                0x0000000000000a12       0x34 /opt/homebrew/Cellar/arm-none-eabi-gcc/10.3-2021.07/gcc/bin/../lib/gcc/arm-none-eabi/10.3.1/../../../../arm-none-eabi/lib/thumb/v7e-m+fp/hard/libc_nano.a(lib_a-nano-mallocr.o)
 .ARM.attributes
                0x0000000000000a46       0x34 /opt/homebrew/Cellar/arm-none-eabi-gcc/10.3-2021.07/gcc/bin/../lib/gcc/arm-none-eabi/10.3.1/../../../../arm-none-eabi/lib/thumb/v7e-m+fp/hard/libc_nano.a(lib_a-nano-svfprintf.o)
 .ARM.attributes
                0x0000000000000a7a       0x34 /opt/homebrew/Cellar/arm-none-eabi-gcc/10.3-2021.07/gcc/bin/../lib/gcc/arm-none-eabi/10.3.1/../../../../arm-none-eabi/lib/thumb/v7e-m+fp/hard/libc_nano.a(lib_a-nano-svfscanf.o)
 .ARM.attributes
                0x0000000000000aae       0x34 /opt/homebrew/Cellar/arm-none-eabi-gcc/10.3-2021.07/gcc/bin/../lib/gcc/arm-none-eabi/10.3.1/../../../../arm-none-eabi/lib/thumb/v7e-m+fp/hard/libc_nano.a(lib_a-nano-vfprintf.o)
 .ARM.attributes
                0x0000000000000ae2       0x34 /opt/homebrew/Cellar/arm-none-eabi-gcc/10.3-2021.07/gcc/bin/../lib/gcc/arm-none-eabi/10.3.1/../../../../arm-none-eabi/lib/thumb/v7e-m+fp/hard/libc_nano.a(lib_a-nano-vfprintf_i.o)
 .ARM.attributes
                0x0000000000000b16       0x34 /opt/homebrew/Cellar/arm-none-eabi-gcc/10.3-2021.07/gcc/bin/../lib/gcc/arm-none-eabi/10.3.1/../../../../arm-none-eabi/lib/thumb/v7e-m+fp/hard/libc_nano.a(lib_a-nano-vfscanf_i.o)
 .ARM.attributes
                0x0000000000000b4a       0x34 /opt/homebrew/Cellar/arm-none-eabi-gcc/10.3-2021.07/gcc/bin/../lib/gcc/arm-none-eabi/10.3.1/../../../../arm-none-eabi/lib/thumb/v7e-m+fp/hard/libc_nano.a(lib_a-readr.o)
 .ARM.attributes
                0x0000000000000b7e       0x34 /opt/homebrew/Cellar/arm-none-eabi-gcc/10.3-2021.07/gcc/bin/../lib/gcc/arm-none-eabi/10.3.1/../../../../arm-none-eabi/lib/thumb/v7e-m+fp/hard/libc_nano.a(lib_a-reent.o)
 .ARM.attributes
                0x0000000000000bb2       0x34 /opt/homebrew/Cellar/arm-none-eabi-gcc/10.3-2021.07/gcc/bin/../lib/gcc/arm-none-eabi/10.3.1/../../../../arm-none-eabi/lib/thumb/v7e-m+fp/hard/libc_nano.a(lib_a-sbrkr.o)
 .ARM.attributes
                0x0000000000000be6       0x34 /opt/homebrew/Cellar/arm-none-eabi-gcc/10.3-2021.07/gcc/bin/../lib/gcc/arm-none-eabi/10.3.1/../../../../arm-none-eabi/lib/thumb/v7e-m+fp/hard/libc_nano.a(lib_a-sccl.o)
 .ARM.attributes
                0x0000000000000c1a       0x34 /opt/homebrew/Cellar/arm-none-eabi-gcc/10.3-2021.07/gcc/bin/../lib/gcc/arm-none-eabi/10.3.1/../../../../arm-none-eabi/lib/thumb/v7e-m+fp/hard/libc_nano.a(lib_a-strtoul.o)
 .ARM.attributes
                0x0000000000000c4e       0x34 /opt/homebrew/Cellar/arm-none-eabi-gcc/10.3-2021.07/gcc/bin/../lib/gcc/arm-none-eabi/10.3.1/../../../../arm-none-eabi/lib/thumb/v7e-m+fp/hard/libc_nano.a(lib_a-ungetc.o)
 .ARM.attributes
                0x0000000000000c82       0x34 /opt/homebrew/Cellar/arm-none-eabi-gcc/10.3-2021.07/gcc/bin/../lib/gcc/arm-none-eabi/10.3.1/../../../../arm-none-eabi/lib/thumb/v7e-m+fp/hard/libc_nano.a(lib_a-fstatr.o)
 .ARM.attributes
                0x0000000000000cb6       0x34 /opt/homebrew/Cellar/arm-none-eabi-gcc/10.3-2021.07/gcc/bin/../lib/gcc/arm-none-eabi/10.3.1/../../../../arm-none-eabi/lib/thumb/v7e-m+fp/hard/libc_nano.a(lib_a-isattyr.o)
 .ARM.attributes
                0x0000000000000cea       0x1c /opt/homebrew/Cellar/arm-none-eabi-gcc/10.3-2021.07/gcc/bin/../lib/gcc/arm-none-eabi/10.3.1/../../../../arm-none-eabi/lib/thumb/v7e-m+fp/hard/libc_nano.a(lib_a-memchr.o)
 .ARM.attributes
                0x0000000000000d06       0x34 /opt/homebrew/Cellar/arm-none-eabi-gcc/10.3-2021.07/gcc/bin/../lib/gcc/arm-none-eabi/10.3.1/../../../../arm-none-eabi/lib/thumb/v7e-m+fp/hard/libc_nano.a(lib_a-memmove.o)
 .ARM.attributes
                0x0000000000000d3a       0x34 /opt/homebrew/Cellar/arm-none-eabi-gcc/10.3-2021.07/gcc/bin/../lib/gcc/arm-none-eabi/10.3.1/../../../../arm-none-eabi/lib/thumb/v7e-m+fp/hard/libc_nano.a(lib_a-mlock.o)
 .ARM.attributes
                0x0000000000000d6e       0x34 /opt/homebrew/Cellar/arm-none-eabi-gcc/10.3-2021.07/gcc/bin/../lib/gcc/arm-none-eabi/10.3.1/../../../../arm-none-eabi/lib/thumb/v7e-m+fp/hard/libc_nano.a(lib_a-nano-reallocr.o)
 .ARM.attributes
                0x0000000000000da2       0x34 /opt/homebrew/Cellar/arm-none-eabi-gcc/10.3-2021.07/gcc/bin/../lib/gcc/arm-none-eabi/10.3.1/../../../../arm-none-eabi/lib/thumb/v7e-m+fp/hard/libc_nano.a(lib_a-nano-msizer.o)
 .ARM.attributes
                0x0000000000000dd6       0x34 /opt/homebrew/Cellar/arm-none-eabi-gcc/10.3-2021.07/gcc/bin/../lib/gcc/arm-none-eabi/10.3.1/../../../../arm-none-eabi/lib/thumb/v7e-m+fp/hard/libnosys.a(sbrk.o)
 .ARM.attributes
                0x0000000000000e0a       0x1e /opt/homebrew/Cellar/arm-none-eabi-gcc/10.3-2021.07/gcc/bin/../lib/gcc/arm-none-eabi/10.3.1/thumb/v7e-m+fp/hard/crtn.o
OUTPUT(build/LCD_TFT.elf elf32-littlearm)
LOAD linker stubs
LOAD /opt/homebrew/Cellar/arm-none-eabi-gcc/10.3-2021.07/gcc/bin/../lib/gcc/arm-none-eabi/10.3.1/../../../../arm-none-eabi/lib/thumb/v7e-m+fp/hard/libc.a
LOAD /opt/homebrew/Cellar/arm-none-eabi-gcc/10.3-2021.07/gcc/bin/../lib/gcc/arm-none-eabi/10.3.1/../../../../arm-none-eabi/lib/thumb/v7e-m+fp/hard/libm.a
LOAD /opt/homebrew/Cellar/arm-none-eabi-gcc/10.3-2021.07/gcc/bin/../lib/gcc/arm-none-eabi/10.3.1/thumb/v7e-m+fp/hard/libgcc.a

.debug_info     0x0000000000000000    0x17056
 .debug_info    0x0000000000000000      0xd58 build/dma.o
 .debug_info    0x0000000000000d58      0x581 build/dwt_system.o
 .debug_info    0x00000000000012d9     0x3a0f build/esp32.o
 .debug_info    0x0000000000004ce8      0x8eb build/ft6206.o
 .debug_info    0x00000000000055d3     0x103c build/gpio.o
 .debug_info    0x000000000000660f     0x12e8 build/graphics.o
 .debug_info    0x00000000000078f7     0x1559 build/i2c.o
 .debug_info    0x0000000000008e50     0x13cb build/ili9341.o
 .debug_info    0x000000000000a21b     0x1652 build/main.o
 .debug_info    0x000000000000b86d      0xffb build/spi.o
 .debug_info    0x000000000000c868      0x184 build/stm32l4xx_it.o
 .debug_info    0x000000000000c9ec      0x7af build/syscalls.o
 .debug_info    0x000000000000d19b      0x5ee build/system_stm32l4xx.o
 .debug_info    0x000000000000d789     0x1fc9 build/usart.o
 .debug_info    0x000000000000f752      0xa57 build/stm32l4xx_hal.o
 .debug_info    0x00000000000101a9     0x1020 build/stm32l4xx_hal_cortex.o
 .debug_info    0x00000000000111c9      0x893 build/stm32l4xx_ll_exti.o
 .debug_info    0x0000000000011a5c      0xd15 build/stm32l4xx_ll_gpio.o
 .debug_info    0x0000000000012771      0x891 build/stm32l4xx_ll_i2c.o
 .debug_info    0x0000000000013002     0x1f57 build/stm32l4xx_ll_rcc.o
 .debug_info    0x0000000000014f59      0x6dc build/stm32l4xx_ll_spi.o
 .debug_info    0x0000000000015635      0x995 build/stm32l4xx_ll_usart.o
 .debug_info    0x0000000000015fca     0x106a build/stm32l4xx_ll_utils.o
 .debug_info    0x0000000000017034       0x22 build/startup_stm32l432xx.o

.debug_abbrev   0x0000000000000000     0x3721
 .debug_abbrev  0x0000000000000000      0x1e5 build/dma.o
 .debug_abbrev  0x00000000000001e5      0x235 build/dwt_system.o
 .debug_abbrev  0x000000000000041a      0x323 build/esp32.o
 .debug_abbrev  0x000000000000073d      0x252 build/ft6206.o
 .debug_abbrev  0x000000000000098f      0x2da build/gpio.o
 .debug_abbrev  0x0000000000000c69      0x1ef build/graphics.o
 .debug_abbrev  0x0000000000000e58      0x334 build/i2c.o
 .debug_abbrev  0x000000000000118c      0x26f build/ili9341.o
 .debug_abbrev  0x00000000000013fb      0x340 build/main.o
 .debug_abbrev  0x000000000000173b      0x285 build/spi.o
 .debug_abbrev  0x00000000000019c0       0xa6 build/stm32l4xx_it.o
 .debug_abbrev  0x0000000000001a66      0x1a3 build/syscalls.o
 .debug_abbrev  0x0000000000001c09      0x119 build/system_stm32l4xx.o
 .debug_abbrev  0x0000000000001d22      0x448 build/usart.o
 .debug_abbrev  0x000000000000216a      0x219 build/stm32l4xx_hal.o
 .debug_abbrev  0x0000000000002383      0x36a build/stm32l4xx_hal_cortex.o
 .debug_abbrev  0x00000000000026ed      0x1d7 build/stm32l4xx_ll_exti.o
 .debug_abbrev  0x00000000000028c4      0x2a5 build/stm32l4xx_ll_gpio.o
 .debug_abbrev  0x0000000000002b69      0x1d8 build/stm32l4xx_ll_i2c.o
 .debug_abbrev  0x0000000000002d41      0x287 build/stm32l4xx_ll_rcc.o
 .debug_abbrev  0x0000000000002fc8      0x1dd build/stm32l4xx_ll_spi.o
 .debug_abbrev  0x00000000000031a5      0x2ae build/stm32l4xx_ll_usart.o
 .debug_abbrev  0x0000000000003453      0x2bc build/stm32l4xx_ll_utils.o
 .debug_abbrev  0x000000000000370f       0x12 build/startup_stm32l432xx.o

.debug_loc      0x0000000000000000     0x89f1
 .debug_loc     0x0000000000000000      0x226 build/dma.o
 .debug_loc     0x0000000000000226      0x1b3 build/dwt_system.o
 .debug_loc     0x00000000000003d9     0x17ed build/esp32.o
 .debug_loc     0x0000000000001bc6       0x44 build/ft6206.o
 .debug_loc     0x0000000000001c0a      0x36b build/gpio.o
 .debug_loc     0x0000000000001f75     0x1045 build/graphics.o
 .debug_loc     0x0000000000002fba      0x5ac build/i2c.o
 .debug_loc     0x0000000000003566      0x966 build/ili9341.o
 .debug_loc     0x0000000000003ecc      0x25a build/main.o
 .debug_loc     0x0000000000004126      0x748 build/spi.o
 .debug_loc     0x000000000000486e      0x3c5 build/syscalls.o
 .debug_loc     0x0000000000004c33      0x127 build/system_stm32l4xx.o
 .debug_loc     0x0000000000004d5a      0xb28 build/usart.o
 .debug_loc     0x0000000000005882      0x1cd build/stm32l4xx_hal.o
 .debug_loc     0x0000000000005a4f      0x744 build/stm32l4xx_hal_cortex.o
 .debug_loc     0x0000000000006193      0x487 build/stm32l4xx_ll_exti.o
 .debug_loc     0x000000000000661a      0x75a build/stm32l4xx_ll_gpio.o
 .debug_loc     0x0000000000006d74      0x287 build/stm32l4xx_ll_i2c.o
 .debug_loc     0x0000000000006ffb      0xa60 build/stm32l4xx_ll_rcc.o
 .debug_loc     0x0000000000007a5b      0x23d build/stm32l4xx_ll_spi.o
 .debug_loc     0x0000000000007c98      0x506 build/stm32l4xx_ll_usart.o
 .debug_loc     0x000000000000819e      0x853 build/stm32l4xx_ll_utils.o

.debug_aranges  0x0000000000000000      0xa08
 .debug_aranges
                0x0000000000000000       0x20 build/dma.o
 .debug_aranges
                0x0000000000000020       0x48 build/dwt_system.o
 .debug_aranges
                0x0000000000000068      0x1f0 build/esp32.o
 .debug_aranges
                0x0000000000000258       0x30 build/ft6206.o
 .debug_aranges
                0x0000000000000288       0x20 build/gpio.o
 .debug_aranges
                0x00000000000002a8       0x80 build/graphics.o
 .debug_aranges
                0x0000000000000328       0x40 build/i2c.o
 .debug_aranges
                0x0000000000000368       0x90 build/ili9341.o
 .debug_aranges
                0x00000000000003f8       0x38 build/main.o
 .debug_aranges
                0x0000000000000430       0x40 build/spi.o
 .debug_aranges
                0x0000000000000470       0x58 build/stm32l4xx_it.o
 .debug_aranges
                0x00000000000004c8       0xa8 build/syscalls.o
 .debug_aranges
                0x0000000000000570       0x28 build/system_stm32l4xx.o
 .debug_aranges
                0x0000000000000598       0x70 build/usart.o
 .debug_aranges
                0x0000000000000608      0x108 build/stm32l4xx_hal.o
 .debug_aranges
                0x0000000000000710       0xa8 build/stm32l4xx_hal_cortex.o
 .debug_aranges
                0x00000000000007b8       0x30 build/stm32l4xx_ll_exti.o
 .debug_aranges
                0x00000000000007e8       0x30 build/stm32l4xx_ll_gpio.o
 .debug_aranges
                0x0000000000000818       0x30 build/stm32l4xx_ll_i2c.o
 .debug_aranges
                0x0000000000000848       0xc0 build/stm32l4xx_ll_rcc.o
 .debug_aranges
                0x0000000000000908       0x30 build/stm32l4xx_ll_spi.o
 .debug_aranges
                0x0000000000000938       0x40 build/stm32l4xx_ll_usart.o
 .debug_aranges
                0x0000000000000978       0x68 build/stm32l4xx_ll_utils.o
 .debug_aranges
                0x00000000000009e0       0x28 build/startup_stm32l432xx.o

.debug_ranges   0x0000000000000000      0xea0
 .debug_ranges  0x0000000000000000       0x10 build/dma.o
 .debug_ranges  0x0000000000000010       0x58 build/dwt_system.o
 .debug_ranges  0x0000000000000068      0x2a0 build/esp32.o
 .debug_ranges  0x0000000000000308       0x20 build/ft6206.o
 .debug_ranges  0x0000000000000328       0xc0 build/gpio.o
 .debug_ranges  0x00000000000003e8       0x70 build/graphics.o
 .debug_ranges  0x0000000000000458       0x90 build/i2c.o
 .debug_ranges  0x00000000000004e8       0x80 build/ili9341.o
 .debug_ranges  0x0000000000000568       0x28 build/main.o
 .debug_ranges  0x0000000000000590       0xc0 build/spi.o
 .debug_ranges  0x0000000000000650       0x48 build/stm32l4xx_it.o
 .debug_ranges  0x0000000000000698       0x98 build/syscalls.o
 .debug_ranges  0x0000000000000730       0x18 build/system_stm32l4xx.o
 .debug_ranges  0x0000000000000748       0xf0 build/usart.o
 .debug_ranges  0x0000000000000838       0xf8 build/stm32l4xx_hal.o
 .debug_ranges  0x0000000000000930       0xf8 build/stm32l4xx_hal_cortex.o
 .debug_ranges  0x0000000000000a28       0x68 build/stm32l4xx_ll_exti.o
 .debug_ranges  0x0000000000000a90      0x1d0 build/stm32l4xx_ll_gpio.o
 .debug_ranges  0x0000000000000c60       0x50 build/stm32l4xx_ll_i2c.o
 .debug_ranges  0x0000000000000cb0       0xb0 build/stm32l4xx_ll_rcc.o
 .debug_ranges  0x0000000000000d60       0x38 build/stm32l4xx_ll_spi.o
 .debug_ranges  0x0000000000000d98       0x90 build/stm32l4xx_ll_usart.o
 .debug_ranges  0x0000000000000e28       0x58 build/stm32l4xx_ll_utils.o
 .debug_ranges  0x0000000000000e80       0x20 build/startup_stm32l432xx.o

.debug_line     0x0000000000000000     0xacc3
 .debug_line    0x0000000000000000      0x3f2 build/dma.o
 .debug_line    0x00000000000003f2      0x3b5 build/dwt_system.o
 .debug_line    0x00000000000007a7     0x19b1 build/esp32.o
 .debug_line    0x0000000000002158      0x395 build/ft6206.o
 .debug_line    0x00000000000024ed      0x48c build/gpio.o
 .debug_line    0x0000000000002979      0x8e6 build/graphics.o
 .debug_line    0x000000000000325f      0x8a6 build/i2c.o
 .debug_line    0x0000000000003b05      0x99c build/ili9341.o
 .debug_line    0x00000000000044a1      0x6c8 build/main.o
 .debug_line    0x0000000000004b69      0x6b2 build/spi.o
 .debug_line    0x000000000000521b      0x245 build/stm32l4xx_it.o
 .debug_line    0x0000000000005460      0x3f5 build/syscalls.o
 .debug_line    0x0000000000005855      0x29c build/system_stm32l4xx.o
 .debug_line    0x0000000000005af1      0xa74 build/usart.o
 .debug_line    0x0000000000006565      0x5f4 build/stm32l4xx_hal.o
 .debug_line    0x0000000000006b59      0x777 build/stm32l4xx_hal_cortex.o
 .debug_line    0x00000000000072d0      0x56c build/stm32l4xx_ll_exti.o
 .debug_line    0x000000000000783c      0x6c1 build/stm32l4xx_ll_gpio.o
 .debug_line    0x0000000000007efd      0x38d build/stm32l4xx_ll_i2c.o
 .debug_line    0x000000000000828a     0x1889 build/stm32l4xx_ll_rcc.o
 .debug_line    0x0000000000009b13      0x36c build/stm32l4xx_ll_spi.o
 .debug_line    0x0000000000009e7f      0x4b3 build/stm32l4xx_ll_usart.o
 .debug_line    0x000000000000a332      0x91b build/stm32l4xx_ll_utils.o
 .debug_line    0x000000000000ac4d       0x76 build/startup_stm32l432xx.o

.debug_str      0x0000000000000000     0x4269
 .debug_str     0x0000000000000000      0x7e7 build/dma.o
                                        0x870 (size before relaxing)
 .debug_str     0x00000000000007e7      0x1cf build/dwt_system.o
                                        0x3cf (size before relaxing)
 .debug_str     0x00000000000009b6      0xc0e build/esp32.o
                                        0xe6b (size before relaxing)
 .debug_str     0x00000000000015c4      0x159 build/ft6206.o
                                        0x79d (size before relaxing)
 .debug_str     0x000000000000171d      0x1a2 build/gpio.o
                                        0xa31 (size before relaxing)
 .debug_str     0x00000000000018bf      0x17a build/graphics.o
                                        0x358 (size before relaxing)
 .debug_str     0x0000000000001a39      0x303 build/i2c.o
                                        0xc86 (size before relaxing)
 .debug_str     0x0000000000001d3c      0x246 build/ili9341.o
                                        0x4d3 (size before relaxing)
 .debug_str     0x0000000000001f82      0x3af build/main.o
                                        0xd6b (size before relaxing)
 .debug_str     0x0000000000002331      0x23f build/spi.o
                                        0x72c (size before relaxing)
 .debug_str     0x0000000000002570       0x9d build/stm32l4xx_it.o
                                        0x247 (size before relaxing)
 .debug_str     0x000000000000260d      0x20a build/syscalls.o
                                        0x3eb (size before relaxing)
 .debug_str     0x0000000000002817       0x8b build/system_stm32l4xx.o
                                        0x3ce (size before relaxing)
 .debug_str     0x00000000000028a2      0x29c build/usart.o
                                        0xfa6 (size before relaxing)
 .debug_str     0x0000000000002b3e      0x377 build/stm32l4xx_hal.o
                                        0xaf7 (size before relaxing)
 .debug_str     0x0000000000002eb5      0x371 build/stm32l4xx_hal_cortex.o
                                        0xafc (size before relaxing)
 .debug_str     0x0000000000003226      0x21f build/stm32l4xx_ll_exti.o
                                        0x4a1 (size before relaxing)
 .debug_str     0x0000000000003445       0xff build/stm32l4xx_ll_gpio.o
                                        0x4d1 (size before relaxing)
 .debug_str     0x0000000000003544      0x12d build/stm32l4xx_ll_i2c.o
                                        0x4f4 (size before relaxing)
 .debug_str     0x0000000000003671      0x74b build/stm32l4xx_ll_rcc.o
                                        0xb31 (size before relaxing)
 .debug_str     0x0000000000003dbc       0xaf build/stm32l4xx_ll_spi.o
                                        0x4c5 (size before relaxing)
 .debug_str     0x0000000000003e6b      0x16e build/stm32l4xx_ll_usart.o
                                        0x5b7 (size before relaxing)
 .debug_str     0x0000000000003fd9      0x26c build/stm32l4xx_ll_utils.o
                                        0x866 (size before relaxing)
 .debug_str     0x0000000000004245       0x24 build/startup_stm32l432xx.o
                                         0x58 (size before relaxing)

.comment        0x0000000000000000       0x49
 .comment       0x0000000000000000       0x49 build/dma.o
                                         0x4a (size before relaxing)
 .comment       0x0000000000000049       0x4a build/dwt_system.o
 .comment       0x0000000000000049       0x4a build/esp32.o
 .comment       0x0000000000000049       0x4a build/ft6206.o
 .comment       0x0000000000000049       0x4a build/gpio.o
 .comment       0x0000000000000049       0x4a build/graphics.o
 .comment       0x0000000000000049       0x4a build/i2c.o
 .comment       0x0000000000000049       0x4a build/ili9341.o
 .comment       0x0000000000000049       0x4a build/main.o
 .comment       0x0000000000000049       0x4a build/spi.o
 .comment       0x0000000000000049       0x4a build/stm32l4xx_it.o
 .comment       0x0000000000000049       0x4a build/syscalls.o
 .comment       0x0000000000000049       0x4a build/system_stm32l4xx.o
 .comment       0x0000000000000049       0x4a build/usart.o
 .comment       0x0000000000000049       0x4a build/stm32l4xx_hal.o
 .comment       0x0000000000000049       0x4a build/stm32l4xx_hal_cortex.o
 .comment       0x0000000000000049       0x4a build/stm32l4xx_ll_exti.o
 .comment       0x0000000000000049       0x4a build/stm32l4xx_ll_gpio.o
 .comment       0x0000000000000049       0x4a build/stm32l4xx_ll_i2c.o
 .comment       0x0000000000000049       0x4a build/stm32l4xx_ll_rcc.o
 .comment       0x0000000000000049       0x4a build/stm32l4xx_ll_spi.o
 .comment       0x0000000000000049       0x4a build/stm32l4xx_ll_usart.o
 .comment       0x0000000000000049       0x4a build/stm32l4xx_ll_utils.o

.debug_frame    0x0000000000000000     0x2754
 .debug_frame   0x0000000000000000       0x28 build/dma.o
 .debug_frame   0x0000000000000028       0x8c build/dwt_system.o
 .debug_frame   0x00000000000000b4      0x82c build/esp32.o
 .debug_frame   0x00000000000008e0       0x5c build/ft6206.o
 .debug_frame   0x000000000000093c       0x38 build/gpio.o
 .debug_frame   0x0000000000000974      0x20c build/graphics.o
 .debug_frame   0x0000000000000b80       0x94 build/i2c.o
 .debug_frame   0x0000000000000c14      0x244 build/ili9341.o
 .debug_frame   0x0000000000000e58       0x6c build/main.o
 .debug_frame   0x0000000000000ec4       0x7c build/spi.o
 .debug_frame   0x0000000000000f40       0x90 build/stm32l4xx_it.o
 .debug_frame   0x0000000000000fd0      0x190 build/syscalls.o
 .debug_frame   0x0000000000001160       0x30 build/system_stm32l4xx.o
 .debug_frame   0x0000000000001190       0xf8 build/usart.o
 .debug_frame   0x0000000000001288      0x21c build/stm32l4xx_hal.o
 .debug_frame   0x00000000000014a4      0x148 build/stm32l4xx_hal_cortex.o
 .debug_frame   0x00000000000015ec       0x54 build/stm32l4xx_ll_exti.o
 .debug_frame   0x0000000000001640       0x54 build/stm32l4xx_ll_gpio.o
 .debug_frame   0x0000000000001694       0x4c build/stm32l4xx_ll_i2c.o
 .debug_frame   0x00000000000016e0      0x1c0 build/stm32l4xx_ll_rcc.o
 .debug_frame   0x00000000000018a0       0x50 build/stm32l4xx_ll_spi.o
 .debug_frame   0x00000000000018f0       0x78 build/stm32l4xx_ll_usart.o
 .debug_frame   0x0000000000001968       0xf4 build/stm32l4xx_ll_utils.o
 .debug_frame   0x0000000000001a5c       0x20 /opt/homebrew/Cellar/arm-none-eabi-gcc/10.3-2021.07/gcc/bin/../lib/gcc/arm-none-eabi/10.3.1/../../../../arm-none-eabi/lib/thumb/v7e-m+fp/hard/libc_nano.a(lib_a-errno.o)
 .debug_frame   0x0000000000001a7c       0x2c /opt/homebrew/Cellar/arm-none-eabi-gcc/10.3-2021.07/gcc/bin/../lib/gcc/arm-none-eabi/10.3.1/../../../../arm-none-eabi/lib/thumb/v7e-m+fp/hard/libc_nano.a(lib_a-init.o)
 .debug_frame   0x0000000000001aa8       0x28 /opt/homebrew/Cellar/arm-none-eabi-gcc/10.3-2021.07/gcc/bin/../lib/gcc/arm-none-eabi/10.3.1/../../../../arm-none-eabi/lib/thumb/v7e-m+fp/hard/libc_nano.a(lib_a-memcpy-stub.o)
 .debug_frame   0x0000000000001ad0       0x20 /opt/homebrew/Cellar/arm-none-eabi-gcc/10.3-2021.07/gcc/bin/../lib/gcc/arm-none-eabi/10.3.1/../../../../arm-none-eabi/lib/thumb/v7e-m+fp/hard/libc_nano.a(lib_a-memset.o)
 .debug_frame   0x0000000000001af0       0x74 /opt/homebrew/Cellar/arm-none-eabi-gcc/10.3-2021.07/gcc/bin/../lib/gcc/arm-none-eabi/10.3.1/../../../../arm-none-eabi/lib/thumb/v7e-m+fp/hard/libc_nano.a(lib_a-printf.o)
 .debug_frame   0x0000000000001b64       0x3c /opt/homebrew/Cellar/arm-none-eabi-gcc/10.3-2021.07/gcc/bin/../lib/gcc/arm-none-eabi/10.3.1/../../../../arm-none-eabi/lib/thumb/v7e-m+fp/hard/libc_nano.a(lib_a-puts.o)
 .debug_frame   0x0000000000001ba0       0x6c /opt/homebrew/Cellar/arm-none-eabi-gcc/10.3-2021.07/gcc/bin/../lib/gcc/arm-none-eabi/10.3.1/../../../../arm-none-eabi/lib/thumb/v7e-m+fp/hard/libc_nano.a(lib_a-sprintf.o)
 .debug_frame   0x0000000000001c0c       0x78 /opt/homebrew/Cellar/arm-none-eabi-gcc/10.3-2021.07/gcc/bin/../lib/gcc/arm-none-eabi/10.3.1/../../../../arm-none-eabi/lib/thumb/v7e-m+fp/hard/libc_nano.a(lib_a-sscanf.o)
 .debug_frame   0x0000000000001c84       0x88 /opt/homebrew/Cellar/arm-none-eabi-gcc/10.3-2021.07/gcc/bin/../lib/gcc/arm-none-eabi/10.3.1/../../../../arm-none-eabi/lib/thumb/v7e-m+fp/hard/libc_nano.a(lib_a-stdio.o)
 .debug_frame   0x0000000000001d0c       0x2c /opt/homebrew/Cellar/arm-none-eabi-gcc/10.3-2021.07/gcc/bin/../lib/gcc/arm-none-eabi/10.3.1/../../../../arm-none-eabi/lib/thumb/v7e-m+fp/hard/libc_nano.a(lib_a-strstr.o)
 .debug_frame   0x0000000000001d38       0x64 /opt/homebrew/Cellar/arm-none-eabi-gcc/10.3-2021.07/gcc/bin/../lib/gcc/arm-none-eabi/10.3.1/../../../../arm-none-eabi/lib/thumb/v7e-m+fp/hard/libc_nano.a(lib_a-strtol.o)
 .debug_frame   0x0000000000001d9c       0x40 /opt/homebrew/Cellar/arm-none-eabi-gcc/10.3-2021.07/gcc/bin/../lib/gcc/arm-none-eabi/10.3.1/../../../../arm-none-eabi/lib/thumb/v7e-m+fp/hard/libc_nano.a(lib_a-wbuf.o)
 .debug_frame   0x0000000000001ddc       0x2c /opt/homebrew/Cellar/arm-none-eabi-gcc/10.3-2021.07/gcc/bin/../lib/gcc/arm-none-eabi/10.3.1/../../../../arm-none-eabi/lib/thumb/v7e-m+fp/hard/libc_nano.a(lib_a-writer.o)
 .debug_frame   0x0000000000001e08       0x2c /opt/homebrew/Cellar/arm-none-eabi-gcc/10.3-2021.07/gcc/bin/../lib/gcc/arm-none-eabi/10.3.1/../../../../arm-none-eabi/lib/thumb/v7e-m+fp/hard/libc_nano.a(lib_a-wsetup.o)
 .debug_frame   0x0000000000001e34       0x2c /opt/homebrew/Cellar/arm-none-eabi-gcc/10.3-2021.07/gcc/bin/../lib/gcc/arm-none-eabi/10.3.1/../../../../arm-none-eabi/lib/thumb/v7e-m+fp/hard/libc_nano.a(lib_a-closer.o)
 .debug_frame   0x0000000000001e60       0x5c /opt/homebrew/Cellar/arm-none-eabi-gcc/10.3-2021.07/gcc/bin/../lib/gcc/arm-none-eabi/10.3.1/../../../../arm-none-eabi/lib/thumb/v7e-m+fp/hard/libc_nano.a(lib_a-fflush.o)
 .debug_frame   0x0000000000001ebc      0x14c /opt/homebrew/Cellar/arm-none-eabi-gcc/10.3-2021.07/gcc/bin/../lib/gcc/arm-none-eabi/10.3.1/../../../../arm-none-eabi/lib/thumb/v7e-m+fp/hard/libc_nano.a(lib_a-findfp.o)
 .debug_frame   0x0000000000002008       0x54 /opt/homebrew/Cellar/arm-none-eabi-gcc/10.3-2021.07/gcc/bin/../lib/gcc/arm-none-eabi/10.3.1/../../../../arm-none-eabi/lib/thumb/v7e-m+fp/hard/libc_nano.a(lib_a-fwalk.o)