Archive member included to satisfy reference by file (symbol)

/opt/homebrew/Cellar/arm-none-eabi-gcc/10.3-2021.07/gcc/bin/../lib/gcc/arm-none-eabi/10.3.1/../../../../arm-none-eabi/lib/thumb/v7e-m+fp/hard/libc_nano.a(lib_a-atof.o)
                              build/esp32.o (atof)
/opt/homebrew/Cellar/arm-none-eabi-gcc/10.3-2021.07/gcc/bin/../lib/gcc/arm-none-eabi/10.3.1/../../../../arm-none-eabi/lib/thumb/v7e-m+fp/hard/libc_nano.a(lib_a-atoi.o)
                              build/esp32.o (atoi)
/opt/homebrew/Cellar/arm-none-eabi-gcc/10.3-2021.07/gcc/bin/../lib/gcc/arm-none-eabi/10.3.1/../../../../arm-none-eabi/lib/thumb/v7e-m+fp/hard/libc_nano.a(lib_a-calloc.o)
                              build/data_transfer.o (calloc)
/opt/homebrew/Cellar/arm-none-eabi-gcc/10.3-2021.07/gcc/bin/../lib/gcc/arm-none-eabi/10.3.1/../../../../arm-none-eabi/lib/thumb/v7e-m+fp/hard/libc_nano.a(lib_a-errno.o)
                              build/syscalls.o (__errno)
/opt/homebrew/Cellar/arm-none-eabi-gcc/10.3-2021.07/gcc/bin/../lib/gcc/arm-none-eabi/10.3.1/../../../../arm-none-eabi/lib/thumb/v7e-m+fp/hard/libc_nano.a(lib_a-exit.o)
                              /opt/homebrew/Cellar/arm-none-eabi-gcc/10.3-2021.07/gcc/bin/../lib/gcc/arm-none-eabi/10.3.1/../../../../arm-none-eabi/lib/thumb/v7e-m+fp/hard/crt0.o (exit)
/opt/homebrew/Cellar/arm-none-eabi-gcc/10.3-2021.07/gcc/bin/../lib/gcc/arm-none-eabi/10.3.1/../../../../arm-none-eabi/lib/thumb/v7e-m+fp/hard/libc_nano.a(lib_a-impure.o)
                              /opt/homebrew/Cellar/arm-none-eabi-gcc/10.3-2021.07/gcc/bin/../lib/gcc/arm-none-eabi/10.3.1/../../../../arm-none-eabi/lib/thumb/v7e-m+fp/hard/libc_nano.a(lib_a-exit.o) (_global_impure_ptr)
/opt/homebrew/Cellar/arm-none-eabi-gcc/10.3-2021.07/gcc/bin/../lib/gcc/arm-none-eabi/10.3.1/../../../../arm-none-eabi/lib/thumb/v7e-m+fp/hard/libc_nano.a(lib_a-init.o)
                              /opt/homebrew/Cellar/arm-none-eabi-gcc/10.3-2021.07/gcc/bin/../lib/gcc/arm-none-eabi/10.3.1/../../../../arm-none-eabi/lib/thumb/v7e-m+fp/hard/crt0.o (__libc_init_array)
/opt/homebrew/Cellar/arm-none-eabi-gcc/10.3-2021.07/gcc/bin/../lib/gcc/arm-none-eabi/10.3.1/../../../../arm-none-eabi/lib/thumb/v7e-m+fp/hard/libc_nano.a(lib_a-memcpy-stub.o)
                              build/data_transfer.o (memcpy)
/opt/homebrew/Cellar/arm-none-eabi-gcc/10.3-2021.07/gcc/bin/../lib/gcc/arm-none-eabi/10.3.1/../../../../arm-none-eabi/lib/thumb/v7e-m+fp/hard/libc_nano.a(lib_a-memset.o)
                              /opt/homebrew/Cellar/arm-none-eabi-gcc/10.3-2021.07/gcc/bin/../lib/gcc/arm-none-eabi/10.3.1/../../../../arm-none-eabi/lib/thumb/v7e-m+fp/hard/crt0.o (memset)
/opt/homebrew/Cellar/arm-none-eabi-gcc/10.3-2021.07/gcc/bin/../lib/gcc/arm-none-eabi/10.3.1/../../../../arm-none-eabi/lib/thumb/v7e-m+fp/hard/libc_nano.a(lib_a-nano-callocr.o)
                              /opt/homebrew/Cellar/arm-none-eabi-gcc/10.3-2021.07/gcc/bin/../lib/gcc/arm-none-eabi/10.3.1/../../../../arm-none-eabi/lib/thumb/v7e-m+fp/hard/libc_nano.a(lib_a-calloc.o) (_calloc_r)
/opt/homebrew/Cellar/arm-none-eabi-gcc/10.3-2021.07/gcc/bin/../lib/gcc/arm-none-eabi/10.3.1/../../../../arm-none-eabi/lib/thumb/v7e-m+fp/hard/libc_nano.a(lib_a-nano-mallocr.o)
                              /opt/homebrew/Cellar/arm-none-eabi-gcc/10.3-2021.07/gcc/bin/../lib/gcc/arm-none-eabi/10.3.1/../../../../arm-none-eabi/lib/thumb/v7e-m+fp/hard/libc_nano.a(lib_a-nano-callocr.o) (_malloc_r)
/opt/homebrew/Cellar/arm-none-eabi-gcc/10.3-2021.07/gcc/bin/../lib/gcc/arm-none-eabi/10.3.1/../../../../arm-none-eabi/lib/thumb/v7e-m+fp/hard/libc_nano.a(lib_a-sbrkr.o)
                              /opt/homebrew/Cellar/arm-none-eabi-gcc/10.3-2021.07/gcc/bin/../lib/gcc/arm-none-eabi/10.3.1/../../../../arm-none-eabi/lib/thumb/v7e-m+fp/hard/libc_nano.a(lib_a-nano-mallocr.o) (_sbrk_r)
/opt/homebrew/Cellar/arm-none-eabi-gcc/10.3-2021.07/gcc/bin/../lib/gcc/arm-none-eabi/10.3.1/../../../../arm-none-eabi/lib/thumb/v7e-m+fp/hard/libc_nano.a(lib_a-sprintf.o)
                              build/esp32.o (sprintf)
/opt/homebrew/Cellar/arm-none-eabi-gcc/10.3-2021.07/gcc/bin/../lib/gcc/arm-none-eabi/10.3.1/../../../../arm-none-eabi/lib/thumb/v7e-m+fp/hard/libc_nano.a(lib_a-sscanf.o)
                              build/esp32.o (sscanf)
/opt/homebrew/Cellar/arm-none-eabi-gcc/10.3-2021.07/gcc/bin/../lib/gcc/arm-none-eabi/10.3.1/../../../../arm-none-eabi/lib/thumb/v7e-m+fp/hard/libc_nano.a(lib_a-stdio.o)
                              /opt/homebrew/Cellar/arm-none-eabi-gcc/10.3-2021.07/gcc/bin/../lib/gcc/arm-none-eabi/10.3.1/../../../../arm-none-eabi/lib/thumb/v7e-m+fp/hard/libc_nano.a(lib_a-sscanf.o) (__seofread)
/opt/homebrew/Cellar/arm-none-eabi-gcc/10.3-2021.07/gcc/bin/../lib/gcc/arm-none-eabi/10.3.1/../../../../arm-none-eabi/lib/thumb/v7e-m+fp/hard/libc_nano.a(lib_a-strcat.o)
                              build/utilities.o (strcat)
[...]
Memory Configuration

Name             Origin             Length             Attributes
RAM              0x0000000020000000 0x0000000000010000 xrw
RAM2             0x0000000010000000 0x0000000000004000 xrw
FLASH            0x0000000008000000 0x0000000000040000 xr
*default*        0x0000000000000000 0xffffffffffffffff

Linker script and memory map

LOAD /opt/homebrew/Cellar/arm-none-eabi-gcc/10.3-2021.07/gcc/bin/../lib/gcc/arm-none-eabi/10.3.1/thumb/v7e-m+fp/hard/crti.o
LOAD /opt/homebrew/Cellar/arm-none-eabi-gcc/10.3-2021.07/gcc/bin/../lib/gcc/arm-none-eabi/10.3.1/thumb/v7e-m+fp/hard/crtbegin.o
LOAD /opt/homebrew/Cellar/arm-none-eabi-gcc/10.3-2021.07/gcc/bin/../lib/gcc/arm-none-eabi/10.3.1/../../../../arm-none-eabi/lib/thumb/v7e-m+fp/hard/crt0.o
LOAD build/data_transfer.o
LOAD build/dma.o
LOAD build/dwt_system.o
LOAD build/esp32.o
LOAD build/fonts.o
LOAD build/ft6206.o
LOAD build/gpio.o
LOAD build/graphics.o
LOAD build/i2c.o
LOAD build/ili9341.o
LOAD build/image_reader.o
LOAD build/main.o
LOAD build/spi.o
LOAD build/stm32l4xx_hal_msp.o
LOAD build/stm32l4xx_it.o
LOAD build/syscalls.o
LOAD build/system_stm32l4xx.o
LOAD build/usart.o
LOAD build/utilities.o
LOAD build/stm32l4xx_hal.o
LOAD build/stm32l4xx_hal_cortex.o
LOAD build/stm32l4xx_hal_dma.o
LOAD build/stm32l4xx_hal_dma_ex.o
LOAD build/stm32l4xx_hal_exti.o
LOAD build/stm32l4xx_hal_flash.o
LOAD build/stm32l4xx_hal_flash_ex.o
LOAD build/stm32l4xx_hal_flash_ramfunc.o
LOAD build/stm32l4xx_hal_gpio.o
LOAD build/stm32l4xx_hal_i2c.o
LOAD build/stm32l4xx_hal_i2c_ex.o
LOAD build/stm32l4xx_hal_pwr.o
LOAD build/stm32l4xx_hal_pwr_ex.o
LOAD build/stm32l4xx_hal_rcc.o
LOAD build/stm32l4xx_hal_rcc_ex.o
LOAD build/stm32l4xx_hal_tim.o
LOAD build/stm32l4xx_hal_tim_ex.o
LOAD build/stm32l4xx_ll_dma.o
LOAD build/stm32l4xx_ll_exti.o
LOAD build/stm32l4xx_ll_gpio.o
LOAD build/stm32l4xx_ll_i2c.o
LOAD build/stm32l4xx_ll_rcc.o
LOAD build/stm32l4xx_ll_spi.o
LOAD build/stm32l4xx_ll_usart.o
LOAD build/stm32l4xx_ll_utils.o
LOAD build/fatfs.o
LOAD build/user_diskio.o
LOAD build/user_diskio_spi.o
LOAD build/diskio.o
LOAD build/ff.o
LOAD build/ff_gen_drv.o
LOAD build/syscall.o
LOAD build/lwrb.o
LOAD build/startup_stm32l432xx.o
LOAD /opt/homebrew/Cellar/arm-none-eabi-gcc/10.3-2021.07/gcc/bin/../lib/gcc/arm-none-eabi/10.3.1/../../../../arm-none-eabi/lib/thumb/v7e-m+fp/hard/libc_nano.a
LOAD /opt/homebrew/Cellar/arm-none-eabi-gcc/10.3-2021.07/gcc/bin/../lib/gcc/arm-none-eabi/10.3.1/../../../../arm-none-eabi/lib/thumb/v7e-m+fp/hard/libm.a
LOAD /opt/homebrew/Cellar/arm-none-eabi-gcc/10.3-2021.07/gcc/bin/../lib/gcc/arm-none-eabi/10.3.1/../../../../arm-none-eabi/lib/thumb/v7e-m+fp/hard/libnosys.a
START GROUP
LOAD /opt/homebrew/Cellar/arm-none-eabi-gcc/10.3-2021.07/gcc/bin/../lib/gcc/arm-none-eabi/10.3.1/thumb/v7e-m+fp/hard/libgcc.a
LOAD /opt/homebrew/Cellar/arm-none-eabi-gcc/10.3-2021.07/gcc/bin/../lib/gcc/arm-none-eabi/10.3.1/../../../../arm-none-eabi/lib/thumb/v7e-m+fp/hard/libc_nano.a
END GROUP
START GROUP
LOAD /opt/homebrew/Cellar/arm-none-eabi-gcc/10.3-2021.07/gcc/bin/../lib/gcc/arm-none-eabi/10.3.1/thumb/v7e-m+fp/hard/libgcc.a
LOAD /opt/homebrew/Cellar/arm-none-eabi-gcc/10.3-2021.07/gcc/bin/../lib/gcc/arm-none-eabi/10.3.1/../../../../arm-none-eabi/lib/thumb/v7e-m+fp/hard/libc_nano.a
END GROUP
LOAD /opt/homebrew/Cellar/arm-none-eabi-gcc/10.3-2021.07/gcc/bin/../lib/gcc/arm-none-eabi/10.3.1/thumb/v7e-m+fp/hard/crtend.o
LOAD /opt/homebrew/Cellar/arm-none-eabi-gcc/10.3-2021.07/gcc/bin/../lib/gcc/arm-none-eabi/10.3.1/thumb/v7e-m+fp/hard/crtn.o
                0x0000000020010000                _estack = (ORIGIN (RAM) + LENGTH (RAM))
                0x0000000000000200                _Min_Heap_Size = 0x200
                0x0000000000000400                _Min_Stack_Size = 0x400

.isr_vector     0x0000000008000000      0x190
                0x0000000008000000                . = ALIGN (0x8)
 *(.isr_vector)
 .isr_vector    0x0000000008000000      0x18c build/startup_stm32l432xx.o
                0x0000000008000000                g_pfnVectors
                0x0000000008000190                . = ALIGN (0x8)
 *fill*         0x000000000800018c        0x4 

.text           0x0000000008000190     0x5150
                0x0000000008000190                . = ALIGN (0x8)
 *(.text)
 .text          0x0000000008000190       0x40 /opt/homebrew/Cellar/arm-none-eabi-gcc/10.3-2021.07/gcc/bin/../lib/gcc/arm-none-eabi/10.3.1/thumb/v7e-m+fp/hard/crtbegin.o
 .text          0x00000000080001d0       0x10 /opt/homebrew/Cellar/arm-none-eabi-gcc/10.3-2021.07/gcc/bin/../lib/gcc/arm-none-eabi/10.3.1/../../../../arm-none-eabi/lib/thumb/v7e-m+fp/hard/libc_nano.a(lib_a-strlen.o)
                0x00000000080001d0                strlen
 .text          0x00000000080001e0       0xa0 /opt/homebrew/Cellar/arm-none-eabi-gcc/10.3-2021.07/gcc/bin/../lib/gcc/arm-none-eabi/10.3.1/../../../../arm-none-eabi/lib/thumb/v7e-m+fp/hard/libc_nano.a(lib_a-memchr.o)
                0x00000000080001e0                memchr
 *(.text*)
 .text.initTxPacket
                0x0000000008000280       0x3c build/data_transfer.o
                0x0000000008000280                initTxPacket
 .text.initRxPacket
                0x00000000080002bc       0x3c build/data_transfer.o
                0x00000000080002bc                initRxPacket
 .text.readAndSendTouches
                0x00000000080002f8      0x160 build/data_transfer.o
                0x00000000080002f8                readAndSendTouches
 .text.recvAndDisplayTouches
                0x0000000008000458       0xb8 build/data_transfer.o
                0x0000000008000458                recvAndDisplayTouches
 .text.MX_DMA_Init
                0x0000000008000510       0x74 build/dma.o
                0x0000000008000510                MX_DMA_Init
 .text.millis   0x0000000008000584        0xc build/dwt_system.o
                0x0000000008000584                millis
 .text.delayMicroseconds
                0x0000000008000590       0x38 build/dwt_system.o
                0x0000000008000590                delayMicroseconds
 .text.delay    0x00000000080005c8       0x16 build/dwt_system.o
                0x00000000080005c8                delay
 *fill*         0x00000000080005de        0x2 
 .text.cycleCounterInit
                0x00000000080005e0       0x3c build/dwt_system.o
                0x00000000080005e0                cycleCounterInit
 .text.SysTick_Handler
                0x000000000800061c       0x9c build/dwt_system.o
                0x000000000800061c                SysTick_Handler
 .text.Wifi_SendRaw
                0x00000000080006b8       0x14 build/esp32.o
                0x00000000080006b8                Wifi_SendRaw
 .text.Wifi_SendString
                0x00000000080006cc       0x12 build/esp32.o
                0x00000000080006cc                Wifi_SendString
 *fill*         0x00000000080006de        0x2 
 .text.Wifi_WaitForString
                0x00000000080006e0       0x9c build/esp32.o
                0x00000000080006e0                Wifi_WaitForString
 .text.Wifi_RxClear
                0x000000000800077c       0x10 build/esp32.o
                0x000000000800077c                Wifi_RxClear
 .text.Wifi_TxClear
                0x000000000800078c       0x14 build/esp32.o
                0x000000000800078c                Wifi_TxClear
 .text.Wifi_Init
                0x00000000080007a0       0x50 build/esp32.o
                0x00000000080007a0                Wifi_Init
 .text.Wifi_Station_ConnectToAp
                0x00000000080007f0       0x78 build/esp32.o
                0x00000000080007f0                Wifi_Station_ConnectToAp
 .text.Wifi_GetApConnection
                0x0000000008000868       0xc8 build/esp32.o
                0x0000000008000868                Wifi_GetApConnection
 .text.SNTP_SetTimeZone
                0x0000000008000930       0xd4 build/esp32.o
                0x0000000008000930                SNTP_SetTimeZone
 .text.SNTP_TimeUpdated
                0x0000000008000a04       0x90 build/esp32.o
                0x0000000008000a04                SNTP_TimeUpdated
 .text.SNTP_Init
                0x0000000008000a94       0x30 build/esp32.o
                0x0000000008000a94                SNTP_Init
 .text.MQTT_SetUserConfig
                0x0000000008000ac4       0x74 build/esp32.o
                0x0000000008000ac4                MQTT_SetUserConfig
 .text.MQTT_Connect
                0x0000000008000b38       0x94 build/esp32.o
                0x0000000008000b38                MQTT_Connect
 .text.MQTT_GetConnection
                0x0000000008000bcc       0xec build/esp32.o
                0x0000000008000bcc                MQTT_GetConnection
 .text.MQTT_Init
                0x0000000008000cb8       0xb0 build/esp32.o
                0x0000000008000cb8                MQTT_Init
 .text.MQTT_PublishRaw
                0x0000000008000d68       0xb4 build/esp32.o
                0x0000000008000d68                MQTT_PublishRaw
 .text.MQTT_Subscribe
                0x0000000008000e1c       0x6c build/esp32.o
                0x0000000008000e1c                MQTT_Subscribe
 .text.MQTT_Unsubscribe
                0x0000000008000e88       0x6c build/esp32.o
                0x0000000008000e88                MQTT_Unsubscribe
 .text.MQTT_ListenForMessage
                0x0000000008000ef4       0x70 build/esp32.o
                0x0000000008000ef4                MQTT_ListenForMessage
 .text.ft6206Init
                0x0000000008000f64       0x90 build/ft6206.o
                0x0000000008000f64                ft6206Init
 .text.ft6206ReadData
                0x0000000008000ff4       0x7c build/ft6206.o
                0x0000000008000ff4                ft6206ReadData
 .text.EXTI9_5_IRQHandler
                0x0000000008001070       0x44 build/ft6206.o
                0x0000000008001070                EXTI9_5_IRQHandler
 .text.MX_GPIO_Init
                0x00000000080010b4      0x158 build/gpio.o
                0x00000000080010b4                MX_GPIO_Init
 .text.drawVerticalLine
                0x000000000800120c       0x50 build/graphics.o
                0x000000000800120c                drawVerticalLine
 .text.fillCircleHelper
                0x000000000800125c      0x11a build/graphics.o
                0x000000000800125c                fillCircleHelper
 .text.fillCircle
                0x0000000008001376       0x3e build/graphics.o
                0x0000000008001376                fillCircle
 .text.MX_I2C1_Init
                0x00000000080013b4      0x224 build/i2c.o
                0x00000000080013b4                MX_I2C1_Init
 .text.i2c1Write
                0x00000000080015d8       0xa4 build/i2c.o
                0x00000000080015d8                i2c1Write
 .text.i2c1Read
                0x000000000800167c      0x104 build/i2c.o
                0x000000000800167c                i2c1Read
 .text.DMA1_Channel6_IRQHandler
                0x0000000008001780       0x24 build/i2c.o
                0x0000000008001780                DMA1_Channel6_IRQHandler
 .text.DMA1_Channel7_IRQHandler
                0x00000000080017a4       0x24 build/i2c.o
                0x00000000080017a4                DMA1_Channel7_IRQHandler
 .text.ili9341WriteCommand
                0x00000000080017c8       0x38 build/ili9341.o
                0x00000000080017c8                ili9341WriteCommand
 .text.ili9341WriteData
                0x0000000008001800       0x2c build/ili9341.o
                0x0000000008001800                ili9341WriteData
 .text.ili9341SetAddress
                0x000000000800182c       0x5e build/ili9341.o
                0x000000000800182c                ili9341SetAddress
 *fill*         0x000000000800188a        0x2 
 .text.ili9341_Reset
                0x000000000800188c       0x34 build/ili9341.o
                0x000000000800188c                ili9341_Reset
 .text.ili9341SetRotation
                0x00000000080018c0       0xa8 build/ili9341.o
                0x00000000080018c0                ili9341SetRotation
 .text.ili9341Init
                0x0000000008001968      0x1ec build/ili9341.o
                0x0000000008001968                ili9341Init
 .text.ili9341DrawColorBurst
                0x0000000008001b54       0x94 build/ili9341.o
                0x0000000008001b54                ili9341DrawColorBurst
 .text.ili9341FillScreen
                0x0000000008001be8       0x34 build/ili9341.o
                0x0000000008001be8                ili9341FillScreen
 .text.ili9341DrawImage
                0x0000000008001c1c       0x98 build/ili9341.o
                0x0000000008001c1c                ili9341DrawImage
 .text.ledOn    0x0000000008001cb4       0x10 build/main.o
                0x0000000008001cb4                ledOn
 .text.Error_Handler
                0x0000000008001cc4        0x4 build/main.o
                0x0000000008001cc4                Error_Handler
 .text.SystemClock_Config
                0x0000000008001cc8       0xe0 build/main.o
                0x0000000008001cc8                SystemClock_Config
 .text.main     0x0000000008001da8      0x150 build/main.o
                0x0000000008001da8                main
 .text.transferCompleteCallback
                0x0000000008001ef8       0x24 build/spi.o
 .text.MX_SPI1_Init
                0x0000000008001f1c      0x1bc build/spi.o
                0x0000000008001f1c                MX_SPI1_Init
 .text.spi1Transfer
                0x00000000080020d8       0x6c build/spi.o
                0x00000000080020d8                spi1Transfer
 .text.DMA1_Channel2_IRQHandler
                0x0000000008002144       0x24 build/spi.o
                0x0000000008002144                DMA1_Channel2_IRQHandler
 .text.DMA1_Channel3_IRQHandler
                0x0000000008002168       0x1c build/spi.o
                0x0000000008002168                DMA1_Channel3_IRQHandler
 .text.NMI_Handler
                0x0000000008002184        0x2 build/stm32l4xx_it.o
                0x0000000008002184                NMI_Handler
 .text.HardFault_Handler
                0x0000000008002186        0x2 build/stm32l4xx_it.o
                0x0000000008002186                HardFault_Handler
 .text.MemManage_Handler
                0x0000000008002188        0x2 build/stm32l4xx_it.o
                0x0000000008002188                MemManage_Handler
 .text.BusFault_Handler
                0x000000000800218a        0x2 build/stm32l4xx_it.o
                0x000000000800218a                BusFault_Handler
 .text.UsageFault_Handler
                0x000000000800218c        0x2 build/stm32l4xx_it.o
                0x000000000800218c                UsageFault_Handler
 .text.SVC_Handler
                0x000000000800218e        0x2 build/stm32l4xx_it.o
                0x000000000800218e                SVC_Handler
 .text.DebugMon_Handler
                0x0000000008002190        0x2 build/stm32l4xx_it.o
                0x0000000008002190                DebugMon_Handler
 .text.PendSV_Handler
                0x0000000008002192        0x2 build/stm32l4xx_it.o
                0x0000000008002192                PendSV_Handler
 .text._getpid  0x0000000008002194        0x4 build/syscalls.o
                0x0000000008002194                _getpid
 .text._kill    0x0000000008002198       0x10 build/syscalls.o
                0x0000000008002198                _kill
 .text._exit    0x00000000080021a8        0xc build/syscalls.o
                0x00000000080021a8                _exit
 .text._read    0x00000000080021b4       0x20 build/syscalls.o
                0x00000000080021b4                _read
 .text._write   0x00000000080021d4       0x1c build/syscalls.o
                0x00000000080021d4                _write
 .text._close   0x00000000080021f0        0x6 build/syscalls.o
                0x00000000080021f0                _close
 .text._fstat   0x00000000080021f6        0xa build/syscalls.o
                0x00000000080021f6                _fstat
 .text._isatty  0x0000000008002200        0x4 build/syscalls.o
                0x0000000008002200                _isatty
 .text._lseek   0x0000000008002204        0x4 build/syscalls.o
                0x0000000008002204                _lseek
 .text.SystemInit
                0x0000000008002208       0x14 build/system_stm32l4xx.o
                0x0000000008002208                SystemInit
 .text.MX_USART1_UART_Init
                0x000000000800221c      0x224 build/usart.o
                0x000000000800221c                MX_USART1_UART_Init
 .text.MX_USART2_UART_Init
                0x0000000008002440       0xc8 build/usart.o
                0x0000000008002440                MX_USART2_UART_Init
 .text.serialWrite
                0x0000000008002508       0x20 build/usart.o
                0x0000000008002508                serialWrite
 .text.usart_process_data
                0x0000000008002528       0x14 build/usart.o
                0x0000000008002528                usart_process_data
 .text.usart_rx_check
                0x000000000800253c       0x4c build/usart.o
                0x000000000800253c                usart_rx_check
 .text.usart_transmit_dma
                0x0000000008002588       0x5c build/usart.o
                0x0000000008002588                usart_transmit_dma
 .text.__io_putchar
                0x00000000080025e4        0xc build/usart.o
                0x00000000080025e4                __io_putchar
 .text.USART1_IRQHandler
                0x00000000080025f0       0x3c build/usart.o
                0x00000000080025f0                USART1_IRQHandler
 .text.DMA1_Channel4_IRQHandler
                0x000000000800262c       0x2c build/usart.o
                0x000000000800262c                DMA1_Channel4_IRQHandler
 .text.DMA1_Channel5_IRQHandler
                0x0000000008002658       0x48 build/usart.o
                0x0000000008002658                DMA1_Channel5_IRQHandler
 .text.coords2string
                0x00000000080026a0       0x70 build/utilities.o
                0x00000000080026a0                coords2string
 .text.stringToCoord
                0x0000000008002710       0x48 build/utilities.o
                0x0000000008002710                stringToCoord
 .text.split_string
                0x0000000008002758       0x5c build/utilities.o
                0x0000000008002758                split_string
 .text.HAL_InitTick
                0x00000000080027b4       0x50 build/stm32l4xx_hal.o
                0x00000000080027b4                HAL_InitTick
 .text.HAL_NVIC_SetPriorityGrouping
                0x0000000008002804       0x24 build/stm32l4xx_hal_cortex.o
                0x0000000008002804                HAL_NVIC_SetPriorityGrouping
 .text.HAL_NVIC_SetPriority
                0x0000000008002828       0x70 build/stm32l4xx_hal_cortex.o
                0x0000000008002828                HAL_NVIC_SetPriority
 .text.HAL_SYSTICK_Config
                0x0000000008002898       0x28 build/stm32l4xx_hal_cortex.o
                0x0000000008002898                HAL_SYSTICK_Config
 .text.LL_EXTI_Init
                0x00000000080028c0      0x19c build/stm32l4xx_ll_exti.o
                0x00000000080028c0                LL_EXTI_Init
 .text.LL_GPIO_Init
                0x0000000008002a5c      0x17e build/stm32l4xx_ll_gpio.o
                0x0000000008002a5c                LL_GPIO_Init
 .text.LL_I2C_Init
                0x0000000008002bda       0x70 build/stm32l4xx_ll_i2c.o
                0x0000000008002bda                LL_I2C_Init
 *fill*         0x0000000008002c4a        0x2 
 .text.RCC_GetHCLKClockFreq
                0x0000000008002c4c       0x18 build/stm32l4xx_ll_rcc.o
 .text.RCC_GetPCLK1ClockFreq
                0x0000000008002c64       0x18 build/stm32l4xx_ll_rcc.o
 .text.RCC_GetPCLK2ClockFreq
                0x0000000008002c7c       0x18 build/stm32l4xx_ll_rcc.o
 .text.RCC_PLL_GetFreqDomain_SYS
                0x0000000008002c94       0xfc build/stm32l4xx_ll_rcc.o
 .text.RCC_GetSystemClockFreq
                0x0000000008002d90       0xe8 build/stm32l4xx_ll_rcc.o
 .text.LL_RCC_GetUSARTClockFreq
                0x0000000008002e78       0xc8 build/stm32l4xx_ll_rcc.o
                0x0000000008002e78                LL_RCC_GetUSARTClockFreq
 .text.LL_SPI_Init
                0x0000000008002f40       0x7a build/stm32l4xx_ll_spi.o
                0x0000000008002f40                LL_SPI_Init
 *fill*         0x0000000008002fba        0x2 
 .text.LL_USART_Init
                0x0000000008002fbc       0xac build/stm32l4xx_ll_usart.o
                0x0000000008002fbc                LL_USART_Init
 .text.LL_SetSystemCoreClock
                0x0000000008003068        0xc build/stm32l4xx_ll_utils.o
                0x0000000008003068                LL_SetSystemCoreClock
 .text.lwrb_init
                0x0000000008003074       0x24 build/lwrb.o
                0x0000000008003074                lwrb_init
 .text.lwrb_get_free
                0x0000000008003098       0x34 build/lwrb.o
                0x0000000008003098                lwrb_get_free
 .text.lwrb_write
                0x00000000080030cc       0x98 build/lwrb.o
                0x00000000080030cc                lwrb_write
 .text.lwrb_get_full
                0x0000000008003164       0x30 build/lwrb.o
                0x0000000008003164                lwrb_get_full
 .text.lwrb_peek
                0x0000000008003194       0x7c build/lwrb.o
                0x0000000008003194                lwrb_peek
 .text.lwrb_find
                0x0000000008003210       0xb4 build/lwrb.o
                0x0000000008003210                lwrb_find
 .text.lwrb_reset
                0x00000000080032c4       0x26 build/lwrb.o
                0x00000000080032c4                lwrb_reset
 *fill*         0x00000000080032ea        0x2 
 .text.Reset_Handler
                0x00000000080032ec       0x50 build/startup_stm32l432xx.o
                0x00000000080032ec                Reset_Handler
 .text.Default_Handler
                0x000000000800333c        0x2 build/startup_stm32l432xx.o
                0x000000000800333c                TIM1_BRK_TIM15_IRQHandler
                0x000000000800333c                EXTI2_IRQHandler
                0x000000000800333c                TIM1_CC_IRQHandler
                0x000000000800333c                TSC_IRQHandler
                0x000000000800333c                TAMP_STAMP_IRQHandler
                0x000000000800333c                EXTI3_IRQHandler
                0x000000000800333c                LPTIM2_IRQHandler
                0x000000000800333c                I2C3_ER_IRQHandler
                0x000000000800333c                EXTI0_IRQHandler
                0x000000000800333c                CAN1_RX0_IRQHandler
                0x000000000800333c                FPU_IRQHandler
                0x000000000800333c                TIM1_UP_TIM16_IRQHandler
                0x000000000800333c                SPI1_IRQHandler
                0x000000000800333c                TIM6_DAC_IRQHandler
                0x000000000800333c                DMA2_Channel2_IRQHandler
                0x000000000800333c                ADC1_IRQHandler
                0x000000000800333c                CAN1_RX1_IRQHandler
                0x000000000800333c                DMA2_Channel1_IRQHandler
                0x000000000800333c                QUADSPI_IRQHandler
                0x000000000800333c                I2C1_EV_IRQHandler
                0x000000000800333c                DMA2_Channel4_IRQHandler
                0x000000000800333c                RCC_IRQHandler
                0x000000000800333c                TIM1_TRG_COM_IRQHandler
                0x000000000800333c                DMA1_Channel1_IRQHandler
                0x000000000800333c                Default_Handler
                0x000000000800333c                DMA2_Channel7_IRQHandler
                0x000000000800333c                EXTI15_10_IRQHandler
                0x000000000800333c                TIM7_IRQHandler
                0x000000000800333c                I2C3_EV_IRQHandler
                0x000000000800333c                USB_IRQHandler
                0x000000000800333c                RTC_WKUP_IRQHandler
                0x000000000800333c                PVD_PVM_IRQHandler
                0x000000000800333c                CAN1_TX_IRQHandler
                0x000000000800333c                DMA2_Channel5_IRQHandler
                0x000000000800333c                CRS_IRQHandler
                0x000000000800333c                EXTI4_IRQHandler
                0x000000000800333c                RNG_IRQHandler
                0x000000000800333c                COMP_IRQHandler
                0x000000000800333c                WWDG_IRQHandler
                0x000000000800333c                LPUART1_IRQHandler
                0x000000000800333c                DMA2_Channel6_IRQHandler
                0x000000000800333c                TIM2_IRQHandler
                0x000000000800333c                EXTI1_IRQHandler
                0x000000000800333c                USART2_IRQHandler
                0x000000000800333c                CAN1_SCE_IRQHandler
                0x000000000800333c                FLASH_IRQHandler
                0x000000000800333c                SPI3_IRQHandler
                0x000000000800333c                I2C1_ER_IRQHandler
                0x000000000800333c                SWPMI1_IRQHandler
                0x000000000800333c                LPTIM1_IRQHandler
                0x000000000800333c                SAI1_IRQHandler
                0x000000000800333c                DMA2_Channel3_IRQHandler
                0x000000000800333c                RTC_Alarm_IRQHandler
 .text.atoi     0x000000000800333e        0x8 /opt/homebrew/Cellar/arm-none-eabi-gcc/10.3-2021.07/gcc/bin/../lib/gcc/arm-none-eabi/10.3.1/../../../../arm-none-eabi/lib/thumb/v7e-m+fp/hard/libc_nano.a(lib_a-atoi.o)
                0x000000000800333e                atoi
 *fill*         0x0000000008003346        0x2 
 .text.calloc   0x0000000008003348       0x10 /opt/homebrew/Cellar/arm-none-eabi-gcc/10.3-2021.07/gcc/bin/../lib/gcc/arm-none-eabi/10.3.1/../../../../arm-none-eabi/lib/thumb/v7e-m+fp/hard/libc_nano.a(lib_a-calloc.o)
                0x0000000008003348                calloc
 .text.__errno  0x0000000008003358        0xc /opt/homebrew/Cellar/arm-none-eabi-gcc/10.3-2021.07/gcc/bin/../lib/gcc/arm-none-eabi/10.3.1/../../../../arm-none-eabi/lib/thumb/v7e-m+fp/hard/libc_nano.a(lib_a-errno.o)
                0x0000000008003358                __errno
 .text.__libc_init_array
                0x0000000008003364       0x48 /opt/homebrew/Cellar/arm-none-eabi-gcc/10.3-2021.07/gcc/bin/../lib/gcc/arm-none-eabi/10.3.1/../../../../arm-none-eabi/lib/thumb/v7e-m+fp/hard/libc_nano.a(lib_a-init.o)
                0x0000000008003364                __libc_init_array
 .text.memcpy   0x00000000080033ac       0x1c /opt/homebrew/Cellar/arm-none-eabi-gcc/10.3-2021.07/gcc/bin/../lib/gcc/arm-none-eabi/10.3.1/../../../../arm-none-eabi/lib/thumb/v7e-m+fp/hard/libc_nano.a(lib_a-memcpy-stub.o)
                0x00000000080033ac                memcpy
 .text.memset   0x00000000080033c8       0x10 /opt/homebrew/Cellar/arm-none-eabi-gcc/10.3-2021.07/gcc/bin/../lib/gcc/arm-none-eabi/10.3.1/../../../../arm-none-eabi/lib/thumb/v7e-m+fp/hard/libc_nano.a(lib_a-memset.o)
                0x00000000080033c8                memset
 .text._calloc_r
                0x00000000080033d8       0x2c /opt/homebrew/Cellar/arm-none-eabi-gcc/10.3-2021.07/gcc/bin/../lib/gcc/arm-none-eabi/10.3.1/../../../../arm-none-eabi/lib/thumb/v7e-m+fp/hard/libc_nano.a(lib_a-nano-callocr.o)
                0x00000000080033d8                _calloc_r
 .text.sbrk_aligned
                0x0000000008003404       0x40 /opt/homebrew/Cellar/arm-none-eabi-gcc/10.3-2021.07/gcc/bin/../lib/gcc/arm-none-eabi/10.3.1/../../../../arm-none-eabi/lib/thumb/v7e-m+fp/hard/libc_nano.a(lib_a-nano-mallocr.o)
 .text._malloc_r
                0x0000000008003444       0xe8 /opt/homebrew/Cellar/arm-none-eabi-gcc/10.3-2021.07/gcc/bin/../lib/gcc/arm-none-eabi/10.3.1/../../../../arm-none-eabi/lib/thumb/v7e-m+fp/hard/libc_nano.a(lib_a-nano-mallocr.o)
                0x0000000008003444                _malloc_r
 .text._sbrk_r  0x000000000800352c       0x20 /opt/homebrew/Cellar/arm-none-eabi-gcc/10.3-2021.07/gcc/bin/../lib/gcc/arm-none-eabi/10.3.1/../../../../arm-none-eabi/lib/thumb/v7e-m+fp/hard/libc_nano.a(lib_a-sbrkr.o)
                0x000000000800352c                _sbrk_r
 .text.sprintf  0x000000000800354c       0x40 /opt/homebrew/Cellar/arm-none-eabi-gcc/10.3-2021.07/gcc/bin/../lib/gcc/arm-none-eabi/10.3.1/../../../../arm-none-eabi/lib/thumb/v7e-m+fp/hard/libc_nano.a(lib_a-sprintf.o)
                0x000000000800354c                sprintf
                0x000000000800354c                siprintf
 .text.sscanf   0x000000000800358c       0x58 /opt/homebrew/Cellar/arm-none-eabi-gcc/10.3-2021.07/gcc/bin/../lib/gcc/arm-none-eabi/10.3.1/../../../../arm-none-eabi/lib/thumb/v7e-m+fp/hard/libc_nano.a(lib_a-sscanf.o)
                0x000000000800358c                sscanf
                0x000000000800358c                siscanf
 .text.__sread  0x00000000080035e4       0x22 /opt/homebrew/Cellar/arm-none-eabi-gcc/10.3-2021.07/gcc/bin/../lib/gcc/arm-none-eabi/10.3.1/../../../../arm-none-eabi/lib/thumb/v7e-m+fp/hard/libc_nano.a(lib_a-stdio.o)
                0x00000000080035e4                __sread
 .text.__seofread
                0x0000000008003606        0x4 /opt/homebrew/Cellar/arm-none-eabi-gcc/10.3-2021.07/gcc/bin/../lib/gcc/arm-none-eabi/10.3.1/../../../../arm-none-eabi/lib/thumb/v7e-m+fp/hard/libc_nano.a(lib_a-stdio.o)
                0x0000000008003606                __seofread
 .text.__swrite
                0x000000000800360a       0x38 /opt/homebrew/Cellar/arm-none-eabi-gcc/10.3-2021.07/gcc/bin/../lib/gcc/arm-none-eabi/10.3.1/../../../../arm-none-eabi/lib/thumb/v7e-m+fp/hard/libc_nano.a(lib_a-stdio.o)
                0x000000000800360a                __swrite
 .text.__sseek  0x0000000008003642       0x24 /opt/homebrew/Cellar/arm-none-eabi-gcc/10.3-2021.07/gcc/bin/../lib/gcc/arm-none-eabi/10.3.1/../../../../arm-none-eabi/lib/thumb/v7e-m+fp/hard/libc_nano.a(lib_a-stdio.o)
                0x0000000008003642                __sseek
 .text.__sclose
                0x0000000008003666        0x8 /opt/homebrew/Cellar/arm-none-eabi-gcc/10.3-2021.07/gcc/bin/../lib/gcc/arm-none-eabi/10.3.1/../../../../arm-none-eabi/lib/thumb/v7e-m+fp/hard/libc_nano.a(lib_a-stdio.o)
                0x0000000008003666                __sclose
 .text.strcat   0x000000000800366e       0x1e /opt/homebrew/Cellar/arm-none-eabi-gcc/10.3-2021.07/gcc/bin/../lib/gcc/arm-none-eabi/10.3.1/../../../../arm-none-eabi/lib/thumb/v7e-m+fp/hard/libc_nano.a(lib_a-strcat.o)
                0x000000000800366e                strcat
 .text.strchr   0x000000000800368c       0x1a /opt/homebrew/Cellar/arm-none-eabi-gcc/10.3-2021.07/gcc/bin/../lib/gcc/arm-none-eabi/10.3.1/../../../../arm-none-eabi/lib/thumb/v7e-m+fp/hard/libc_nano.a(lib_a-strchr.o)
                0x000000000800368c                strchr
 .text.strcpy   0x00000000080036a6       0x10 /opt/homebrew/Cellar/arm-none-eabi-gcc/10.3-2021.07/gcc/bin/../lib/gcc/arm-none-eabi/10.3.1/../../../../arm-none-eabi/lib/thumb/v7e-m+fp/hard/libc_nano.a(lib_a-strcpy.o)
                0x00000000080036a6                strcpy
 *fill*         0x00000000080036b6        0x2 
 .text.strdup   0x00000000080036b8       0x10 /opt/homebrew/Cellar/arm-none-eabi-gcc/10.3-2021.07/gcc/bin/../lib/gcc/arm-none-eabi/10.3.1/../../../../arm-none-eabi/lib/thumb/v7e-m+fp/hard/libc_nano.a(lib_a-strdup.o)
                0x00000000080036b8                strdup
 .text._strdup_r
                0x00000000080036c8       0x2a /opt/homebrew/Cellar/arm-none-eabi-gcc/10.3-2021.07/gcc/bin/../lib/gcc/arm-none-eabi/10.3.1/../../../../arm-none-eabi/lib/thumb/v7e-m+fp/hard/libc_nano.a(lib_a-strdup_r.o)
                0x00000000080036c8                _strdup_r
 .text.strncpy  0x00000000080036f2       0x26 /opt/homebrew/Cellar/arm-none-eabi-gcc/10.3-2021.07/gcc/bin/../lib/gcc/arm-none-eabi/10.3.1/../../../../arm-none-eabi/lib/thumb/v7e-m+fp/hard/libc_nano.a(lib_a-strncpy.o)
                0x00000000080036f2                strncpy
 .text.strstr   0x0000000008003718       0x2c /opt/homebrew/Cellar/arm-none-eabi-gcc/10.3-2021.07/gcc/bin/../lib/gcc/arm-none-eabi/10.3.1/../../../../arm-none-eabi/lib/thumb/v7e-m+fp/hard/libc_nano.a(lib_a-strstr.o)
                0x0000000008003718                strstr
 .text.strtok   0x0000000008003744       0x68 /opt/homebrew/Cellar/arm-none-eabi-gcc/10.3-2021.07/gcc/bin/../lib/gcc/arm-none-eabi/10.3.1/../../../../arm-none-eabi/lib/thumb/v7e-m+fp/hard/libc_nano.a(lib_a-strtok.o)
                0x0000000008003744                strtok
 .text.__strtok_r
                0x00000000080037ac       0x50 /opt/homebrew/Cellar/arm-none-eabi-gcc/10.3-2021.07/gcc/bin/../lib/gcc/arm-none-eabi/10.3.1/../../../../arm-none-eabi/lib/thumb/v7e-m+fp/hard/libc_nano.a(lib_a-strtok_r.o)
                0x00000000080037ac                __strtok_r
 .text._strtol_l.constprop.0
                0x00000000080037fc      0x104 /opt/homebrew/Cellar/arm-none-eabi-gcc/10.3-2021.07/gcc/bin/../lib/gcc/arm-none-eabi/10.3.1/../../../../arm-none-eabi/lib/thumb/v7e-m+fp/hard/libc_nano.a(lib_a-strtol.o)
 .text._strtol_r
                0x0000000008003900        0x4 /opt/homebrew/Cellar/arm-none-eabi-gcc/10.3-2021.07/gcc/bin/../lib/gcc/arm-none-eabi/10.3.1/../../../../arm-none-eabi/lib/thumb/v7e-m+fp/hard/libc_nano.a(lib_a-strtol.o)
                0x0000000008003900                _strtol_r
 .text.strtol   0x0000000008003904       0x14 /opt/homebrew/Cellar/arm-none-eabi-gcc/10.3-2021.07/gcc/bin/../lib/gcc/arm-none-eabi/10.3.1/../../../../arm-none-eabi/lib/thumb/v7e-m+fp/hard/libc_nano.a(lib_a-strtol.o)
                0x0000000008003904                strtol
 .text._write_r
                0x0000000008003918       0x24 /opt/homebrew/Cellar/arm-none-eabi-gcc/10.3-2021.07/gcc/bin/../lib/gcc/arm-none-eabi/10.3.1/../../../../arm-none-eabi/lib/thumb/v7e-m+fp/hard/libc_nano.a(lib_a-writer.o)
                0x0000000008003918                _write_r
 .text.__assert_func
                0x000000000800393c       0x3c /opt/homebrew/Cellar/arm-none-eabi-gcc/10.3-2021.07/gcc/bin/../lib/gcc/arm-none-eabi/10.3.1/../../../../arm-none-eabi/lib/thumb/v7e-m+fp/hard/libc_nano.a(lib_a-assert.o)
                0x000000000800393c                __assert_func
 .text._close_r
                0x0000000008003978       0x20 /opt/homebrew/Cellar/arm-none-eabi-gcc/10.3-2021.07/gcc/bin/../lib/gcc/arm-none-eabi/10.3.1/../../../../arm-none-eabi/lib/thumb/v7e-m+fp/hard/libc_nano.a(lib_a-closer.o)
                0x0000000008003978                _close_r
 .text.fprintf  0x0000000008003998       0x24 /opt/homebrew/Cellar/arm-none-eabi-gcc/10.3-2021.07/gcc/bin/../lib/gcc/arm-none-eabi/10.3.1/../../../../arm-none-eabi/lib/thumb/v7e-m+fp/hard/libc_nano.a(lib_a-fprintf.o)
                0x0000000008003998                fprintf
                0x0000000008003998                fiprintf
 .text._lseek_r
                0x00000000080039bc       0x24 /opt/homebrew/Cellar/arm-none-eabi-gcc/10.3-2021.07/gcc/bin/../lib/gcc/arm-none-eabi/10.3.1/../../../../arm-none-eabi/lib/thumb/v7e-m+fp/hard/libc_nano.a(lib_a-lseekr.o)
                0x00000000080039bc                _lseek_r
 .text.malloc   0x00000000080039e0       0x10 /opt/homebrew/Cellar/arm-none-eabi-gcc/10.3-2021.07/gcc/bin/../lib/gcc/arm-none-eabi/10.3.1/../../../../arm-none-eabi/lib/thumb/v7e-m+fp/hard/libc_nano.a(lib_a-malloc.o)
                0x00000000080039e0                malloc
 .text.__malloc_lock
                0x00000000080039f0        0xc /opt/homebrew/Cellar/arm-none-eabi-gcc/10.3-2021.07/gcc/bin/../lib/gcc/arm-none-eabi/10.3.1/../../../../arm-none-eabi/lib/thumb/v7e-m+fp/hard/libc_nano.a(lib_a-mlock.o)
                0x00000000080039f0                __malloc_lock
 .text.__malloc_unlock
                0x00000000080039fc        0xc /opt/homebrew/Cellar/arm-none-eabi-gcc/10.3-2021.07/gcc/bin/../lib/gcc/arm-none-eabi/10.3.1/../../../../arm-none-eabi/lib/thumb/v7e-m+fp/hard/libc_nano.a(lib_a-mlock.o)
                0x00000000080039fc                __malloc_unlock
 .text._free_r  0x0000000008003a08       0x98 /opt/homebrew/Cellar/arm-none-eabi-gcc/10.3-2021.07/gcc/bin/../lib/gcc/arm-none-eabi/10.3.1/../../../../arm-none-eabi/lib/thumb/v7e-m+fp/hard/libc_nano.a(lib_a-nano-freer.o)
                0x0000000008003a08                _free_r
 .text.__ssputs_r
                0x0000000008003aa0       0xb6 /opt/homebrew/Cellar/arm-none-eabi-gcc/10.3-2021.07/gcc/bin/../lib/gcc/arm-none-eabi/10.3.1/../../../../arm-none-eabi/lib/thumb/v7e-m+fp/hard/libc_nano.a(lib_a-nano-svfprintf.o)
                0x0000000008003aa0                __ssputs_r
 *fill*         0x0000000008003b56        0x2 
 .text._svfprintf_r
                0x0000000008003b58      0x200 /opt/homebrew/Cellar/arm-none-eabi-gcc/10.3-2021.07/gcc/bin/../lib/gcc/arm-none-eabi/10.3.1/../../../../arm-none-eabi/lib/thumb/v7e-m+fp/hard/libc_nano.a(lib_a-nano-svfprintf.o)
                0x0000000008003b58                _svfprintf_r
                0x0000000008003b58                _svfiprintf_r
 .text._sungetc_r
                0x0000000008003d58       0x7a /opt/homebrew/Cellar/arm-none-eabi-gcc/10.3-2021.07/gcc/bin/../lib/gcc/arm-none-eabi/10.3.1/../../../../arm-none-eabi/lib/thumb/v7e-m+fp/hard/libc_nano.a(lib_a-nano-svfscanf.o)
                0x0000000008003d58                _sungetc_r
 .text.__ssrefill_r
                0x0000000008003dd2       0x3a /opt/homebrew/Cellar/arm-none-eabi-gcc/10.3-2021.07/gcc/bin/../lib/gcc/arm-none-eabi/10.3.1/../../../../arm-none-eabi/lib/thumb/v7e-m+fp/hard/libc_nano.a(lib_a-nano-svfscanf.o)
                0x0000000008003dd2                __ssrefill_r
 .text.__ssvfscanf_r
                0x0000000008003e0c      0x2f0 /opt/homebrew/Cellar/arm-none-eabi-gcc/10.3-2021.07/gcc/bin/../lib/gcc/arm-none-eabi/10.3.1/../../../../arm-none-eabi/lib/thumb/v7e-m+fp/hard/libc_nano.a(lib_a-nano-svfscanf.o)
                0x0000000008003e0c                __ssvfscanf_r
                0x0000000008003e0c                __ssvfiscanf_r
 .text.__sfputc_r
                0x00000000080040fc       0x2e /opt/homebrew/Cellar/arm-none-eabi-gcc/10.3-2021.07/gcc/bin/../lib/gcc/arm-none-eabi/10.3.1/../../../../arm-none-eabi/lib/thumb/v7e-m+fp/hard/libc_nano.a(lib_a-nano-vfprintf.o)
 .text.__sfputs_r
                0x000000000800412a       0x24 /opt/homebrew/Cellar/arm-none-eabi-gcc/10.3-2021.07/gcc/bin/../lib/gcc/arm-none-eabi/10.3.1/../../../../arm-none-eabi/lib/thumb/v7e-m+fp/hard/libc_nano.a(lib_a-nano-vfprintf.o)
                0x000000000800412a                __sfputs_r
 *fill*         0x000000000800414e        0x2 
 .text._vfprintf_r
                0x0000000008004150      0x260 /opt/homebrew/Cellar/arm-none-eabi-gcc/10.3-2021.07/gcc/bin/../lib/gcc/arm-none-eabi/10.3.1/../../../../arm-none-eabi/lib/thumb/v7e-m+fp/hard/libc_nano.a(lib_a-nano-vfprintf.o)
                0x0000000008004150                _vfiprintf_r
                0x0000000008004150                _vfprintf_r
 .text._printf_common
                0x00000000080043b0       0xda /opt/homebrew/Cellar/arm-none-eabi-gcc/10.3-2021.07/gcc/bin/../lib/gcc/arm-none-eabi/10.3.1/../../../../arm-none-eabi/lib/thumb/v7e-m+fp/hard/libc_nano.a(lib_a-nano-vfprintf_i.o)
                0x00000000080043b0                _printf_common
 *fill*         0x000000000800448a        0x2 
 .text._printf_i
                0x000000000800448c      0x24c /opt/homebrew/Cellar/arm-none-eabi-gcc/10.3-2021.07/gcc/bin/../lib/gcc/arm-none-eabi/10.3.1/../../../../arm-none-eabi/lib/thumb/v7e-m+fp/hard/libc_nano.a(lib_a-nano-vfprintf_i.o)
                0x000000000800448c                _printf_i
 .text._scanf_chars
                0x00000000080046d8       0xb4 /opt/homebrew/Cellar/arm-none-eabi-gcc/10.3-2021.07/gcc/bin/../lib/gcc/arm-none-eabi/10.3.1/../../../../arm-none-eabi/lib/thumb/v7e-m+fp/hard/libc_nano.a(lib_a-nano-vfscanf_i.o)
                0x00000000080046d8                _scanf_chars
 .text._scanf_i
                0x000000000800478c      0x1f0 /opt/homebrew/Cellar/arm-none-eabi-gcc/10.3-2021.07/gcc/bin/../lib/gcc/arm-none-eabi/10.3.1/../../../../arm-none-eabi/lib/thumb/v7e-m+fp/hard/libc_nano.a(lib_a-nano-vfscanf_i.o)
                0x000000000800478c                _scanf_i
 .text._read_r  0x000000000800497c       0x24 /opt/homebrew/Cellar/arm-none-eabi-gcc/10.3-2021.07/gcc/bin/../lib/gcc/arm-none-eabi/10.3.1/../../../../arm-none-eabi/lib/thumb/v7e-m+fp/hard/libc_nano.a(lib_a-readr.o)
                0x000000000800497c                _read_r
 .text.__sccl   0x00000000080049a0       0x70 /opt/homebrew/Cellar/arm-none-eabi-gcc/10.3-2021.07/gcc/bin/../lib/gcc/arm-none-eabi/10.3.1/../../../../arm-none-eabi/lib/thumb/v7e-m+fp/hard/libc_nano.a(lib_a-sccl.o)
                0x00000000080049a0                __sccl
 .text._strtoul_l.constprop.0
                0x0000000008004a10       0xe4 /opt/homebrew/Cellar/arm-none-eabi-gcc/10.3-2021.07/gcc/bin/../lib/gcc/arm-none-eabi/10.3.1/../../../../arm-none-eabi/lib/thumb/v7e-m+fp/hard/libc_nano.a(lib_a-strtoul.o)
 .text._strtoul_r
                0x0000000008004af4        0x4 /opt/homebrew/Cellar/arm-none-eabi-gcc/10.3-2021.07/gcc/bin/../lib/gcc/arm-none-eabi/10.3.1/../../../../arm-none-eabi/lib/thumb/v7e-m+fp/hard/libc_nano.a(lib_a-strtoul.o)
                0x0000000008004af4                _strtoul_r
 .text.__submore
                0x0000000008004af8       0x74 /opt/homebrew/Cellar/arm-none-eabi-gcc/10.3-2021.07/gcc/bin/../lib/gcc/arm-none-eabi/10.3.1/../../../../arm-none-eabi/lib/thumb/v7e-m+fp/hard/libc_nano.a(lib_a-ungetc.o)
                0x0000000008004af8                __submore
 .text.__swbuf_r
                0x0000000008004b6c       0xa4 /opt/homebrew/Cellar/arm-none-eabi-gcc/10.3-2021.07/gcc/bin/../lib/gcc/arm-none-eabi/10.3.1/../../../../arm-none-eabi/lib/thumb/v7e-m+fp/hard/libc_nano.a(lib_a-wbuf.o)
                0x0000000008004b6c                __swbuf_r
 .text.__swsetup_r
                0x0000000008004c10       0xdc /opt/homebrew/Cellar/arm-none-eabi-gcc/10.3-2021.07/gcc/bin/../lib/gcc/arm-none-eabi/10.3.1/../../../../arm-none-eabi/lib/thumb/v7e-m+fp/hard/libc_nano.a(lib_a-wsetup.o)
                0x0000000008004c10                __swsetup_r
 .text.abort    0x0000000008004cec        0xe /opt/homebrew/Cellar/arm-none-eabi-gcc/10.3-2021.07/gcc/bin/../lib/gcc/arm-none-eabi/10.3.1/../../../../arm-none-eabi/lib/thumb/v7e-m+fp/hard/libc_nano.a(lib_a-abort.o)
                0x0000000008004cec                abort
 *fill*         0x0000000008004cfa        0x2 
 .text.__sflush_r
                0x0000000008004cfc      0x10c /opt/homebrew/Cellar/arm-none-eabi-gcc/10.3-2021.07/gcc/bin/../lib/gcc/arm-none-eabi/10.3.1/../../../../arm-none-eabi/lib/thumb/v7e-m+fp/hard/libc_nano.a(lib_a-fflush.o)
                0x0000000008004cfc                __sflush_r
 .text._fflush_r
                0x0000000008004e08       0x78 /opt/homebrew/Cellar/arm-none-eabi-gcc/10.3-2021.07/gcc/bin/../lib/gcc/arm-none-eabi/10.3.1/../../../../arm-none-eabi/lib/thumb/v7e-m+fp/hard/libc_nano.a(lib_a-fflush.o)
                0x0000000008004e08                _fflush_r
 .text.std      0x0000000008004e80       0x48 /opt/homebrew/Cellar/arm-none-eabi-gcc/10.3-2021.07/gcc/bin/../lib/gcc/arm-none-eabi/10.3.1/../../../../arm-none-eabi/lib/thumb/v7e-m+fp/hard/libc_nano.a(lib_a-findfp.o)
 .text._cleanup_r
                0x0000000008004ec8        0xc /opt/homebrew/Cellar/arm-none-eabi-gcc/10.3-2021.07/gcc/bin/../lib/gcc/arm-none-eabi/10.3.1/../../../../arm-none-eabi/lib/thumb/v7e-m+fp/hard/libc_nano.a(lib_a-findfp.o)
                0x0000000008004ec8                _cleanup_r
 .text.__sfmoreglue
                0x0000000008004ed4       0x2c /opt/homebrew/Cellar/arm-none-eabi-gcc/10.3-2021.07/gcc/bin/../lib/gcc/arm-none-eabi/10.3.1/../../../../arm-none-eabi/lib/thumb/v7e-m+fp/hard/libc_nano.a(lib_a-findfp.o)
                0x0000000008004ed4                __sfmoreglue
 .text.__sfp_lock_acquire
                0x0000000008004f00        0xc /opt/homebrew/Cellar/arm-none-eabi-gcc/10.3-2021.07/gcc/bin/../lib/gcc/arm-none-eabi/10.3.1/../../../../arm-none-eabi/lib/thumb/v7e-m+fp/hard/libc_nano.a(lib_a-findfp.o)
                0x0000000008004f00                __sfp_lock_acquire
 .text.__sfp_lock_release
                0x0000000008004f0c        0xc /opt/homebrew/Cellar/arm-none-eabi-gcc/10.3-2021.07/gcc/bin/../lib/gcc/arm-none-eabi/10.3.1/../../../../arm-none-eabi/lib/thumb/v7e-m+fp/hard/libc_nano.a(lib_a-findfp.o)
                0x0000000008004f0c                __sfp_lock_release
 .text.__sinit_lock_acquire
                0x0000000008004f18        0xc /opt/homebrew/Cellar/arm-none-eabi-gcc/10.3-2021.07/gcc/bin/../lib/gcc/arm-none-eabi/10.3.1/../../../../arm-none-eabi/lib/thumb/v7e-m+fp/hard/libc_nano.a(lib_a-findfp.o)
                0x0000000008004f18                __sinit_lock_acquire
 .text.__sinit_lock_release
                0x0000000008004f24        0xc /opt/homebrew/Cellar/arm-none-eabi-gcc/10.3-2021.07/gcc/bin/../lib/gcc/arm-none-eabi/10.3.1/../../../../arm-none-eabi/lib/thumb/v7e-m+fp/hard/libc_nano.a(lib_a-findfp.o)
                0x0000000008004f24                __sinit_lock_release
 .text.__sinit  0x0000000008004f30       0x70 /opt/homebrew/Cellar/arm-none-eabi-gcc/10.3-2021.07/gcc/bin/../lib/gcc/arm-none-eabi/10.3.1/../../../../arm-none-eabi/lib/thumb/v7e-m+fp/hard/libc_nano.a(lib_a-findfp.o)
                0x0000000008004f30                __sinit
 .text.__sfp    0x0000000008004fa0       0x8c /opt/homebrew/Cellar/arm-none-eabi-gcc/10.3-2021.07/gcc/bin/../lib/gcc/arm-none-eabi/10.3.1/../../../../arm-none-eabi/lib/thumb/v7e-m+fp/hard/libc_nano.a(lib_a-findfp.o)
                0x0000000008004fa0                __sfp
 .text._fwalk_reent
                0x000000000800502c       0x3e /opt/homebrew/Cellar/arm-none-eabi-gcc/10.3-2021.07/gcc/bin/../lib/gcc/arm-none-eabi/10.3.1/../../../../arm-none-eabi/lib/thumb/v7e-m+fp/hard/libc_nano.a(lib_a-fwalk.o)
                0x000000000800502c                _fwalk_reent
 .text.__retarget_lock_init_recursive
                0x000000000800506a        0x2 /opt/homebrew/Cellar/arm-none-eabi-gcc/10.3-2021.07/gcc/bin/../lib/gcc/arm-none-eabi/10.3.1/../../../../arm-none-eabi/lib/thumb/v7e-m+fp/hard/libc_nano.a(lib_a-lock.o)
                0x000000000800506a                __retarget_lock_init_recursive
 .text.__retarget_lock_acquire_recursive
                0x000000000800506c        0x2 /opt/homebrew/Cellar/arm-none-eabi-gcc/10.3-2021.07/gcc/bin/../lib/gcc/arm-none-eabi/10.3.1/../../../../arm-none-eabi/lib/thumb/v7e-m+fp/hard/libc_nano.a(lib_a-lock.o)
                0x000000000800506c                __retarget_lock_acquire_recursive
 .text.__retarget_lock_release_recursive
                0x000000000800506e        0x2 /opt/homebrew/Cellar/arm-none-eabi-gcc/10.3-2021.07/gcc/bin/../lib/gcc/arm-none-eabi/10.3.1/../../../../arm-none-eabi/lib/thumb/v7e-m+fp/hard/libc_nano.a(lib_a-lock.o)
                0x000000000800506e                __retarget_lock_release_recursive
 .text.__swhatbuf_r
                0x0000000008005070       0x4a /opt/homebrew/Cellar/arm-none-eabi-gcc/10.3-2021.07/gcc/bin/../lib/gcc/arm-none-eabi/10.3.1/../../../../arm-none-eabi/lib/thumb/v7e-m+fp/hard/libc_nano.a(lib_a-makebuf.o)
                0x0000000008005070                __swhatbuf_r
 *fill*         0x00000000080050ba        0x2 
 .text.__smakebuf_r
                0x00000000080050bc       0x80 /opt/homebrew/Cellar/arm-none-eabi-gcc/10.3-2021.07/gcc/bin/../lib/gcc/arm-none-eabi/10.3.1/../../../../arm-none-eabi/lib/thumb/v7e-m+fp/hard/libc_nano.a(lib_a-makebuf.o)
                0x00000000080050bc                __smakebuf_r
 .text.memmove  0x000000000800513c       0x34 /opt/homebrew/Cellar/arm-none-eabi-gcc/10.3-2021.07/gcc/bin/../lib/gcc/arm-none-eabi/10.3.1/../../../../arm-none-eabi/lib/thumb/v7e-m+fp/hard/libc_nano.a(lib_a-memmove.o)
                0x000000000800513c                memmove
 .text._realloc_r
                0x0000000008005170       0x5e /opt/homebrew/Cellar/arm-none-eabi-gcc/10.3-2021.07/gcc/bin/../lib/gcc/arm-none-eabi/10.3.1/../../../../arm-none-eabi/lib/thumb/v7e-m+fp/hard/libc_nano.a(lib_a-nano-reallocr.o)
                0x0000000008005170                _realloc_r
 .text._raise_r
                0x00000000080051ce       0x50 /opt/homebrew/Cellar/arm-none-eabi-gcc/10.3-2021.07/gcc/bin/../lib/gcc/arm-none-eabi/10.3.1/../../../../arm-none-eabi/lib/thumb/v7e-m+fp/hard/libc_nano.a(lib_a-signal.o)
                0x00000000080051ce                _raise_r
 *fill*         0x000000000800521e        0x2 
 .text.raise    0x0000000008005220       0x10 /opt/homebrew/Cellar/arm-none-eabi-gcc/10.3-2021.07/gcc/bin/../lib/gcc/arm-none-eabi/10.3.1/../../../../arm-none-eabi/lib/thumb/v7e-m+fp/hard/libc_nano.a(lib_a-signal.o)
                0x0000000008005220                raise
 .text._kill_r  0x0000000008005230       0x24 /opt/homebrew/Cellar/arm-none-eabi-gcc/10.3-2021.07/gcc/bin/../lib/gcc/arm-none-eabi/10.3.1/../../../../arm-none-eabi/lib/thumb/v7e-m+fp/hard/libc_nano.a(lib_a-signalr.o)
                0x0000000008005230                _kill_r
 .text._getpid_r
                0x0000000008005254        0x4 /opt/homebrew/Cellar/arm-none-eabi-gcc/10.3-2021.07/gcc/bin/../lib/gcc/arm-none-eabi/10.3.1/../../../../arm-none-eabi/lib/thumb/v7e-m+fp/hard/libc_nano.a(lib_a-signalr.o)
                0x0000000008005254                _getpid_r
 .text._fstat_r
                0x0000000008005258       0x24 /opt/homebrew/Cellar/arm-none-eabi-gcc/10.3-2021.07/gcc/bin/../lib/gcc/arm-none-eabi/10.3.1/../../../../arm-none-eabi/lib/thumb/v7e-m+fp/hard/libc_nano.a(lib_a-fstatr.o)
                0x0000000008005258                _fstat_r
 .text._isatty_r
                0x000000000800527c       0x20 /opt/homebrew/Cellar/arm-none-eabi-gcc/10.3-2021.07/gcc/bin/../lib/gcc/arm-none-eabi/10.3.1/../../../../arm-none-eabi/lib/thumb/v7e-m+fp/hard/libc_nano.a(lib_a-isattyr.o)
                0x000000000800527c                _isatty_r
 .text._malloc_usable_size_r
                0x000000000800529c       0x10 /opt/homebrew/Cellar/arm-none-eabi-gcc/10.3-2021.07/gcc/bin/../lib/gcc/arm-none-eabi/10.3.1/../../../../arm-none-eabi/lib/thumb/v7e-m+fp/hard/libc_nano.a(lib_a-nano-msizer.o)
                0x000000000800529c                _malloc_usable_size_r
 .text._sbrk    0x00000000080052ac       0x1c /opt/homebrew/Cellar/arm-none-eabi-gcc/10.3-2021.07/gcc/bin/../lib/gcc/arm-none-eabi/10.3.1/../../../../arm-none-eabi/lib/thumb/v7e-m+fp/hard/libnosys.a(sbrk.o)
                0x00000000080052ac                _sbrk
 *(.glue_7)
 .glue_7        0x00000000080052c8        0x0 linker stubs
 *(.glue_7t)
 .glue_7t       0x00000000080052c8        0x0 linker stubs
 *(.eh_frame)
 .eh_frame      0x00000000080052c8        0x0 /opt/homebrew/Cellar/arm-none-eabi-gcc/10.3-2021.07/gcc/bin/../lib/gcc/arm-none-eabi/10.3.1/thumb/v7e-m+fp/hard/crtbegin.o
 *(.init)
 .init          0x00000000080052c8        0x4 /opt/homebrew/Cellar/arm-none-eabi-gcc/10.3-2021.07/gcc/bin/../lib/gcc/arm-none-eabi/10.3.1/thumb/v7e-m+fp/hard/crti.o
                0x00000000080052c8                _init
 .init          0x00000000080052cc        0x8 /opt/homebrew/Cellar/arm-none-eabi-gcc/10.3-2021.07/gcc/bin/../lib/gcc/arm-none-eabi/10.3.1/thumb/v7e-m+fp/hard/crtn.o
 *(.fini)
 .fini          0x00000000080052d4        0x4 /opt/homebrew/Cellar/arm-none-eabi-gcc/10.3-2021.07/gcc/bin/../lib/gcc/arm-none-eabi/10.3.1/thumb/v7e-m+fp/hard/crti.o
                0x00000000080052d4                _fini
 .fini          0x00000000080052d8        0x8 /opt/homebrew/Cellar/arm-none-eabi-gcc/10.3-2021.07/gcc/bin/../lib/gcc/arm-none-eabi/10.3.1/thumb/v7e-m+fp/hard/crtn.o
                0x00000000080052e0                . = ALIGN (0x8)
                0x00000000080052e0                _etext = .

.vfp11_veneer   0x00000000080052e0        0x0
 .vfp11_veneer  0x00000000080052e0        0x0 linker stubs

.v4_bx          0x00000000080052e0        0x0
 .v4_bx         0x00000000080052e0        0x0 linker stubs

.iplt           0x00000000080052e0        0x0
 .iplt          0x00000000080052e0        0x0 /opt/homebrew/Cellar/arm-none-eabi-gcc/10.3-2021.07/gcc/bin/../lib/gcc/arm-none-eabi/10.3.1/thumb/v7e-m+fp/hard/crtbegin.o

.rodata         0x00000000080052e0    0x25e58
                0x00000000080052e0                . = ALIGN (0x8)
 *(.rodata)
 .rodata        0x00000000080052e0       0x1f build/ili9341.o
 *fill*         0x00000000080052ff        0x1 
 .rodata        0x0000000008005300        0xc /opt/homebrew/Cellar/arm-none-eabi-gcc/10.3-2021.07/gcc/bin/../lib/gcc/arm-none-eabi/10.3.1/../../../../arm-none-eabi/lib/thumb/v7e-m+fp/hard/libc_nano.a(lib_a-nano-vfscanf_i.o)
 *(.rodata*)
 .rodata.initTxPacket.str1.4
                0x000000000800530c       0x10 build/data_transfer.o
 .rodata.initRxPacket.str1.4
                0x000000000800531c       0x10 build/data_transfer.o
 .rodata.recvAndDisplayTouches.str1.4
                0x000000000800532c       0x1e build/data_transfer.o
 *fill*         0x000000000800534a        0x2 
 .rodata.Wifi_Init.str1.4
                0x000000000800534c       0x12 build/esp32.o
 *fill*         0x000000000800535e        0x2 
 .rodata.Wifi_Station_ConnectToAp.str1.4
                0x0000000008005360       0x52 build/esp32.o
 *fill*         0x00000000080053b2        0x2 
 .rodata.Wifi_GetApConnection.str1.4
                0x00000000080053b4       0x16 build/esp32.o
 *fill*         0x00000000080053ca        0x2 
 .rodata.SNTP_SetTimeZone.str1.4
                0x00000000080053cc       0x72 build/esp32.o
 *fill*         0x000000000800543e        0x2 
 .rodata.SNTP_TimeUpdated.str1.4
                0x0000000008005440       0x29 build/esp32.o
 *fill*         0x0000000008005469        0x3 
 .rodata.SNTP_Init.str1.4
                0x000000000800546c        0xd build/esp32.o
 *fill*         0x0000000008005479        0x3 
 .rodata.MQTT_SetUserConfig.str1.4
                0x000000000800547c       0x2f build/esp32.o
 *fill*         0x00000000080054ab        0x1 
 .rodata.MQTT_Connect.str1.4
                0x00000000080054ac       0x2b build/esp32.o
 *fill*         0x00000000080054d7        0x1 
 .rodata.MQTT_GetConnection.str1.4
                0x00000000080054d8       0x1b build/esp32.o
 *fill*         0x00000000080054f3        0x1 
 .rodata.MQTT_Init.str1.4
                0x00000000080054f4       0x4a build/esp32.o
 *fill*         0x000000000800553e        0x2 
 .rodata.MQTT_PublishRaw.str1.4
                0x0000000008005540       0x99 build/esp32.o
 *fill*         0x00000000080055d9        0x3 
 .rodata.MQTT_Subscribe.str1.4
                0x00000000080055dc       0x17 build/esp32.o
 *fill*         0x00000000080055f3        0x1 
 .rodata.MQTT_Unsubscribe.str1.4
                0x00000000080055f4       0x17 build/esp32.o
 *fill*         0x000000000800560b        0x1 
 .rodata.ili9341Init.str1.4
                0x000000000800560c       0x13 build/ili9341.o
 *fill*         0x000000000800561f        0x1 
 .rodata.main.str1.4
                0x0000000008005620       0x42 build/main.o
 *fill*         0x0000000008005662        0x2 
 .rodata.nellie
                0x0000000008005664    0x25800 build/main.o
                0x0000000008005664                nellie
 .rodata.AHBPrescTable
                0x000000000802ae64       0x10 build/system_stm32l4xx.o
                0x000000000802ae64                AHBPrescTable
 .rodata.APBPrescTable
                0x000000000802ae74        0x8 build/system_stm32l4xx.o
                0x000000000802ae74                APBPrescTable
 .rodata.MSIRangeTable
                0x000000000802ae7c       0x30 build/system_stm32l4xx.o
                0x000000000802ae7c                MSIRangeTable
 .rodata.coords2string.str1.4
                0x000000000802aeac       0x12 build/utilities.o
 *fill*         0x000000000802aebe        0x2 
 .rodata.stringToCoord.str1.4
                0x000000000802aec0        0x3 build/utilities.o
 *fill*         0x000000000802aec3        0x1 
 .rodata.split_string.str1.4
                0x000000000802aec4        0xc build/utilities.o
 .rodata._global_impure_ptr
                0x000000000802aed0        0x4 /opt/homebrew/Cellar/arm-none-eabi-gcc/10.3-2021.07/gcc/bin/../lib/gcc/arm-none-eabi/10.3.1/../../../../arm-none-eabi/lib/thumb/v7e-m+fp/hard/libc_nano.a(lib_a-impure.o)
                0x000000000802aed0                _global_impure_ptr
 .rodata.strtok.str1.1
                0x000000000802aed4       0x73 /opt/homebrew/Cellar/arm-none-eabi-gcc/10.3-2021.07/gcc/bin/../lib/gcc/arm-none-eabi/10.3.1/../../../../arm-none-eabi/lib/thumb/v7e-m+fp/hard/libc_nano.a(lib_a-strtok.o)
 .rodata.__assert_func.str1.1
                0x000000000802af47       0x3c /opt/homebrew/Cellar/arm-none-eabi-gcc/10.3-2021.07/gcc/bin/../lib/gcc/arm-none-eabi/10.3.1/../../../../arm-none-eabi/lib/thumb/v7e-m+fp/hard/libc_nano.a(lib_a-assert.o)
                                         0x3d (size before relaxing)
 .rodata._ctype_
                0x000000000802af83      0x101 /opt/homebrew/Cellar/arm-none-eabi-gcc/10.3-2021.07/gcc/bin/../lib/gcc/arm-none-eabi/10.3.1/../../../../arm-none-eabi/lib/thumb/v7e-m+fp/hard/libc_nano.a(lib_a-ctype_.o)
                0x000000000802af83                _ctype_
 .rodata._svfprintf_r.str1.1
                0x000000000802b084       0x11 /opt/homebrew/Cellar/arm-none-eabi-gcc/10.3-2021.07/gcc/bin/../lib/gcc/arm-none-eabi/10.3.1/../../../../arm-none-eabi/lib/thumb/v7e-m+fp/hard/libc_nano.a(lib_a-nano-svfprintf.o)
 .rodata.__ssvfscanf_r.str1.1
                0x000000000802b095        0x4 /opt/homebrew/Cellar/arm-none-eabi-gcc/10.3-2021.07/gcc/bin/../lib/gcc/arm-none-eabi/10.3.1/../../../../arm-none-eabi/lib/thumb/v7e-m+fp/hard/libc_nano.a(lib_a-nano-svfscanf.o)
 .rodata._vfprintf_r.str1.1
                0x000000000802b095       0x11 /opt/homebrew/Cellar/arm-none-eabi-gcc/10.3-2021.07/gcc/bin/../lib/gcc/arm-none-eabi/10.3.1/../../../../arm-none-eabi/lib/thumb/v7e-m+fp/hard/libc_nano.a(lib_a-nano-vfprintf.o)
 .rodata._printf_i.str1.1
                0x000000000802b095       0x22 /opt/homebrew/Cellar/arm-none-eabi-gcc/10.3-2021.07/gcc/bin/../lib/gcc/arm-none-eabi/10.3.1/../../../../arm-none-eabi/lib/thumb/v7e-m+fp/hard/libc_nano.a(lib_a-nano-vfprintf_i.o)
 .rodata.str1.1
                0x000000000802b0b7        0x9 /opt/homebrew/Cellar/arm-none-eabi-gcc/10.3-2021.07/gcc/bin/../lib/gcc/arm-none-eabi/10.3.1/../../../../arm-none-eabi/lib/thumb/v7e-m+fp/hard/libc_nano.a(lib_a-nano-vfscanf_i.o)
 .rodata._scanf_i.str1.1
                0x000000000802b0c0       0x12 /opt/homebrew/Cellar/arm-none-eabi-gcc/10.3-2021.07/gcc/bin/../lib/gcc/arm-none-eabi/10.3.1/../../../../arm-none-eabi/lib/thumb/v7e-m+fp/hard/libc_nano.a(lib_a-nano-vfscanf_i.o)
 *fill*         0x000000000802b0d2        0x2 
 .rodata.__sf_fake_stderr
                0x000000000802b0d4       0x20 /opt/homebrew/Cellar/arm-none-eabi-gcc/10.3-2021.07/gcc/bin/../lib/gcc/arm-none-eabi/10.3.1/../../../../arm-none-eabi/lib/thumb/v7e-m+fp/hard/libc_nano.a(lib_a-findfp.o)
                0x000000000802b0d4                __sf_fake_stderr
 .rodata.__sf_fake_stdin
                0x000000000802b0f4       0x20 /opt/homebrew/Cellar/arm-none-eabi-gcc/10.3-2021.07/gcc/bin/../lib/gcc/arm-none-eabi/10.3.1/../../../../arm-none-eabi/lib/thumb/v7e-m+fp/hard/libc_nano.a(lib_a-findfp.o)
                0x000000000802b0f4                __sf_fake_stdin
 .rodata.__sf_fake_stdout
                0x000000000802b114       0x20 /opt/homebrew/Cellar/arm-none-eabi-gcc/10.3-2021.07/gcc/bin/../lib/gcc/arm-none-eabi/10.3.1/../../../../arm-none-eabi/lib/thumb/v7e-m+fp/hard/libc_nano.a(lib_a-findfp.o)
                0x000000000802b114                __sf_fake_stdout
                0x000000000802b138                . = ALIGN (0x8)
 *fill*         0x000000000802b134        0x4 

.rel.dyn        0x000000000802b138        0x0
 .rel.iplt      0x000000000802b138        0x0 /opt/homebrew/Cellar/arm-none-eabi-gcc/10.3-2021.07/gcc/bin/../lib/gcc/arm-none-eabi/10.3.1/thumb/v7e-m+fp/hard/crtbegin.o

.ARM.extab      0x000000000802b138        0x0
                0x000000000802b138                . = ALIGN (0x8)
 *(.ARM.extab* .gnu.linkonce.armextab.*)
                0x000000000802b138                . = ALIGN (0x8)

.ARM            0x000000000802b138        0x0
                0x000000000802b138                . = ALIGN (0x8)
                0x000000000802b138                __exidx_start = .
 *(.ARM.exidx*)
                0x000000000802b138                __exidx_end = .
                0x000000000802b138                . = ALIGN (0x8)

.preinit_array  0x000000000802b138        0x0
                0x000000000802b138                . = ALIGN (0x8)
                0x000000000802b138                PROVIDE (__preinit_array_start = .)
 *(.preinit_array*)
                0x000000000802b138                PROVIDE (__preinit_array_end = .)
                0x000000000802b138                . = ALIGN (0x8)

.init_array     0x000000000802b138        0x8
                0x000000000802b138                . = ALIGN (0x8)
                0x000000000802b138                PROVIDE (__init_array_start = .)
 *(SORT_BY_NAME(.init_array.*))
 *(.init_array*)
 .init_array    0x000000000802b138        0x4 /opt/homebrew/Cellar/arm-none-eabi-gcc/10.3-2021.07/gcc/bin/../lib/gcc/arm-none-eabi/10.3.1/thumb/v7e-m+fp/hard/crtbegin.o
                0x000000000802b13c                PROVIDE (__init_array_end = .)
                0x000000000802b140                . = ALIGN (0x8)
 *fill*         0x000000000802b13c        0x4 

.fini_array     0x000000000802b140        0x8
                0x000000000802b140                . = ALIGN (0x8)
                [!provide]                        PROVIDE (__fini_array_start = .)
 *(SORT_BY_NAME(.fini_array.*))
 *(.fini_array*)
 .fini_array    0x000000000802b140        0x4 /opt/homebrew/Cellar/arm-none-eabi-gcc/10.3-2021.07/gcc/bin/../lib/gcc/arm-none-eabi/10.3.1/thumb/v7e-m+fp/hard/crtbegin.o
                [!provide]                        PROVIDE (__fini_array_end = .)
                0x000000000802b148                . = ALIGN (0x8)
 *fill*         0x000000000802b144        0x4 
                0x000000000802b148                _sidata = LOADADDR (.data)

.data           0x0000000020000000       0x78 load address 0x000000000802b148
                0x0000000020000000                . = ALIGN (0x8)
                0x0000000020000000                _sdata = .
 *(.data)
 *(.data*)
 .data._lcd_height
                0x0000000020000000        0x2 build/ili9341.o
                0x0000000020000000                _lcd_height
 .data._lcd_width
                0x0000000020000002        0x2 build/ili9341.o
                0x0000000020000002                _lcd_width
 .data.SystemCoreClock
                0x0000000020000004        0x4 build/system_stm32l4xx.o
                0x0000000020000004                SystemCoreClock
 .data.uwTickFreq
                0x0000000020000008        0x1 build/stm32l4xx_hal.o
                0x0000000020000008                uwTickFreq
 *fill*         0x0000000020000009        0x3 
 .data.uwTickPrio
                0x000000002000000c        0x4 build/stm32l4xx_hal.o
                0x000000002000000c                uwTickPrio
 .data._impure_ptr
                0x0000000020000010        0x4 /opt/homebrew/Cellar/arm-none-eabi-gcc/10.3-2021.07/gcc/bin/../lib/gcc/arm-none-eabi/10.3.1/../../../../arm-none-eabi/lib/thumb/v7e-m+fp/hard/libc_nano.a(lib_a-impure.o)
                0x0000000020000010                _impure_ptr
 .data.impure_data
                0x0000000020000014       0x60 /opt/homebrew/Cellar/arm-none-eabi-gcc/10.3-2021.07/gcc/bin/../lib/gcc/arm-none-eabi/10.3.1/../../../../arm-none-eabi/lib/thumb/v7e-m+fp/hard/libc_nano.a(lib_a-impure.o)
                0x0000000020000078                . = ALIGN (0x8)
 *fill*         0x0000000020000074        0x4 
                0x0000000020000078                _edata = .

.igot.plt       0x0000000020000078        0x0 load address 0x000000000802b1c0
 .igot.plt      0x0000000020000078        0x0 /opt/homebrew/Cellar/arm-none-eabi-gcc/10.3-2021.07/gcc/bin/../lib/gcc/arm-none-eabi/10.3.1/thumb/v7e-m+fp/hard/crtbegin.o
                0x0000000020000078                . = ALIGN (0x4)

.bss            0x0000000020000078     0x17bc load address 0x000000000802b1c0
                0x0000000020000078                _sbss = .
                0x0000000020000078                __bss_start__ = _sbss
 *(.bss)
 .bss           0x0000000020000078       0x1c /opt/homebrew/Cellar/arm-none-eabi-gcc/10.3-2021.07/gcc/bin/../lib/gcc/arm-none-eabi/10.3.1/thumb/v7e-m+fp/hard/crtbegin.o
 *(.bss*)
 .bss.RxCoords  0x0000000020000094      0x190 build/data_transfer.o
                0x0000000020000094                RxCoords
 .bss.TxCoords  0x0000000020000224      0x190 build/data_transfer.o
                0x0000000020000224                TxCoords
 .bss.elap_touch_time
                0x00000000200003b4        0x4 build/data_transfer.o
                0x00000000200003b4                elap_touch_time
 .bss.find_idx.1
                0x00000000200003b8        0x4 build/data_transfer.o
 .bss.last_loop_time
                0x00000000200003bc        0x4 build/data_transfer.o
                0x00000000200003bc                last_loop_time
 .bss.last_touch_time
                0x00000000200003c0        0x4 build/data_transfer.o
                0x00000000200003c0                last_touch_time
 .bss.loopCounter
                0x00000000200003c4        0x1 build/data_transfer.o
                0x00000000200003c4                loopCounter
 *fill*         0x00000000200003c5        0x3 
 .bss.prev_touch_time
                0x00000000200003c8        0x4 build/data_transfer.o
                0x00000000200003c8                prev_touch_time
 .bss.rxDataReady
                0x00000000200003cc        0x1 build/data_transfer.o
                0x00000000200003cc                rxDataReady
 .bss.rxTouchIdx.0
                0x00000000200003cd        0x1 build/data_transfer.o
 .bss.touchCounter
                0x00000000200003ce        0x1 build/data_transfer.o
                0x00000000200003ce                touchCounter
 .bss.touchDispIdx
                0x00000000200003cf        0x1 build/data_transfer.o
                0x00000000200003cf                touchDispIdx
 .bss.touchRecv
                0x00000000200003d0        0x1 build/data_transfer.o
                0x00000000200003d0                touchRecv
 .bss.txDataReady
                0x00000000200003d1        0x1 build/data_transfer.o
                0x00000000200003d1                txDataReady
 .bss.txTouchIdx
                0x00000000200003d2        0x1 build/data_transfer.o
                0x00000000200003d2                txTouchIdx
 .bss.frame1000Hz
                0x00000000200003d3        0x1 build/dwt_system.o
                0x00000000200003d3                frame1000Hz
 .bss.frame100Hz
                0x00000000200003d4        0x1 build/dwt_system.o
                0x00000000200003d4                frame100Hz
 .bss.frame10Hz
                0x00000000200003d5        0x1 build/dwt_system.o
                0x00000000200003d5                frame10Hz
 .bss.frame1Hz  0x00000000200003d6        0x1 build/dwt_system.o
                0x00000000200003d6                frame1Hz
 *fill*         0x00000000200003d7        0x1 
 .bss.frameCounter
                0x00000000200003d8        0x2 build/dwt_system.o
                0x00000000200003d8                frameCounter
 *fill*         0x00000000200003da        0x2 
 .bss.sysTickCycleCounter
                0x00000000200003dc        0x4 build/dwt_system.o
 .bss.sysTickUptime
                0x00000000200003e0        0x4 build/dwt_system.o
 .bss.usTicks   0x00000000200003e4        0x4 build/dwt_system.o
 .bss.MQTT      0x00000000200003e8      0x228 build/esp32.o
                0x00000000200003e8                MQTT
 .bss.SNTP      0x0000000020000610       0x20 build/esp32.o
                0x0000000020000610                SNTP
 .bss.Wifi      0x0000000020000630      0x1ac build/esp32.o
                0x0000000020000630                Wifi
 .bss.items.0   0x00000000200007dc       0x18 build/esp32.o
 .bss.touchData
                0x00000000200007f4        0x8 build/ft6206.o
                0x00000000200007f4                touchData
 .bss.i2c1Timeout
                0x00000000200007fc        0x1 build/i2c.o
                0x00000000200007fc                i2c1Timeout
 .bss.rx_finished
                0x00000000200007fd        0x1 build/i2c.o
                0x00000000200007fd                rx_finished
 .bss.tx_finished
                0x00000000200007fe        0x1 build/i2c.o
                0x00000000200007fe                tx_finished
 .bss.dummy.0   0x00000000200007ff        0x1 build/ili9341.o
 .bss.dummy.1   0x0000000020000800        0x1 build/ili9341.o
 .bss.rxBuf     0x0000000020000801        0x1 build/ili9341.o
                0x0000000020000801                rxBuf
 .bss.transferComplete
                0x0000000020000802        0x1 build/spi.o
                0x0000000020000802                transferComplete
 *fill*         0x0000000020000803        0x1 
 .bss.Buffs     0x0000000020000804     0x1014 build/usart.o
                0x0000000020000804                Buffs
 .bss.old_pos.0
                0x0000000020001818        0x4 build/usart.o
 .bss.utx_finished
                0x000000002000181c        0x1 build/usart.o
                0x000000002000181c                utx_finished
 *fill*         0x000000002000181d        0x3 
 .bss.__malloc_free_list
                0x0000000020001820        0x4 /opt/homebrew/Cellar/arm-none-eabi-gcc/10.3-2021.07/gcc/bin/../lib/gcc/arm-none-eabi/10.3.1/../../../../arm-none-eabi/lib/thumb/v7e-m+fp/hard/libc_nano.a(lib_a-nano-mallocr.o)
                0x0000000020001820                __malloc_free_list
 .bss.__malloc_sbrk_start
                0x0000000020001824        0x4 /opt/homebrew/Cellar/arm-none-eabi-gcc/10.3-2021.07/gcc/bin/../lib/gcc/arm-none-eabi/10.3.1/../../../../arm-none-eabi/lib/thumb/v7e-m+fp/hard/libc_nano.a(lib_a-nano-mallocr.o)
                0x0000000020001824                __malloc_sbrk_start
 .bss.errno     0x0000000020001828        0x4 /opt/homebrew/Cellar/arm-none-eabi-gcc/10.3-2021.07/gcc/bin/../lib/gcc/arm-none-eabi/10.3.1/../../../../arm-none-eabi/lib/thumb/v7e-m+fp/hard/libc_nano.a(lib_a-reent.o)
                0x0000000020001828                errno
 .bss.__lock___malloc_recursive_mutex
                0x000000002000182c        0x1 /opt/homebrew/Cellar/arm-none-eabi-gcc/10.3-2021.07/gcc/bin/../lib/gcc/arm-none-eabi/10.3.1/../../../../arm-none-eabi/lib/thumb/v7e-m+fp/hard/libc_nano.a(lib_a-lock.o)
                0x000000002000182c                __lock___malloc_recursive_mutex
 .bss.__lock___sfp_recursive_mutex
                0x000000002000182d        0x1 /opt/homebrew/Cellar/arm-none-eabi-gcc/10.3-2021.07/gcc/bin/../lib/gcc/arm-none-eabi/10.3.1/../../../../arm-none-eabi/lib/thumb/v7e-m+fp/hard/libc_nano.a(lib_a-lock.o)
                0x000000002000182d                __lock___sfp_recursive_mutex
 .bss.__lock___sinit_recursive_mutex
                0x000000002000182e        0x1 /opt/homebrew/Cellar/arm-none-eabi-gcc/10.3-2021.07/gcc/bin/../lib/gcc/arm-none-eabi/10.3.1/../../../../arm-none-eabi/lib/thumb/v7e-m+fp/hard/libc_nano.a(lib_a-lock.o)
                0x000000002000182e                __lock___sinit_recursive_mutex
 *fill*         0x000000002000182f        0x1 
 .bss.heap_end.0
                0x0000000020001830        0x4 /opt/homebrew/Cellar/arm-none-eabi-gcc/10.3-2021.07/gcc/bin/../lib/gcc/arm-none-eabi/10.3.1/../../../../arm-none-eabi/lib/thumb/v7e-m+fp/hard/libnosys.a(sbrk.o)
 *(COMMON)
                0x0000000020001834                . = ALIGN (0x4)
                0x0000000020001834                _ebss = .
                0x0000000020001834                __bss_end__ = _ebss

._user_heap_stack
                0x0000000020001834      0x604 load address 0x000000000802b1c0
                0x0000000020001838                . = ALIGN (0x8)
 *fill*         0x0000000020001834        0x4 
                0x0000000020001838                PROVIDE (end = .)
                [!provide]                        PROVIDE (_end = .)
                0x0000000020001a38                . = (. + _Min_Heap_Size)
 *fill*         0x0000000020001838      0x200 
                0x0000000020001e38                . = (. + _Min_Stack_Size)
 *fill*         0x0000000020001a38      0x400 
                0x0000000020001e38                . = ALIGN (0x8)

/DISCARD/
 libc.a(*)
 libm.a(*)
 libgcc.a(*)

.ARM.attributes
                0x0000000000000000       0x30
 *(.ARM.attributes)
 .ARM.attributes
                0x0000000000000000       0x1e /opt/homebrew/Cellar/arm-none-eabi-gcc/10.3-2021.07/gcc/bin/../lib/gcc/arm-none-eabi/10.3.1/thumb/v7e-m+fp/hard/crti.o
 .ARM.attributes
                0x000000000000001e       0x34 /opt/homebrew/Cellar/arm-none-eabi-gcc/10.3-2021.07/gcc/bin/../lib/gcc/arm-none-eabi/10.3.1/thumb/v7e-m+fp/hard/crtbegin.o
 .ARM.attributes
                0x0000000000000052       0x34 build/data_transfer.o
 .ARM.attributes
                0x0000000000000086       0x34 build/dma.o
 .ARM.attributes
                0x00000000000000ba       0x34 build/dwt_system.o
 .ARM.attributes
                0x00000000000000ee       0x34 build/esp32.o
 .ARM.attributes
                0x0000000000000122       0x34 build/ft6206.o
 .ARM.attributes
                0x0000000000000156       0x34 build/gpio.o
 .ARM.attributes
                0x000000000000018a       0x34 build/graphics.o
 .ARM.attributes
                0x00000000000001be       0x34 build/i2c.o
 .ARM.attributes
                0x00000000000001f2       0x34 build/ili9341.o
 .ARM.attributes
                0x0000000000000226       0x34 build/main.o
 .ARM.attributes
                0x000000000000025a       0x34 build/spi.o
 .ARM.attributes
                0x000000000000028e       0x34 build/stm32l4xx_it.o
 .ARM.attributes
                0x00000000000002c2       0x34 build/syscalls.o
 .ARM.attributes
                0x00000000000002f6       0x34 build/system_stm32l4xx.o
 .ARM.attributes
                0x000000000000032a       0x34 build/usart.o
 .ARM.attributes
                0x000000000000035e       0x34 build/utilities.o
 .ARM.attributes
                0x0000000000000392       0x34 build/stm32l4xx_hal.o
 .ARM.attributes
                0x00000000000003c6       0x34 build/stm32l4xx_hal_cortex.o
 .ARM.attributes
                0x00000000000003fa       0x34 build/stm32l4xx_ll_exti.o
 .ARM.attributes
                0x000000000000042e       0x34 build/stm32l4xx_ll_gpio.o
 .ARM.attributes
                0x0000000000000462       0x34 build/stm32l4xx_ll_i2c.o
 .ARM.attributes
                0x0000000000000496       0x34 build/stm32l4xx_ll_rcc.o
 .ARM.attributes
                0x00000000000004ca       0x34 build/stm32l4xx_ll_spi.o
 .ARM.attributes
                0x00000000000004fe       0x34 build/stm32l4xx_ll_usart.o
 .ARM.attributes
                0x0000000000000532       0x34 build/stm32l4xx_ll_utils.o
 .ARM.attributes
                0x0000000000000566       0x34 build/lwrb.o
 .ARM.attributes
                0x000000000000059a       0x21 build/startup_stm32l432xx.o
 .ARM.attributes
                0x00000000000005bb       0x34 /opt/homebrew/Cellar/arm-none-eabi-gcc/10.3-2021.07/gcc/bin/../lib/gcc/arm-none-eabi/10.3.1/../../../../arm-none-eabi/lib/thumb/v7e-m+fp/hard/libc_nano.a(lib_a-atoi.o)
 .ARM.attributes
                0x00000000000005ef       0x34 /opt/homebrew/Cellar/arm-none-eabi-gcc/10.3-2021.07/gcc/bin/../lib/gcc/arm-none-eabi/10.3.1/../../../../arm-none-eabi/lib/thumb/v7e-m+fp/hard/libc_nano.a(lib_a-calloc.o)
 .ARM.attributes
                0x0000000000000623       0x34 /opt/homebrew/Cellar/arm-none-eabi-gcc/10.3-2021.07/gcc/bin/../lib/gcc/arm-none-eabi/10.3.1/../../../../arm-none-eabi/lib/thumb/v7e-m+fp/hard/libc_nano.a(lib_a-errno.o)
 .ARM.attributes
                0x0000000000000657       0x32 /opt/homebrew/Cellar/arm-none-eabi-gcc/10.3-2021.07/gcc/bin/../lib/gcc/arm-none-eabi/10.3.1/../../../../arm-none-eabi/lib/thumb/v7e-m+fp/hard/libc_nano.a(lib_a-impure.o)
 .ARM.attributes
                0x0000000000000689       0x34 /opt/homebrew/Cellar/arm-none-eabi-gcc/10.3-2021.07/gcc/bin/../lib/gcc/arm-none-eabi/10.3.1/../../../../arm-none-eabi/lib/thumb/v7e-m+fp/hard/libc_nano.a(lib_a-init.o)
 .ARM.attributes
                0x00000000000006bd       0x34 /opt/homebrew/Cellar/arm-none-eabi-gcc/10.3-2021.07/gcc/bin/../lib/gcc/arm-none-eabi/10.3.1/../../../../arm-none-eabi/lib/thumb/v7e-m+fp/hard/libc_nano.a(lib_a-memcpy-stub.o)
 .ARM.attributes
                0x00000000000006f1       0x34 /opt/homebrew/Cellar/arm-none-eabi-gcc/10.3-2021.07/gcc/bin/../lib/gcc/arm-none-eabi/10.3.1/../../../../arm-none-eabi/lib/thumb/v7e-m+fp/hard/libc_nano.a(lib_a-memset.o)
 .ARM.attributes
                0x0000000000000725       0x34 /opt/homebrew/Cellar/arm-none-eabi-gcc/10.3-2021.07/gcc/bin/../lib/gcc/arm-none-eabi/10.3.1/../../../../arm-none-eabi/lib/thumb/v7e-m+fp/hard/libc_nano.a(lib_a-nano-callocr.o)
 .ARM.attributes
                0x0000000000000759       0x34 /opt/homebrew/Cellar/arm-none-eabi-gcc/10.3-2021.07/gcc/bin/../lib/gcc/arm-none-eabi/10.3.1/../../../../arm-none-eabi/lib/thumb/v7e-m+fp/hard/libc_nano.a(lib_a-nano-mallocr.o)
 .ARM.attributes
                0x000000000000078d       0x34 /opt/homebrew/Cellar/arm-none-eabi-gcc/10.3-2021.07/gcc/bin/../lib/gcc/arm-none-eabi/10.3.1/../../../../arm-none-eabi/lib/thumb/v7e-m+fp/hard/libc_nano.a(lib_a-sbrkr.o)
 .ARM.attributes
                0x00000000000007c1       0x34 /opt/homebrew/Cellar/arm-none-eabi-gcc/10.3-2021.07/gcc/bin/../lib/gcc/arm-none-eabi/10.3.1/../../../../arm-none-eabi/lib/thumb/v7e-m+fp/hard/libc_nano.a(lib_a-sprintf.o)
 .ARM.attributes
                0x00000000000007f5       0x34 /opt/homebrew/Cellar/arm-none-eabi-gcc/10.3-2021.07/gcc/bin/../lib/gcc/arm-none-eabi/10.3.1/../../../../arm-none-eabi/lib/thumb/v7e-m+fp/hard/libc_nano.a(lib_a-sscanf.o)
 .ARM.attributes
                0x0000000000000829       0x34 /opt/homebrew/Cellar/arm-none-eabi-gcc/10.3-2021.07/gcc/bin/../lib/gcc/arm-none-eabi/10.3.1/../../../../arm-none-eabi/lib/thumb/v7e-m+fp/hard/libc_nano.a(lib_a-stdio.o)
 .ARM.attributes
                0x000000000000085d       0x34 /opt/homebrew/Cellar/arm-none-eabi-gcc/10.3-2021.07/gcc/bin/../lib/gcc/arm-none-eabi/10.3.1/../../../../arm-none-eabi/lib/thumb/v7e-m+fp/hard/libc_nano.a(lib_a-strcat.o)
 .ARM.attributes
                0x0000000000000891       0x34 /opt/homebrew/Cellar/arm-none-eabi-gcc/10.3-2021.07/gcc/bin/../lib/gcc/arm-none-eabi/10.3.1/../../../../arm-none-eabi/lib/thumb/v7e-m+fp/hard/libc_nano.a(lib_a-strchr.o)
 .ARM.attributes
                0x00000000000008c5       0x34 /opt/homebrew/Cellar/arm-none-eabi-gcc/10.3-2021.07/gcc/bin/../lib/gcc/arm-none-eabi/10.3.1/../../../../arm-none-eabi/lib/thumb/v7e-m+fp/hard/libc_nano.a(lib_a-strcpy.o)
 .ARM.attributes
                0x00000000000008f9       0x34 /opt/homebrew/Cellar/arm-none-eabi-gcc/10.3-2021.07/gcc/bin/../lib/gcc/arm-none-eabi/10.3.1/../../../../arm-none-eabi/lib/thumb/v7e-m+fp/hard/libc_nano.a(lib_a-strdup.o)
 .ARM.attributes
                0x000000000000092d       0x34 /opt/homebrew/Cellar/arm-none-eabi-gcc/10.3-2021.07/gcc/bin/../lib/gcc/arm-none-eabi/10.3.1/../../../../arm-none-eabi/lib/thumb/v7e-m+fp/hard/libc_nano.a(lib_a-strdup_r.o)
 .ARM.attributes
                0x0000000000000961       0x17 /opt/homebrew/Cellar/arm-none-eabi-gcc/10.3-2021.07/gcc/bin/../lib/gcc/arm-none-eabi/10.3.1/../../../../arm-none-eabi/lib/thumb/v7e-m+fp/hard/libc_nano.a(lib_a-strlen.o)
 .ARM.attributes
                0x0000000000000978       0x34 /opt/homebrew/Cellar/arm-none-eabi-gcc/10.3-2021.07/gcc/bin/../lib/gcc/arm-none-eabi/10.3.1/../../../../arm-none-eabi/lib/thumb/v7e-m+fp/hard/libc_nano.a(lib_a-strncpy.o)
 .ARM.attributes
                0x00000000000009ac       0x34 /opt/homebrew/Cellar/arm-none-eabi-gcc/10.3-2021.07/gcc/bin/../lib/gcc/arm-none-eabi/10.3.1/../../../../arm-none-eabi/lib/thumb/v7e-m+fp/hard/libc_nano.a(lib_a-strstr.o)
 .ARM.attributes
                0x00000000000009e0       0x34 /opt/homebrew/Cellar/arm-none-eabi-gcc/10.3-2021.07/gcc/bin/../lib/gcc/arm-none-eabi/10.3.1/../../../../arm-none-eabi/lib/thumb/v7e-m+fp/hard/libc_nano.a(lib_a-strtok.o)
 .ARM.attributes
                0x0000000000000a14       0x34 /opt/homebrew/Cellar/arm-none-eabi-gcc/10.3-2021.07/gcc/bin/../lib/gcc/arm-none-eabi/10.3.1/../../../../arm-none-eabi/lib/thumb/v7e-m+fp/hard/libc_nano.a(lib_a-strtok_r.o)
 .ARM.attributes
                0x0000000000000a48       0x34 /opt/homebrew/Cellar/arm-none-eabi-gcc/10.3-2021.07/gcc/bin/../lib/gcc/arm-none-eabi/10.3.1/../../../../arm-none-eabi/lib/thumb/v7e-m+fp/hard/libc_nano.a(lib_a-strtol.o)
 .ARM.attributes
                0x0000000000000a7c       0x34 /opt/homebrew/Cellar/arm-none-eabi-gcc/10.3-2021.07/gcc/bin/../lib/gcc/arm-none-eabi/10.3.1/../../../../arm-none-eabi/lib/thumb/v7e-m+fp/hard/libc_nano.a(lib_a-writer.o)
 .ARM.attributes
                0x0000000000000ab0       0x34 /opt/homebrew/Cellar/arm-none-eabi-gcc/10.3-2021.07/gcc/bin/../lib/gcc/arm-none-eabi/10.3.1/../../../../arm-none-eabi/lib/thumb/v7e-m+fp/hard/libc_nano.a(lib_a-assert.o)
 .ARM.attributes
                0x0000000000000ae4       0x34 /opt/homebrew/Cellar/arm-none-eabi-gcc/10.3-2021.07/gcc/bin/../lib/gcc/arm-none-eabi/10.3.1/../../../../arm-none-eabi/lib/thumb/v7e-m+fp/hard/libc_nano.a(lib_a-closer.o)
 .ARM.attributes
                0x0000000000000b18       0x32 /opt/homebrew/Cellar/arm-none-eabi-gcc/10.3-2021.07/gcc/bin/../lib/gcc/arm-none-eabi/10.3.1/../../../../arm-none-eabi/lib/thumb/v7e-m+fp/hard/libc_nano.a(lib_a-ctype_.o)
 .ARM.attributes
                0x0000000000000b4a       0x34 /opt/homebrew/Cellar/arm-none-eabi-gcc/10.3-2021.07/gcc/bin/../lib/gcc/arm-none-eabi/10.3.1/../../../../arm-none-eabi/lib/thumb/v7e-m+fp/hard/libc_nano.a(lib_a-fprintf.o)
 .ARM.attributes
                0x0000000000000b7e       0x34 /opt/homebrew/Cellar/arm-none-eabi-gcc/10.3-2021.07/gcc/bin/../lib/gcc/arm-none-eabi/10.3.1/../../../../arm-none-eabi/lib/thumb/v7e-m+fp/hard/libc_nano.a(lib_a-lseekr.o)
 .ARM.attributes
                0x0000000000000bb2       0x34 /opt/homebrew/Cellar/arm-none-eabi-gcc/10.3-2021.07/gcc/bin/../lib/gcc/arm-none-eabi/10.3.1/../../../../arm-none-eabi/lib/thumb/v7e-m+fp/hard/libc_nano.a(lib_a-malloc.o)
 .ARM.attributes
                0x0000000000000be6       0x34 /opt/homebrew/Cellar/arm-none-eabi-gcc/10.3-2021.07/gcc/bin/../lib/gcc/arm-none-eabi/10.3.1/../../../../arm-none-eabi/lib/thumb/v7e-m+fp/hard/libc_nano.a(lib_a-mlock.o)
 .ARM.attributes
                0x0000000000000c1a       0x34 /opt/homebrew/Cellar/arm-none-eabi-gcc/10.3-2021.07/gcc/bin/../lib/gcc/arm-none-eabi/10.3.1/../../../../arm-none-eabi/lib/thumb/v7e-m+fp/hard/libc_nano.a(lib_a-nano-freer.o)
 .ARM.attributes
                0x0000000000000c4e       0x34 /opt/homebrew/Cellar/arm-none-eabi-gcc/10.3-2021.07/gcc/bin/../lib/gcc/arm-none-eabi/10.3.1/../../../../arm-none-eabi/lib/thumb/v7e-m+fp/hard/libc_nano.a(lib_a-nano-svfprintf.o)
 .ARM.attributes
                0x0000000000000c82       0x34 /opt/homebrew/Cellar/arm-none-eabi-gcc/10.3-2021.07/gcc/bin/../lib/gcc/arm-none-eabi/10.3.1/../../../../arm-none-eabi/lib/thumb/v7e-m+fp/hard/libc_nano.a(lib_a-nano-svfscanf.o)
 .ARM.attributes
                0x0000000000000cb6       0x34 /opt/homebrew/Cellar/arm-none-eabi-gcc/10.3-2021.07/gcc/bin/../lib/gcc/arm-none-eabi/10.3.1/../../../../arm-none-eabi/lib/thumb/v7e-m+fp/hard/libc_nano.a(lib_a-nano-vfprintf.o)
 .ARM.attributes
                0x0000000000000cea       0x34 /opt/homebrew/Cellar/arm-none-eabi-gcc/10.3-2021.07/gcc/bin/../lib/gcc/arm-none-eabi/10.3.1/../../../../arm-none-eabi/lib/thumb/v7e-m+fp/hard/libc_nano.a(lib_a-nano-vfprintf_i.o)
 .ARM.attributes
                0x0000000000000d1e       0x34 /opt/homebrew/Cellar/arm-none-eabi-gcc/10.3-2021.07/gcc/bin/../lib/gcc/arm-none-eabi/10.3.1/../../../../arm-none-eabi/lib/thumb/v7e-m+fp/hard/libc_nano.a(lib_a-nano-vfscanf_i.o)
 .ARM.attributes
                0x0000000000000d52       0x34 /opt/homebrew/Cellar/arm-none-eabi-gcc/10.3-2021.07/gcc/bin/../lib/gcc/arm-none-eabi/10.3.1/../../../../arm-none-eabi/lib/thumb/v7e-m+fp/hard/libc_nano.a(lib_a-readr.o)
 .ARM.attributes
                0x0000000000000d86       0x34 /opt/homebrew/Cellar/arm-none-eabi-gcc/10.3-2021.07/gcc/bin/../lib/gcc/arm-none-eabi/10.3.1/../../../../arm-none-eabi/lib/thumb/v7e-m+fp/hard/libc_nano.a(lib_a-reent.o)
 .ARM.attributes
                0x0000000000000dba       0x34 /opt/homebrew/Cellar/arm-none-eabi-gcc/10.3-2021.07/gcc/bin/../lib/gcc/arm-none-eabi/10.3.1/../../../../arm-none-eabi/lib/thumb/v7e-m+fp/hard/libc_nano.a(lib_a-sccl.o)
 .ARM.attributes
                0x0000000000000dee       0x34 /opt/homebrew/Cellar/arm-none-eabi-gcc/10.3-2021.07/gcc/bin/../lib/gcc/arm-none-eabi/10.3.1/../../../../arm-none-eabi/lib/thumb/v7e-m+fp/hard/libc_nano.a(lib_a-strtoul.o)
 .ARM.attributes
                0x0000000000000e22       0x34 /opt/homebrew/Cellar/arm-none-eabi-gcc/10.3-2021.07/gcc/bin/../lib/gcc/arm-none-eabi/10.3.1/../../../../arm-none-eabi/lib/thumb/v7e-m+fp/hard/libc_nano.a(lib_a-ungetc.o)
 .ARM.attributes
                0x0000000000000e56       0x34 /opt/homebrew/Cellar/arm-none-eabi-gcc/10.3-2021.07/gcc/bin/../lib/gcc/arm-none-eabi/10.3.1/../../../../arm-none-eabi/lib/thumb/v7e-m+fp/hard/libc_nano.a(lib_a-wbuf.o)
 .ARM.attributes
                0x0000000000000e8a       0x34 /opt/homebrew/Cellar/arm-none-eabi-gcc/10.3-2021.07/gcc/bin/../lib/gcc/arm-none-eabi/10.3.1/../../../../arm-none-eabi/lib/thumb/v7e-m+fp/hard/libc_nano.a(lib_a-wsetup.o)
 .ARM.attributes
                0x0000000000000ebe       0x34 /opt/homebrew/Cellar/arm-none-eabi-gcc/10.3-2021.07/gcc/bin/../lib/gcc/arm-none-eabi/10.3.1/../../../../arm-none-eabi/lib/thumb/v7e-m+fp/hard/libc_nano.a(lib_a-abort.o)
 .ARM.attributes
                0x0000000000000ef2       0x34 /opt/homebrew/Cellar/arm-none-eabi-gcc/10.3-2021.07/gcc/bin/../lib/gcc/arm-none-eabi/10.3.1/../../../../arm-none-eabi/lib/thumb/v7e-m+fp/hard/libc_nano.a(lib_a-fflush.o)
 .ARM.attributes
                0x0000000000000f26       0x34 /opt/homebrew/Cellar/arm-none-eabi-gcc/10.3-2021.07/gcc/bin/../lib/gcc/arm-none-eabi/10.3.1/../../../../arm-none-eabi/lib/thumb/v7e-m+fp/hard/libc_nano.a(lib_a-findfp.o)
 .ARM.attributes
                0x0000000000000f5a       0x34 /opt/homebrew/Cellar/arm-none-eabi-gcc/10.3-2021.07/gcc/bin/../lib/gcc/arm-none-eabi/10.3.1/../../../../arm-none-eabi/lib/thumb/v7e-m+fp/hard/libc_nano.a(lib_a-fwalk.o)
 .ARM.attributes
                0x0000000000000f8e       0x34 /opt/homebrew/Cellar/arm-none-eabi-gcc/10.3-2021.07/gcc/bin/../lib/gcc/arm-none-eabi/10.3.1/../../../../arm-none-eabi/lib/thumb/v7e-m+fp/hard/libc_nano.a(lib_a-lock.o)
 .ARM.attributes
                0x0000000000000fc2       0x34 /opt/homebrew/Cellar/arm-none-eabi-gcc/10.3-2021.07/gcc/bin/../lib/gcc/arm-none-eabi/10.3.1/../../../../arm-none-eabi/lib/thumb/v7e-m+fp/hard/libc_nano.a(lib_a-makebuf.o)
 .ARM.attributes
                0x0000000000000ff6       0x1c /opt/homebrew/Cellar/arm-none-eabi-gcc/10.3-2021.07/gcc/bin/../lib/gcc/arm-none-eabi/10.3.1/../../../../arm-none-eabi/lib/thumb/v7e-m+fp/hard/libc_nano.a(lib_a-memchr.o)
 .ARM.attributes
                0x0000000000001012       0x34 /opt/homebrew/Cellar/arm-none-eabi-gcc/10.3-2021.07/gcc/bin/../lib/gcc/arm-none-eabi/10.3.1/../../../../arm-none-eabi/lib/thumb/v7e-m+fp/hard/libc_nano.a(lib_a-memmove.o)
 .ARM.attributes
                0x0000000000001046       0x34 /opt/homebrew/Cellar/arm-none-eabi-gcc/10.3-2021.07/gcc/bin/../lib/gcc/arm-none-eabi/10.3.1/../../../../arm-none-eabi/lib/thumb/v7e-m+fp/hard/libc_nano.a(lib_a-nano-reallocr.o)
 .ARM.attributes
                0x000000000000107a       0x34 /opt/homebrew/Cellar/arm-none-eabi-gcc/10.3-2021.07/gcc/bin/../lib/gcc/arm-none-eabi/10.3.1/../../../../arm-none-eabi/lib/thumb/v7e-m+fp/hard/libc_nano.a(lib_a-signal.o)
 .ARM.attributes
                0x00000000000010ae       0x34 /opt/homebrew/Cellar/arm-none-eabi-gcc/10.3-2021.07/gcc/bin/../lib/gcc/arm-none-eabi/10.3.1/../../../../arm-none-eabi/lib/thumb/v7e-m+fp/hard/libc_nano.a(lib_a-signalr.o)
 .ARM.attributes
                0x00000000000010e2       0x34 /opt/homebrew/Cellar/arm-none-eabi-gcc/10.3-2021.07/gcc/bin/../lib/gcc/arm-none-eabi/10.3.1/../../../../arm-none-eabi/lib/thumb/v7e-m+fp/hard/libc_nano.a(lib_a-fstatr.o)
 .ARM.attributes
                0x0000000000001116       0x34 /opt/homebrew/Cellar/arm-none-eabi-gcc/10.3-2021.07/gcc/bin/../lib/gcc/arm-none-eabi/10.3.1/../../../../arm-none-eabi/lib/thumb/v7e-m+fp/hard/libc_nano.a(lib_a-isattyr.o)
 .ARM.attributes
                0x000000000000114a       0x34 /opt/homebrew/Cellar/arm-none-eabi-gcc/10.3-2021.07/gcc/bin/../lib/gcc/arm-none-eabi/10.3.1/../../../../arm-none-eabi/lib/thumb/v7e-m+fp/hard/libc_nano.a(lib_a-nano-msizer.o)
 .ARM.attributes
                0x000000000000117e       0x34 /opt/homebrew/Cellar/arm-none-eabi-gcc/10.3-2021.07/gcc/bin/../lib/gcc/arm-none-eabi/10.3.1/../../../../arm-none-eabi/lib/thumb/v7e-m+fp/hard/libnosys.a(sbrk.o)
 .ARM.attributes
                0x00000000000011b2       0x1e /opt/homebrew/Cellar/arm-none-eabi-gcc/10.3-2021.07/gcc/bin/../lib/gcc/arm-none-eabi/10.3.1/thumb/v7e-m+fp/hard/crtn.o
OUTPUT(build/SuperSecretProject.elf elf32-littlearm)
LOAD linker stubs
LOAD /opt/homebrew/Cellar/arm-none-eabi-gcc/10.3-2021.07/gcc/bin/../lib/gcc/arm-none-eabi/10.3.1/../../../../arm-none-eabi/lib/thumb/v7e-m+fp/hard/libc.a
LOAD /opt/homebrew/Cellar/arm-none-eabi-gcc/10.3-2021.07/gcc/bin/../lib/gcc/arm-none-eabi/10.3.1/../../../../arm-none-eabi/lib/thumb/v7e-m+fp/hard/libm.a
LOAD /opt/homebrew/Cellar/arm-none-eabi-gcc/10.3-2021.07/gcc/bin/../lib/gcc/arm-none-eabi/10.3.1/thumb/v7e-m+fp/hard/libgcc.a

.debug_info     0x0000000000000000    0x19572
 .debug_info    0x0000000000000000      0x7da build/data_transfer.o
 .debug_info    0x00000000000007da      0xd6d build/dma.o
 .debug_info    0x0000000000001547      0x5c5 build/dwt_system.o
 .debug_info    0x0000000000001b0c     0x3900 build/esp32.o
 .debug_info    0x000000000000540c      0x8dd build/ft6206.o
 .debug_info    0x0000000000005ce9     0x1051 build/gpio.o
 .debug_info    0x0000000000006d3a     0x134e build/graphics.o
 .debug_info    0x0000000000008088     0x156e build/i2c.o
 .debug_info    0x00000000000095f6     0x1445 build/ili9341.o
 .debug_info    0x000000000000aa3b     0x1662 build/main.o
 .debug_info    0x000000000000c09d     0x1010 build/spi.o
 .debug_info    0x000000000000d0ad      0x199 build/stm32l4xx_it.o
 .debug_info    0x000000000000d246      0x7af build/syscalls.o
 .debug_info    0x000000000000d9f5      0x5ee build/system_stm32l4xx.o
 .debug_info    0x000000000000dfe3     0x2809 build/usart.o
 .debug_info    0x00000000000107ec      0x51a build/utilities.o
 .debug_info    0x0000000000010d06      0xa57 build/stm32l4xx_hal.o
 .debug_info    0x000000000001175d     0x1020 build/stm32l4xx_hal_cortex.o
 .debug_info    0x000000000001277d      0x893 build/stm32l4xx_ll_exti.o
 .debug_info    0x0000000000013010      0xd15 build/stm32l4xx_ll_gpio.o
 .debug_info    0x0000000000013d25      0x891 build/stm32l4xx_ll_i2c.o
 .debug_info    0x00000000000145b6     0x1f57 build/stm32l4xx_ll_rcc.o
 .debug_info    0x000000000001650d      0x6dc build/stm32l4xx_ll_spi.o
 .debug_info    0x0000000000016be9      0x995 build/stm32l4xx_ll_usart.o
 .debug_info    0x000000000001757e     0x106a build/stm32l4xx_ll_utils.o
 .debug_info    0x00000000000185e8      0xf68 build/lwrb.o
 .debug_info    0x0000000000019550       0x22 build/startup_stm32l432xx.o

.debug_abbrev   0x0000000000000000     0x3d21
 .debug_abbrev  0x0000000000000000      0x1d5 build/data_transfer.o
 .debug_abbrev  0x00000000000001d5      0x1e5 build/dma.o
 .debug_abbrev  0x00000000000003ba      0x22a build/dwt_system.o
 .debug_abbrev  0x00000000000005e4      0x357 build/esp32.o
 .debug_abbrev  0x000000000000093b      0x252 build/ft6206.o
 .debug_abbrev  0x0000000000000b8d      0x2da build/gpio.o
 .debug_abbrev  0x0000000000000e67      0x1ef build/graphics.o
 .debug_abbrev  0x0000000000001056      0x334 build/i2c.o
 .debug_abbrev  0x000000000000138a      0x28f build/ili9341.o
 .debug_abbrev  0x0000000000001619      0x338 build/main.o
 .debug_abbrev  0x0000000000001951      0x285 build/spi.o
 .debug_abbrev  0x0000000000001bd6       0xa6 build/stm32l4xx_it.o
 .debug_abbrev  0x0000000000001c7c      0x1a3 build/syscalls.o
 .debug_abbrev  0x0000000000001e1f      0x119 build/system_stm32l4xx.o
 .debug_abbrev  0x0000000000001f38      0x452 build/usart.o
 .debug_abbrev  0x000000000000238a      0x163 build/utilities.o
 .debug_abbrev  0x00000000000024ed      0x219 build/stm32l4xx_hal.o
 .debug_abbrev  0x0000000000002706      0x36a build/stm32l4xx_hal_cortex.o
 .debug_abbrev  0x0000000000002a70      0x1d7 build/stm32l4xx_ll_exti.o
 .debug_abbrev  0x0000000000002c47      0x2a5 build/stm32l4xx_ll_gpio.o
 .debug_abbrev  0x0000000000002eec      0x1d8 build/stm32l4xx_ll_i2c.o
 .debug_abbrev  0x00000000000030c4      0x287 build/stm32l4xx_ll_rcc.o
 .debug_abbrev  0x000000000000334b      0x1dd build/stm32l4xx_ll_spi.o
 .debug_abbrev  0x0000000000003528      0x2ae build/stm32l4xx_ll_usart.o
 .debug_abbrev  0x00000000000037d6      0x2bc build/stm32l4xx_ll_utils.o
 .debug_abbrev  0x0000000000003a92      0x27d build/lwrb.o
 .debug_abbrev  0x0000000000003d0f       0x12 build/startup_stm32l432xx.o

.debug_loc      0x0000000000000000     0xa9fb
 .debug_loc     0x0000000000000000      0x10f build/data_transfer.o
 .debug_loc     0x000000000000010f      0x226 build/dma.o
 .debug_loc     0x0000000000000335      0x1b3 build/dwt_system.o
 .debug_loc     0x00000000000004e8     0x1841 build/esp32.o
 .debug_loc     0x0000000000001d29       0x44 build/ft6206.o
 .debug_loc     0x0000000000001d6d      0x36b build/gpio.o
 .debug_loc     0x00000000000020d8     0x10e3 build/graphics.o
 .debug_loc     0x00000000000031bb      0x5ac build/i2c.o
 .debug_loc     0x0000000000003767      0x9df build/ili9341.o
 .debug_loc     0x0000000000004146      0x187 build/main.o
 .debug_loc     0x00000000000042cd      0x748 build/spi.o
 .debug_loc     0x0000000000004a15      0x3c5 build/syscalls.o
 .debug_loc     0x0000000000004dda      0x127 build/system_stm32l4xx.o